Archive member included to satisfy reference by file (symbol)

D:/STM32CubeIDE_1.13.1/STM32CubeIDE/plugins/com.st.stm32cube.ide.mcu.externaltools.gnu-tools-for-stm32.11.3.rel1.win32_1.1.0.202305231506/tools/bin/../lib/gcc/arm-none-eabi/11.3.1/../../../../arm-none-eabi/lib/thumb/v7-m/nofp\libc_nano.a(libc_a-exit.o)
                              D:/STM32CubeIDE_1.13.1/STM32CubeIDE/plugins/com.st.stm32cube.ide.mcu.externaltools.gnu-tools-for-stm32.11.3.rel1.win32_1.1.0.202305231506/tools/bin/../lib/gcc/arm-none-eabi/11.3.1/../../../../arm-none-eabi/lib/thumb/v7-m/nofp/crt0.o (exit)
D:/STM32CubeIDE_1.13.1/STM32CubeIDE/plugins/com.st.stm32cube.ide.mcu.externaltools.gnu-tools-for-stm32.11.3.rel1.win32_1.1.0.202305231506/tools/bin/../lib/gcc/arm-none-eabi/11.3.1/../../../../arm-none-eabi/lib/thumb/v7-m/nofp\libc_nano.a(libc_a-findfp.o)
                              D:/STM32CubeIDE_1.13.1/STM32CubeIDE/plugins/com.st.stm32cube.ide.mcu.externaltools.gnu-tools-for-stm32.11.3.rel1.win32_1.1.0.202305231506/tools/bin/../lib/gcc/arm-none-eabi/11.3.1/../../../../arm-none-eabi/lib/thumb/v7-m/nofp\libc_nano.a(libc_a-exit.o) (__stdio_exit_handler)
D:/STM32CubeIDE_1.13.1/STM32CubeIDE/plugins/com.st.stm32cube.ide.mcu.externaltools.gnu-tools-for-stm32.11.3.rel1.win32_1.1.0.202305231506/tools/bin/../lib/gcc/arm-none-eabi/11.3.1/../../../../arm-none-eabi/lib/thumb/v7-m/nofp\libc_nano.a(libc_a-fwalk.o)
                              D:/STM32CubeIDE_1.13.1/STM32CubeIDE/plugins/com.st.stm32cube.ide.mcu.externaltools.gnu-tools-for-stm32.11.3.rel1.win32_1.1.0.202305231506/tools/bin/../lib/gcc/arm-none-eabi/11.3.1/../../../../arm-none-eabi/lib/thumb/v7-m/nofp\libc_nano.a(libc_a-findfp.o) (_fwalk_sglue)
D:/STM32CubeIDE_1.13.1/STM32CubeIDE/plugins/com.st.stm32cube.ide.mcu.externaltools.gnu-tools-for-stm32.11.3.rel1.win32_1.1.0.202305231506/tools/bin/../lib/gcc/arm-none-eabi/11.3.1/../../../../arm-none-eabi/lib/thumb/v7-m/nofp\libc_nano.a(libc_a-printf.o)
                              ./Core/Src/ft5206.o (printf)
D:/STM32CubeIDE_1.13.1/STM32CubeIDE/plugins/com.st.stm32cube.ide.mcu.externaltools.gnu-tools-for-stm32.11.3.rel1.win32_1.1.0.202305231506/tools/bin/../lib/gcc/arm-none-eabi/11.3.1/../../../../arm-none-eabi/lib/thumb/v7-m/nofp\libc_nano.a(libc_a-sprintf.o)
                              ./Core/Src/main.o (sprintf)
D:/STM32CubeIDE_1.13.1/STM32CubeIDE/plugins/com.st.stm32cube.ide.mcu.externaltools.gnu-tools-for-stm32.11.3.rel1.win32_1.1.0.202305231506/tools/bin/../lib/gcc/arm-none-eabi/11.3.1/../../../../arm-none-eabi/lib/thumb/v7-m/nofp\libc_nano.a(libc_a-stdio.o)
                              D:/STM32CubeIDE_1.13.1/STM32CubeIDE/plugins/com.st.stm32cube.ide.mcu.externaltools.gnu-tools-for-stm32.11.3.rel1.win32_1.1.0.202305231506/tools/bin/../lib/gcc/arm-none-eabi/11.3.1/../../../../arm-none-eabi/lib/thumb/v7-m/nofp\libc_nano.a(libc_a-findfp.o) (__sread)
D:/STM32CubeIDE_1.13.1/STM32CubeIDE/plugins/com.st.stm32cube.ide.mcu.externaltools.gnu-tools-for-stm32.11.3.rel1.win32_1.1.0.202305231506/tools/bin/../lib/gcc/arm-none-eabi/11.3.1/../../../../arm-none-eabi/lib/thumb/v7-m/nofp\libc_nano.a(libc_a-memset.o)
                              D:/STM32CubeIDE_1.13.1/STM32CubeIDE/plugins/com.st.stm32cube.ide.mcu.externaltools.gnu-tools-for-stm32.11.3.rel1.win32_1.1.0.202305231506/tools/bin/../lib/gcc/arm-none-eabi/11.3.1/../../../../arm-none-eabi/lib/thumb/v7-m/nofp/crt0.o (memset)
D:/STM32CubeIDE_1.13.1/STM32CubeIDE/plugins/com.st.stm32cube.ide.mcu.externaltools.gnu-tools-for-stm32.11.3.rel1.win32_1.1.0.202305231506/tools/bin/../lib/gcc/arm-none-eabi/11.3.1/../../../../arm-none-eabi/lib/thumb/v7-m/nofp\libc_nano.a(libc_a-closer.o)
                              D:/STM32CubeIDE_1.13.1/STM32CubeIDE/plugins/com.st.stm32cube.ide.mcu.externaltools.gnu-tools-for-stm32.11.3.rel1.win32_1.1.0.202305231506/tools/bin/../lib/gcc/arm-none-eabi/11.3.1/../../../../arm-none-eabi/lib/thumb/v7-m/nofp\libc_nano.a(libc_a-stdio.o) (_close_r)
D:/STM32CubeIDE_1.13.1/STM32CubeIDE/plugins/com.st.stm32cube.ide.mcu.externaltools.gnu-tools-for-stm32.11.3.rel1.win32_1.1.0.202305231506/tools/bin/../lib/gcc/arm-none-eabi/11.3.1/../../../../arm-none-eabi/lib/thumb/v7-m/nofp\libc_nano.a(libc_a-reent.o)
                              D:/STM32CubeIDE_1.13.1/STM32CubeIDE/plugins/com.st.stm32cube.ide.mcu.externaltools.gnu-tools-for-stm32.11.3.rel1.win32_1.1.0.202305231506/tools/bin/../lib/gcc/arm-none-eabi/11.3.1/../../../../arm-none-eabi/lib/thumb/v7-m/nofp\libc_nano.a(libc_a-closer.o) (errno)
D:/STM32CubeIDE_1.13.1/STM32CubeIDE/plugins/com.st.stm32cube.ide.mcu.externaltools.gnu-tools-for-stm32.11.3.rel1.win32_1.1.0.202305231506/tools/bin/../lib/gcc/arm-none-eabi/11.3.1/../../../../arm-none-eabi/lib/thumb/v7-m/nofp\libc_nano.a(libc_a-impure.o)
[...]
Memory Configuration

Name             Origin             Length             Attributes
RAM              0x0000000020000000 0x000000000000c000 xrw
FLASH            0x0000000008000000 0x0000000000040000 xr
*default*        0x0000000000000000 0xffffffffffffffff

Linker script and memory map

LOAD D:/STM32CubeIDE_1.13.1/STM32CubeIDE/plugins/com.st.stm32cube.ide.mcu.externaltools.gnu-tools-for-stm32.11.3.rel1.win32_1.1.0.202305231506/tools/bin/../lib/gcc/arm-none-eabi/11.3.1/thumb/v7-m/nofp/crti.o
LOAD D:/STM32CubeIDE_1.13.1/STM32CubeIDE/plugins/com.st.stm32cube.ide.mcu.externaltools.gnu-tools-for-stm32.11.3.rel1.win32_1.1.0.202305231506/tools/bin/../lib/gcc/arm-none-eabi/11.3.1/thumb/v7-m/nofp/crtbegin.o
LOAD D:/STM32CubeIDE_1.13.1/STM32CubeIDE/plugins/com.st.stm32cube.ide.mcu.externaltools.gnu-tools-for-stm32.11.3.rel1.win32_1.1.0.202305231506/tools/bin/../lib/gcc/arm-none-eabi/11.3.1/../../../../arm-none-eabi/lib/thumb/v7-m/nofp/crt0.o
LOAD ./Core/Src/24cxx.o
LOAD ./Core/Src/24l01.o
LOAD ./Core/Src/ctiic.o
LOAD ./Core/Src/delay.o
LOAD ./Core/Src/ft5206.o
LOAD ./Core/Src/gt9147.o
LOAD ./Core/Src/key.o
LOAD ./Core/Src/lcd.o
LOAD ./Core/Src/led.o
LOAD ./Core/Src/main.o
LOAD ./Core/Src/myiic.o
LOAD ./Core/Src/ott2001a.o
LOAD ./Core/Src/spi.o
LOAD ./Core/Src/stm32f1xx_hal_msp.o
LOAD ./Core/Src/stm32f1xx_it.o
LOAD ./Core/Src/sys.o
LOAD ./Core/Src/syscalls.o
LOAD ./Core/Src/sysmem.o
LOAD ./Core/Src/system_stm32f1xx.o
LOAD ./Core/Src/touch.o
LOAD ./Core/Startup/startup_stm32f103rctx.o
LOAD ./Drivers/STM32F1xx_HAL_Driver/Src/stm32f1xx_hal.o
LOAD ./Drivers/STM32F1xx_HAL_Driver/Src/stm32f1xx_hal_cortex.o
LOAD ./Drivers/STM32F1xx_HAL_Driver/Src/stm32f1xx_hal_dma.o
LOAD ./Drivers/STM32F1xx_HAL_Driver/Src/stm32f1xx_hal_exti.o
LOAD ./Drivers/STM32F1xx_HAL_Driver/Src/stm32f1xx_hal_flash.o
LOAD ./Drivers/STM32F1xx_HAL_Driver/Src/stm32f1xx_hal_flash_ex.o
LOAD ./Drivers/STM32F1xx_HAL_Driver/Src/stm32f1xx_hal_gpio.o
LOAD ./Drivers/STM32F1xx_HAL_Driver/Src/stm32f1xx_hal_gpio_ex.o
LOAD ./Drivers/STM32F1xx_HAL_Driver/Src/stm32f1xx_hal_pwr.o
LOAD ./Drivers/STM32F1xx_HAL_Driver/Src/stm32f1xx_hal_rcc.o
LOAD ./Drivers/STM32F1xx_HAL_Driver/Src/stm32f1xx_hal_rcc_ex.o
LOAD ./Drivers/STM32F1xx_HAL_Driver/Src/stm32f1xx_hal_rtc.o
LOAD ./Drivers/STM32F1xx_HAL_Driver/Src/stm32f1xx_hal_rtc_ex.o
LOAD ./Drivers/STM32F1xx_HAL_Driver/Src/stm32f1xx_hal_spi.o
LOAD ./Drivers/STM32F1xx_HAL_Driver/Src/stm32f1xx_hal_tim.o
LOAD ./Drivers/STM32F1xx_HAL_Driver/Src/stm32f1xx_hal_tim_ex.o
LOAD ./Drivers/STM32F1xx_HAL_Driver/Src/stm32f1xx_hal_uart.o
START GROUP
LOAD D:/STM32CubeIDE_1.13.1/STM32CubeIDE/plugins/com.st.stm32cube.ide.mcu.externaltools.gnu-tools-for-stm32.11.3.rel1.win32_1.1.0.202305231506/tools/bin/../lib/gcc/arm-none-eabi/11.3.1/../../../../arm-none-eabi/lib/thumb/v7-m/nofp\libc_nano.a
LOAD D:/STM32CubeIDE_1.13.1/STM32CubeIDE/plugins/com.st.stm32cube.ide.mcu.externaltools.gnu-tools-for-stm32.11.3.rel1.win32_1.1.0.202305231506/tools/bin/../lib/gcc/arm-none-eabi/11.3.1/../../../../arm-none-eabi/lib/thumb/v7-m/nofp\libm.a
END GROUP
START GROUP
LOAD D:/STM32CubeIDE_1.13.1/STM32CubeIDE/plugins/com.st.stm32cube.ide.mcu.externaltools.gnu-tools-for-stm32.11.3.rel1.win32_1.1.0.202305231506/tools/bin/../lib/gcc/arm-none-eabi/11.3.1/thumb/v7-m/nofp\libgcc.a
LOAD D:/STM32CubeIDE_1.13.1/STM32CubeIDE/plugins/com.st.stm32cube.ide.mcu.externaltools.gnu-tools-for-stm32.11.3.rel1.win32_1.1.0.202305231506/tools/bin/../lib/gcc/arm-none-eabi/11.3.1/../../../../arm-none-eabi/lib/thumb/v7-m/nofp\libc_nano.a
END GROUP
START GROUP
LOAD D:/STM32CubeIDE_1.13.1/STM32CubeIDE/plugins/com.st.stm32cube.ide.mcu.externaltools.gnu-tools-for-stm32.11.3.rel1.win32_1.1.0.202305231506/tools/bin/../lib/gcc/arm-none-eabi/11.3.1/thumb/v7-m/nofp\libgcc.a
LOAD D:/STM32CubeIDE_1.13.1/STM32CubeIDE/plugins/com.st.stm32cube.ide.mcu.externaltools.gnu-tools-for-stm32.11.3.rel1.win32_1.1.0.202305231506/tools/bin/../lib/gcc/arm-none-eabi/11.3.1/../../../../arm-none-eabi/lib/thumb/v7-m/nofp\libc_nano.a
LOAD D:/STM32CubeIDE_1.13.1/STM32CubeIDE/plugins/com.st.stm32cube.ide.mcu.externaltools.gnu-tools-for-stm32.11.3.rel1.win32_1.1.0.202305231506/tools/bin/../lib/gcc/arm-none-eabi/11.3.1/../../../../arm-none-eabi/lib/thumb/v7-m/nofp\libnosys.a
END GROUP
START GROUP
LOAD D:/STM32CubeIDE_1.13.1/STM32CubeIDE/plugins/com.st.stm32cube.ide.mcu.externaltools.gnu-tools-for-stm32.11.3.rel1.win32_1.1.0.202305231506/tools/bin/../lib/gcc/arm-none-eabi/11.3.1/thumb/v7-m/nofp\libgcc.a
LOAD D:/STM32CubeIDE_1.13.1/STM32CubeIDE/plugins/com.st.stm32cube.ide.mcu.externaltools.gnu-tools-for-stm32.11.3.rel1.win32_1.1.0.202305231506/tools/bin/../lib/gcc/arm-none-eabi/11.3.1/../../../../arm-none-eabi/lib/thumb/v7-m/nofp\libc_nano.a
LOAD D:/STM32CubeIDE_1.13.1/STM32CubeIDE/plugins/com.st.stm32cube.ide.mcu.externaltools.gnu-tools-for-stm32.11.3.rel1.win32_1.1.0.202305231506/tools/bin/../lib/gcc/arm-none-eabi/11.3.1/../../../../arm-none-eabi/lib/thumb/v7-m/nofp\libnosys.a
END GROUP
LOAD D:/STM32CubeIDE_1.13.1/STM32CubeIDE/plugins/com.st.stm32cube.ide.mcu.externaltools.gnu-tools-for-stm32.11.3.rel1.win32_1.1.0.202305231506/tools/bin/../lib/gcc/arm-none-eabi/11.3.1/thumb/v7-m/nofp/crtend.o
LOAD D:/STM32CubeIDE_1.13.1/STM32CubeIDE/plugins/com.st.stm32cube.ide.mcu.externaltools.gnu-tools-for-stm32.11.3.rel1.win32_1.1.0.202305231506/tools/bin/../lib/gcc/arm-none-eabi/11.3.1/thumb/v7-m/nofp/crtn.o
                0x000000002000c000                _estack = (ORIGIN (RAM) + LENGTH (RAM))
                0x0000000000000200                _Min_Heap_Size = 0x200
                0x0000000000000400                _Min_Stack_Size = 0x400

.isr_vector     0x0000000008000000      0x1e4
                0x0000000008000000                . = ALIGN (0x4)
 *(.isr_vector)
 .isr_vector    0x0000000008000000      0x1e4 ./Core/Startup/startup_stm32f103rctx.o
                0x0000000008000000                g_pfnVectors
                0x00000000080001e4                . = ALIGN (0x4)

.text           0x00000000080001e8     0xd29c
                0x00000000080001e8                . = ALIGN (0x4)
 *(.text)
 .text          0x00000000080001e8       0x40 D:/STM32CubeIDE_1.13.1/STM32CubeIDE/plugins/com.st.stm32cube.ide.mcu.externaltools.gnu-tools-for-stm32.11.3.rel1.win32_1.1.0.202305231506/tools/bin/../lib/gcc/arm-none-eabi/11.3.1/thumb/v7-m/nofp/crtbegin.o
 .text          0x0000000008000228       0x14 D:/STM32CubeIDE_1.13.1/STM32CubeIDE/plugins/com.st.stm32cube.ide.mcu.externaltools.gnu-tools-for-stm32.11.3.rel1.win32_1.1.0.202305231506/tools/bin/../lib/gcc/arm-none-eabi/11.3.1/../../../../arm-none-eabi/lib/thumb/v7-m/nofp\libc_nano.a(libc_a-strcmp.o)
                0x0000000008000228                strcmp
 .text          0x000000000800023c      0x378 D:/STM32CubeIDE_1.13.1/STM32CubeIDE/plugins/com.st.stm32cube.ide.mcu.externaltools.gnu-tools-for-stm32.11.3.rel1.win32_1.1.0.202305231506/tools/bin/../lib/gcc/arm-none-eabi/11.3.1/thumb/v7-m/nofp\libgcc.a(_arm_addsubdf3.o)
                0x000000000800023c                __aeabi_drsub
                0x0000000008000244                __aeabi_dsub
                0x0000000008000244                __subdf3
                0x0000000008000248                __aeabi_dadd
                0x0000000008000248                __adddf3
                0x00000000080004c0                __floatunsidf
                0x00000000080004c0                __aeabi_ui2d
                0x00000000080004e0                __floatsidf
                0x00000000080004e0                __aeabi_i2d
                0x0000000008000504                __aeabi_f2d
                0x0000000008000504                __extendsfdf2
                0x0000000008000548                __floatundidf
                0x0000000008000548                __aeabi_ul2d
                0x0000000008000558                __floatdidf
                0x0000000008000558                __aeabi_l2d
 .text          0x00000000080005b4      0x424 D:/STM32CubeIDE_1.13.1/STM32CubeIDE/plugins/com.st.stm32cube.ide.mcu.externaltools.gnu-tools-for-stm32.11.3.rel1.win32_1.1.0.202305231506/tools/bin/../lib/gcc/arm-none-eabi/11.3.1/thumb/v7-m/nofp\libgcc.a(_arm_muldivdf3.o)
                0x00000000080005b4                __aeabi_dmul
                0x00000000080005b4                __muldf3
                0x0000000008000808                __divdf3
                0x0000000008000808                __aeabi_ddiv
 .text          0x00000000080009d8      0x110 D:/STM32CubeIDE_1.13.1/STM32CubeIDE/plugins/com.st.stm32cube.ide.mcu.externaltools.gnu-tools-for-stm32.11.3.rel1.win32_1.1.0.202305231506/tools/bin/../lib/gcc/arm-none-eabi/11.3.1/thumb/v7-m/nofp\libgcc.a(_arm_cmpdf2.o)
                0x00000000080009d8                __gtdf2
                0x00000000080009d8                __gedf2
                0x00000000080009e0                __ltdf2
                0x00000000080009e0                __ledf2
                0x00000000080009e8                __nedf2
                0x00000000080009e8                __eqdf2
                0x00000000080009e8                __cmpdf2
                0x0000000008000a64                __aeabi_cdrcmple
                0x0000000008000a74                __aeabi_cdcmpeq
                0x0000000008000a74                __aeabi_cdcmple
                0x0000000008000a84                __aeabi_dcmpeq
                0x0000000008000a98                __aeabi_dcmplt
                0x0000000008000aac                __aeabi_dcmple
                0x0000000008000ac0                __aeabi_dcmpge
                0x0000000008000ad4                __aeabi_dcmpgt
 .text          0x0000000008000ae8       0x2c D:/STM32CubeIDE_1.13.1/STM32CubeIDE/plugins/com.st.stm32cube.ide.mcu.externaltools.gnu-tools-for-stm32.11.3.rel1.win32_1.1.0.202305231506/tools/bin/../lib/gcc/arm-none-eabi/11.3.1/thumb/v7-m/nofp\libgcc.a(_arm_unorddf2.o)
                0x0000000008000ae8                __unorddf2
                0x0000000008000ae8                __aeabi_dcmpun
 .text          0x0000000008000b14       0x40 D:/STM32CubeIDE_1.13.1/STM32CubeIDE/plugins/com.st.stm32cube.ide.mcu.externaltools.gnu-tools-for-stm32.11.3.rel1.win32_1.1.0.202305231506/tools/bin/../lib/gcc/arm-none-eabi/11.3.1/thumb/v7-m/nofp\libgcc.a(_arm_fixunsdfsi.o)
                0x0000000008000b14                __aeabi_d2uiz
                0x0000000008000b14                __fixunsdfsi
 .text          0x0000000008000b54      0x21c D:/STM32CubeIDE_1.13.1/STM32CubeIDE/plugins/com.st.stm32cube.ide.mcu.externaltools.gnu-tools-for-stm32.11.3.rel1.win32_1.1.0.202305231506/tools/bin/../lib/gcc/arm-none-eabi/11.3.1/thumb/v7-m/nofp\libgcc.a(_arm_addsubsf3.o)
                0x0000000008000b54                __aeabi_frsub
                0x0000000008000b5c                __subsf3
                0x0000000008000b5c                __aeabi_fsub
                0x0000000008000b60                __aeabi_fadd
                0x0000000008000b60                __addsf3
                0x0000000008000cc0                __aeabi_ui2f
                0x0000000008000cc0                __floatunsisf
                0x0000000008000cc8                __aeabi_i2f
                0x0000000008000cc8                __floatsisf
                0x0000000008000ce4                __aeabi_ul2f
                0x0000000008000ce4                __floatundisf
                0x0000000008000cf4                __aeabi_l2f
                0x0000000008000cf4                __floatdisf
 .text          0x0000000008000d70      0x2a0 D:/STM32CubeIDE_1.13.1/STM32CubeIDE/plugins/com.st.stm32cube.ide.mcu.externaltools.gnu-tools-for-stm32.11.3.rel1.win32_1.1.0.202305231506/tools/bin/../lib/gcc/arm-none-eabi/11.3.1/thumb/v7-m/nofp\libgcc.a(_arm_muldivsf3.o)
                0x0000000008000d70                __mulsf3
                0x0000000008000d70                __aeabi_fmul
                0x0000000008000ed8                __aeabi_fdiv
                0x0000000008000ed8                __divsf3
 .text          0x0000000008001010       0x4c D:/STM32CubeIDE_1.13.1/STM32CubeIDE/plugins/com.st.stm32cube.ide.mcu.externaltools.gnu-tools-for-stm32.11.3.rel1.win32_1.1.0.202305231506/tools/bin/../lib/gcc/arm-none-eabi/11.3.1/thumb/v7-m/nofp\libgcc.a(_arm_fixsfsi.o)
                0x0000000008001010                __aeabi_f2iz
                0x0000000008001010                __fixsfsi
 .text          0x000000000800105c       0x40 D:/STM32CubeIDE_1.13.1/STM32CubeIDE/plugins/com.st.stm32cube.ide.mcu.externaltools.gnu-tools-for-stm32.11.3.rel1.win32_1.1.0.202305231506/tools/bin/../lib/gcc/arm-none-eabi/11.3.1/thumb/v7-m/nofp\libgcc.a(_arm_fixunssfsi.o)
                0x000000000800105c                __fixunssfsi
                0x000000000800105c                __aeabi_f2uiz
 *(.text*)
 .text.AT24CXX_Init
                0x000000000800109c        0xc ./Core/Src/24cxx.o
                0x000000000800109c                AT24CXX_Init
 .text.AT24CXX_ReadOneByte
                0x00000000080010a8       0x60 ./Core/Src/24cxx.o
                0x00000000080010a8                AT24CXX_ReadOneByte
 .text.AT24CXX_WriteOneByte
                0x0000000008001108       0x5a ./Core/Src/24cxx.o
                0x0000000008001108                AT24CXX_WriteOneByte
 .text.AT24CXX_Read
                0x0000000008001162       0x3e ./Core/Src/24cxx.o
                0x0000000008001162                AT24CXX_Read
 .text.AT24CXX_Write
                0x00000000080011a0       0x40 ./Core/Src/24cxx.o
                0x00000000080011a0                AT24CXX_Write
 .text.CT_Delay
                0x00000000080011e0        0xe ./Core/Src/ctiic.o
                0x00000000080011e0                CT_Delay
 *fill*         0x00000000080011ee        0x2 
 .text.CT_IIC_Init
                0x00000000080011f0       0x60 ./Core/Src/ctiic.o
                0x00000000080011f0                CT_IIC_Init
 .text.CT_IIC_Start
                0x0000000008001250       0x50 ./Core/Src/ctiic.o
                0x0000000008001250                CT_IIC_Start
 .text.CT_IIC_Stop
                0x00000000080012a0       0x48 ./Core/Src/ctiic.o
                0x00000000080012a0                CT_IIC_Stop
 .text.CT_IIC_Wait_Ack
                0x00000000080012e8       0x74 ./Core/Src/ctiic.o
                0x00000000080012e8                CT_IIC_Wait_Ack
 .text.CT_IIC_Ack
                0x000000000800135c       0x50 ./Core/Src/ctiic.o
                0x000000000800135c                CT_IIC_Ack
 .text.CT_IIC_NAck
                0x00000000080013ac       0x50 ./Core/Src/ctiic.o
                0x00000000080013ac                CT_IIC_NAck
 .text.CT_IIC_Send_Byte
                0x00000000080013fc       0x78 ./Core/Src/ctiic.o
                0x00000000080013fc                CT_IIC_Send_Byte
 .text.CT_IIC_Read_Byte
                0x0000000008001474       0x88 ./Core/Src/ctiic.o
                0x0000000008001474                CT_IIC_Read_Byte
 .text.delay_init
                0x00000000080014fc       0x24 ./Core/Src/delay.o
                0x00000000080014fc                delay_init
 .text.delay_us
                0x0000000008001520       0x7c ./Core/Src/delay.o
                0x0000000008001520                delay_us
 .text.delay_ms
                0x000000000800159c       0x30 ./Core/Src/delay.o
                0x000000000800159c                delay_ms
 .text.FT5206_WR_Reg
                0x00000000080015cc       0x72 ./Core/Src/ft5206.o
                0x00000000080015cc                FT5206_WR_Reg
 .text.FT5206_RD_Reg
                0x000000000800163e       0x7c ./Core/Src/ft5206.o
                0x000000000800163e                FT5206_RD_Reg
 *fill*         0x00000000080016ba        0x2 
 .text.FT5206_Init
                0x00000000080016bc       0xf4 ./Core/Src/ft5206.o
                0x00000000080016bc                FT5206_Init
 .text.FT5206_Scan
                0x00000000080017b0      0x230 ./Core/Src/ft5206.o
                0x00000000080017b0                FT5206_Scan
 .text.GT9147_Send_Cfg
                0x00000000080019e0       0x68 ./Core/Src/gt9147.o
                0x00000000080019e0                GT9147_Send_Cfg
 .text.GT9147_WR_Reg
                0x0000000008001a48       0x84 ./Core/Src/gt9147.o
                0x0000000008001a48                GT9147_WR_Reg
 .text.GT9147_RD_Reg
                0x0000000008001acc       0x8e ./Core/Src/gt9147.o
                0x0000000008001acc                GT9147_RD_Reg
 *fill*         0x0000000008001b5a        0x2 
 .text.GT9147_Init
                0x0000000008001b5c      0x138 ./Core/Src/gt9147.o
                0x0000000008001b5c                GT9147_Init
 .text.GT9147_Scan
                0x0000000008001c94      0x274 ./Core/Src/gt9147.o
                0x0000000008001c94                GT9147_Scan
 .text.KEY_Init
                0x0000000008001f08       0x90 ./Core/Src/key.o
                0x0000000008001f08                KEY_Init
 .text.KEY_Scan
                0x0000000008001f98       0xdc ./Core/Src/key.o
                0x0000000008001f98                KEY_Scan
 .text.LCD_WR_REG
                0x0000000008002074       0x48 ./Core/Src/lcd.o
                0x0000000008002074                LCD_WR_REG
 .text.LCD_WR_DATAX
                0x00000000080020bc       0x48 ./Core/Src/lcd.o
                0x00000000080020bc                LCD_WR_DATAX
 .text.opt_delay
                0x0000000008002104       0x22 ./Core/Src/lcd.o
                0x0000000008002104                opt_delay
 *fill*         0x0000000008002126        0x2 
 .text.LCD_RD_DATA
                0x0000000008002128       0x78 ./Core/Src/lcd.o
                0x0000000008002128                LCD_RD_DATA
 .text.LCD_WriteReg
                0x00000000080021a0       0x54 ./Core/Src/lcd.o
                0x00000000080021a0                LCD_WriteReg
 .text.LCD_WriteRAM_Prepare
                0x00000000080021f4       0x18 ./Core/Src/lcd.o
                0x00000000080021f4                LCD_WriteRAM_Prepare
 .text.LCD_SetCursor
                0x000000000800220c      0x454 ./Core/Src/lcd.o
                0x000000000800220c                LCD_SetCursor
 .text.LCD_Scan_Dir
                0x0000000008002660      0x528 ./Core/Src/lcd.o
                0x0000000008002660                LCD_Scan_Dir
 .text.LCD_DrawPoint
                0x0000000008002b88       0x60 ./Core/Src/lcd.o
                0x0000000008002b88                LCD_DrawPoint
 .text.LCD_Fast_DrawPoint
                0x0000000008002be8      0x3f4 ./Core/Src/lcd.o
                0x0000000008002be8                LCD_Fast_DrawPoint
 *fill*         0x0000000008002fdc        0x4 
 .text.LCD_SSD_BackLightSet
                0x0000000008002fe0      0x148 ./Core/Src/lcd.o
                0x0000000008002fe0                LCD_SSD_BackLightSet
 .text.LCD_Display_Dir
                0x0000000008003128      0x170 ./Core/Src/lcd.o
                0x0000000008003128                LCD_Display_Dir
 .text.LCD_Init
                0x0000000008003298     0x2c24 ./Core/Src/lcd.o
                0x0000000008003298                LCD_Init
 .text.LCD_Clear
                0x0000000008005ebc       0x84 ./Core/Src/lcd.o
                0x0000000008005ebc                LCD_Clear
 .text.LCD_Fill
                0x0000000008005f40       0xa4 ./Core/Src/lcd.o
                0x0000000008005f40                LCD_Fill
 .text.LCD_DrawLine
                0x0000000008005fe4      0x108 ./Core/Src/lcd.o
                0x0000000008005fe4                LCD_DrawLine
 .text.LCD_Draw_Circle
                0x00000000080060ec      0x13a ./Core/Src/lcd.o
                0x00000000080060ec                LCD_Draw_Circle
 *fill*         0x0000000008006226        0x2 
 .text.LCD_ShowChar
                0x0000000008006228      0x15c ./Core/Src/lcd.o
                0x0000000008006228                LCD_ShowChar
 .text.LCD_Pow  0x0000000008006384       0x36 ./Core/Src/lcd.o
                0x0000000008006384                LCD_Pow
 *fill*         0x00000000080063ba        0x2 
 .text.LCD_ShowNum
                0x00000000080063bc       0xe4 ./Core/Src/lcd.o
                0x00000000080063bc                LCD_ShowNum
 .text.LCD_ShowString
                0x00000000080064a0       0x9a ./Core/Src/lcd.o
                0x00000000080064a0                LCD_ShowString
 *fill*         0x000000000800653a        0x2 
 .text.LED_Init
                0x000000000800653c       0x90 ./Core/Src/led.o
                0x000000000800653c                LED_Init
 .text.Time1    0x00000000080065cc      0x18c ./Core/Src/main.o
                0x00000000080065cc                Time1
 .text.initialization
                0x0000000008006758       0xa4 ./Core/Src/main.o
                0x0000000008006758                initialization
 .text.Load_Drow_Dialog
                0x00000000080067fc       0x48 ./Core/Src/main.o
                0x00000000080067fc                Load_Drow_Dialog
 .text.rtp_test
                0x0000000008006844       0x98 ./Core/Src/main.o
                0x0000000008006844                rtp_test
 .text.ctp_test
                0x00000000080068dc      0x138 ./Core/Src/main.o
                0x00000000080068dc                ctp_test
 .text.main     0x0000000008006a14       0x80 ./Core/Src/main.o
                0x0000000008006a14                main
 .text.SystemClock_Config
                0x0000000008006a94       0xbe ./Core/Src/main.o
                0x0000000008006a94                SystemClock_Config
 *fill*         0x0000000008006b52        0x2 
 .text.MX_RTC_Init
                0x0000000008006b54       0x94 ./Core/Src/main.o
 .text.MX_SPI1_Init
                0x0000000008006be8       0x6c ./Core/Src/main.o
 .text.MX_TIM3_Init
                0x0000000008006c54       0x9c ./Core/Src/main.o
 .text.MX_USART1_UART_Init
                0x0000000008006cf0       0x54 ./Core/Src/main.o
 .text.MX_GPIO_Init
                0x0000000008006d44       0x5c ./Core/Src/main.o
 .text.Error_Handler
                0x0000000008006da0        0xa ./Core/Src/main.o
                0x0000000008006da0                Error_Handler
 *fill*         0x0000000008006daa        0x2 
 .text.IIC_Init
                0x0000000008006dac       0x60 ./Core/Src/myiic.o
                0x0000000008006dac                IIC_Init
 .text.IIC_Start
                0x0000000008006e0c       0x50 ./Core/Src/myiic.o
                0x0000000008006e0c                IIC_Start
 .text.IIC_Stop
                0x0000000008006e5c       0x50 ./Core/Src/myiic.o
                0x0000000008006e5c                IIC_Stop
 .text.IIC_Wait_Ack
                0x0000000008006eac       0x78 ./Core/Src/myiic.o
                0x0000000008006eac                IIC_Wait_Ack
 .text.IIC_Ack  0x0000000008006f24       0x50 ./Core/Src/myiic.o
                0x0000000008006f24                IIC_Ack
 .text.IIC_NAck
                0x0000000008006f74       0x50 ./Core/Src/myiic.o
                0x0000000008006f74                IIC_NAck
 .text.IIC_Send_Byte
                0x0000000008006fc4       0x80 ./Core/Src/myiic.o
                0x0000000008006fc4                IIC_Send_Byte
 .text.IIC_Read_Byte
                0x0000000008007044       0x8c ./Core/Src/myiic.o
                0x0000000008007044                IIC_Read_Byte
 .text.OTT2001A_WR_Reg
                0x00000000080070d0       0x84 ./Core/Src/ott2001a.o
                0x00000000080070d0                OTT2001A_WR_Reg
 .text.OTT2001A_RD_Reg
                0x0000000008007154       0x8e ./Core/Src/ott2001a.o
                0x0000000008007154                OTT2001A_RD_Reg
 .text.OTT2001A_SensorControl
                0x00000000080071e2       0x30 ./Core/Src/ott2001a.o
                0x00000000080071e2                OTT2001A_SensorControl
 *fill*         0x0000000008007212        0x2 
 .text.OTT2001A_Init
                0x0000000008007214       0xb0 ./Core/Src/ott2001a.o
                0x0000000008007214                OTT2001A_Init
 *fill*         0x00000000080072c4        0x4 
 .text.OTT2001A_Scan
                0x00000000080072c8      0x254 ./Core/Src/ott2001a.o
                0x00000000080072c8                OTT2001A_Scan
 .text.HAL_MspInit
                0x000000000800751c       0x64 ./Core/Src/stm32f1xx_hal_msp.o
                0x000000000800751c                HAL_MspInit
 .text.HAL_RTC_MspInit
                0x0000000008007580       0x58 ./Core/Src/stm32f1xx_hal_msp.o
                0x0000000008007580                HAL_RTC_MspInit
 .text.HAL_SPI_MspInit
                0x00000000080075d8       0x94 ./Core/Src/stm32f1xx_hal_msp.o
                0x00000000080075d8                HAL_SPI_MspInit
 .text.HAL_TIM_Base_MspInit
                0x000000000800766c       0x4c ./Core/Src/stm32f1xx_hal_msp.o
                0x000000000800766c                HAL_TIM_Base_MspInit
 .text.HAL_UART_MspInit
                0x00000000080076b8       0xa8 ./Core/Src/stm32f1xx_hal_msp.o
                0x00000000080076b8                HAL_UART_MspInit
 .text.NMI_Handler
                0x0000000008007760        0x6 ./Core/Src/stm32f1xx_it.o
                0x0000000008007760                NMI_Handler
 .text.HardFault_Handler
                0x0000000008007766        0x6 ./Core/Src/stm32f1xx_it.o
                0x0000000008007766                HardFault_Handler
 .text.MemManage_Handler
                0x000000000800776c        0x6 ./Core/Src/stm32f1xx_it.o
                0x000000000800776c                MemManage_Handler
 .text.BusFault_Handler
                0x0000000008007772        0x6 ./Core/Src/stm32f1xx_it.o
                0x0000000008007772                BusFault_Handler
 .text.UsageFault_Handler
                0x0000000008007778        0x6 ./Core/Src/stm32f1xx_it.o
                0x0000000008007778                UsageFault_Handler
 .text.SVC_Handler
                0x000000000800777e        0xc ./Core/Src/stm32f1xx_it.o
                0x000000000800777e                SVC_Handler
 .text.DebugMon_Handler
                0x000000000800778a        0xc ./Core/Src/stm32f1xx_it.o
                0x000000000800778a                DebugMon_Handler
 .text.PendSV_Handler
                0x0000000008007796        0xc ./Core/Src/stm32f1xx_it.o
                0x0000000008007796                PendSV_Handler
 .text.SysTick_Handler
                0x00000000080077a2        0xc ./Core/Src/stm32f1xx_it.o
                0x00000000080077a2                SysTick_Handler
 *fill*         0x00000000080077ae        0x2 
 .text.RTC_IRQHandler
                0x00000000080077b0       0x14 ./Core/Src/stm32f1xx_it.o
                0x00000000080077b0                RTC_IRQHandler
 .text.TIM3_IRQHandler
                0x00000000080077c4       0x14 ./Core/Src/stm32f1xx_it.o
                0x00000000080077c4                TIM3_IRQHandler
 .text.USART1_IRQHandler
                0x00000000080077d8       0x20 ./Core/Src/stm32f1xx_it.o
                0x00000000080077d8                USART1_IRQHandler
 .text.HAL_TIM_PeriodElapsedCallback
                0x00000000080077f8       0x12 ./Core/Src/stm32f1xx_it.o
                0x00000000080077f8                HAL_TIM_PeriodElapsedCallback
 .text.Stm32_Clock_Init
                0x000000000800780a       0x7e ./Core/Src/sys.o
                0x000000000800780a                Stm32_Clock_Init
 .text._read    0x0000000008007888       0x3a ./Core/Src/syscalls.o
                0x0000000008007888                _read
 .text._write   0x00000000080078c2       0x38 ./Core/Src/syscalls.o
                0x00000000080078c2                _write
 .text._close   0x00000000080078fa       0x16 ./Core/Src/syscalls.o
                0x00000000080078fa                _close
 .text._fstat   0x0000000008007910       0x1e ./Core/Src/syscalls.o
                0x0000000008007910                _fstat
 .text._isatty  0x000000000800792e       0x14 ./Core/Src/syscalls.o
                0x000000000800792e                _isatty
 .text._lseek   0x0000000008007942       0x18 ./Core/Src/syscalls.o
                0x0000000008007942                _lseek
 *fill*         0x000000000800795a        0x2 
 .text._sbrk    0x000000000800795c       0x6c ./Core/Src/sysmem.o
                0x000000000800795c                _sbrk
 .text.SystemInit
                0x00000000080079c8        0xc ./Core/Src/system_stm32f1xx.o
                0x00000000080079c8                SystemInit
 .text.TP_Write_Byte
                0x00000000080079d4       0x60 ./Core/Src/touch.o
                0x00000000080079d4                TP_Write_Byte
 .text.TP_Read_AD
                0x0000000008007a34       0xb0 ./Core/Src/touch.o
                0x0000000008007a34                TP_Read_AD
 .text.TP_Read_XOY
                0x0000000008007ae4       0xf4 ./Core/Src/touch.o
                0x0000000008007ae4                TP_Read_XOY
 .text.TP_Read_XY
                0x0000000008007bd8       0x44 ./Core/Src/touch.o
                0x0000000008007bd8                TP_Read_XY
 .text.TP_Read_XY2
                0x0000000008007c1c       0xc4 ./Core/Src/touch.o
                0x0000000008007c1c                TP_Read_XY2
 .text.TP_Drow_Touch_Point
                0x0000000008007ce0       0xa8 ./Core/Src/touch.o
                0x0000000008007ce0                TP_Drow_Touch_Point
 .text.TP_Draw_Big_Point
                0x0000000008007d88       0x64 ./Core/Src/touch.o
                0x0000000008007d88                TP_Draw_Big_Point
 .text.TP_Scan  0x0000000008007dec      0x13c ./Core/Src/touch.o
                0x0000000008007dec                TP_Scan
 .text.TP_Save_Adjdata
                0x0000000008007f28       0x20 ./Core/Src/touch.o
                0x0000000008007f28                TP_Save_Adjdata
 .text.TP_Get_Adjdata
                0x0000000008007f48       0x64 ./Core/Src/touch.o
                0x0000000008007f48                TP_Get_Adjdata
 .text.TP_Adj_Info_Show
                0x0000000008007fac      0x1c4 ./Core/Src/touch.o
                0x0000000008007fac                TP_Adj_Info_Show
 .text.TP_Adjust
                0x0000000008008170      0x878 ./Core/Src/touch.o
                0x0000000008008170                TP_Adjust
 .text.TP_Init  0x00000000080089e8      0x154 ./Core/Src/touch.o
                0x00000000080089e8                TP_Init
 .text.Reset_Handler
                0x0000000008008b3c       0x48 ./Core/Startup/startup_stm32f103rctx.o
                0x0000000008008b3c                Reset_Handler
 .text.Default_Handler
                0x0000000008008b84        0x2 ./Core/Startup/startup_stm32f103rctx.o
                0x0000000008008b84                RTC_Alarm_IRQHandler
                0x0000000008008b84                EXTI2_IRQHandler
                0x0000000008008b84                TIM8_TRG_COM_IRQHandler
                0x0000000008008b84                TIM8_CC_IRQHandler
                0x0000000008008b84                TIM1_CC_IRQHandler
                0x0000000008008b84                TIM6_IRQHandler
                0x0000000008008b84                PVD_IRQHandler
                0x0000000008008b84                SDIO_IRQHandler
                0x0000000008008b84                EXTI3_IRQHandler
                0x0000000008008b84                EXTI0_IRQHandler
                0x0000000008008b84                I2C2_EV_IRQHandler
                0x0000000008008b84                ADC1_2_IRQHandler
                0x0000000008008b84                SPI1_IRQHandler
                0x0000000008008b84                TAMPER_IRQHandler
                0x0000000008008b84                TIM8_UP_IRQHandler
                0x0000000008008b84                DMA2_Channel2_IRQHandler
                0x0000000008008b84                DMA1_Channel4_IRQHandler
                0x0000000008008b84                USART3_IRQHandler
                0x0000000008008b84                DMA1_Channel7_IRQHandler
                0x0000000008008b84                CAN1_RX1_IRQHandler
                0x0000000008008b84                UART5_IRQHandler
                0x0000000008008b84                ADC3_IRQHandler
                0x0000000008008b84                TIM4_IRQHandler
                0x0000000008008b84                DMA2_Channel1_IRQHandler
                0x0000000008008b84                I2C1_EV_IRQHandler
                0x0000000008008b84                DMA1_Channel6_IRQHandler
                0x0000000008008b84                UART4_IRQHandler
                0x0000000008008b84                RCC_IRQHandler
                0x0000000008008b84                TIM1_TRG_COM_IRQHandler
                0x0000000008008b84                DMA1_Channel1_IRQHandler
                0x0000000008008b84                Default_Handler
                0x0000000008008b84                EXTI15_10_IRQHandler
                0x0000000008008b84                TIM7_IRQHandler
                0x0000000008008b84                TIM5_IRQHandler
                0x0000000008008b84                EXTI9_5_IRQHandler
                0x0000000008008b84                SPI2_IRQHandler
                0x0000000008008b84                DMA1_Channel5_IRQHandler
                0x0000000008008b84                EXTI4_IRQHandler
                0x0000000008008b84                USB_LP_CAN1_RX0_IRQHandler
                0x0000000008008b84                USB_HP_CAN1_TX_IRQHandler
                0x0000000008008b84                DMA1_Channel3_IRQHandler
                0x0000000008008b84                FSMC_IRQHandler
                0x0000000008008b84                TIM1_UP_IRQHandler
                0x0000000008008b84                WWDG_IRQHandler
                0x0000000008008b84                TIM2_IRQHandler
                0x0000000008008b84                TIM1_BRK_IRQHandler
                0x0000000008008b84                EXTI1_IRQHandler
                0x0000000008008b84                DMA2_Channel4_5_IRQHandler
                0x0000000008008b84                USART2_IRQHandler
                0x0000000008008b84                I2C2_ER_IRQHandler
                0x0000000008008b84                DMA1_Channel2_IRQHandler
                0x0000000008008b84                TIM8_BRK_IRQHandler
                0x0000000008008b84                CAN1_SCE_IRQHandler
                0x0000000008008b84                FLASH_IRQHandler
                0x0000000008008b84                SPI3_IRQHandler
                0x0000000008008b84                I2C1_ER_IRQHandler
                0x0000000008008b84                USBWakeUp_IRQHandler
                0x0000000008008b84                DMA2_Channel3_IRQHandler
 *fill*         0x0000000008008b86        0x2 
 .text.HAL_Init
                0x0000000008008b88       0x2c ./Drivers/STM32F1xx_HAL_Driver/Src/stm32f1xx_hal.o
                0x0000000008008b88                HAL_Init
 .text.HAL_InitTick
                0x0000000008008bb4       0x60 ./Drivers/STM32F1xx_HAL_Driver/Src/stm32f1xx_hal.o
                0x0000000008008bb4                HAL_InitTick
 .text.HAL_IncTick
                0x0000000008008c14       0x24 ./Drivers/STM32F1xx_HAL_Driver/Src/stm32f1xx_hal.o
                0x0000000008008c14                HAL_IncTick
 .text.HAL_GetTick
                0x0000000008008c38       0x14 ./Drivers/STM32F1xx_HAL_Driver/Src/stm32f1xx_hal.o
                0x0000000008008c38                HAL_GetTick
 .text.__NVIC_SetPriorityGrouping
                0x0000000008008c4c       0x48 ./Drivers/STM32F1xx_HAL_Driver/Src/stm32f1xx_hal_cortex.o
 .text.__NVIC_GetPriorityGrouping
                0x0000000008008c94       0x1c ./Drivers/STM32F1xx_HAL_Driver/Src/stm32f1xx_hal_cortex.o
 .text.__NVIC_EnableIRQ
                0x0000000008008cb0       0x38 ./Drivers/STM32F1xx_HAL_Driver/Src/stm32f1xx_hal_cortex.o
 .text.__NVIC_SetPriority
                0x0000000008008ce8       0x54 ./Drivers/STM32F1xx_HAL_Driver/Src/stm32f1xx_hal_cortex.o
 .text.NVIC_EncodePriority
                0x0000000008008d3c       0x64 ./Drivers/STM32F1xx_HAL_Driver/Src/stm32f1xx_hal_cortex.o
 .text.SysTick_Config
                0x0000000008008da0       0x44 ./Drivers/STM32F1xx_HAL_Driver/Src/stm32f1xx_hal_cortex.o
 .text.HAL_NVIC_SetPriorityGrouping
                0x0000000008008de4       0x16 ./Drivers/STM32F1xx_HAL_Driver/Src/stm32f1xx_hal_cortex.o
                0x0000000008008de4                HAL_NVIC_SetPriorityGrouping
 .text.HAL_NVIC_SetPriority
                0x0000000008008dfa       0x38 ./Drivers/STM32F1xx_HAL_Driver/Src/stm32f1xx_hal_cortex.o
                0x0000000008008dfa                HAL_NVIC_SetPriority
 .text.HAL_NVIC_EnableIRQ
                0x0000000008008e32       0x1c ./Drivers/STM32F1xx_HAL_Driver/Src/stm32f1xx_hal_cortex.o
                0x0000000008008e32                HAL_NVIC_EnableIRQ
 .text.HAL_SYSTICK_Config
                0x0000000008008e4e       0x18 ./Drivers/STM32F1xx_HAL_Driver/Src/stm32f1xx_hal_cortex.o
                0x0000000008008e4e                HAL_SYSTICK_Config
 *fill*         0x0000000008008e66        0x2 
 .text.HAL_SYSTICK_CLKSourceConfig
                0x0000000008008e68       0x38 ./Drivers/STM32F1xx_HAL_Driver/Src/stm32f1xx_hal_cortex.o
                0x0000000008008e68                HAL_SYSTICK_CLKSourceConfig
 .text.HAL_DMA_Abort
                0x0000000008008ea0       0x76 ./Drivers/STM32F1xx_HAL_Driver/Src/stm32f1xx_hal_dma.o
                0x0000000008008ea0                HAL_DMA_Abort
 *fill*         0x0000000008008f16        0x2 
 .text.HAL_DMA_Abort_IT
                0x0000000008008f18      0x210 ./Drivers/STM32F1xx_HAL_Driver/Src/stm32f1xx_hal_dma.o
                0x0000000008008f18                HAL_DMA_Abort_IT
 .text.HAL_GPIO_Init
                0x0000000008009128      0x328 ./Drivers/STM32F1xx_HAL_Driver/Src/stm32f1xx_hal_gpio.o
                0x0000000008009128                HAL_GPIO_Init
 .text.HAL_GPIO_ReadPin
                0x0000000008009450       0x2e ./Drivers/STM32F1xx_HAL_Driver/Src/stm32f1xx_hal_gpio.o
                0x0000000008009450                HAL_GPIO_ReadPin
 .text.HAL_GPIO_WritePin
                0x000000000800947e       0x30 ./Drivers/STM32F1xx_HAL_Driver/Src/stm32f1xx_hal_gpio.o
                0x000000000800947e                HAL_GPIO_WritePin
 *fill*         0x00000000080094ae        0x2 
 .text.HAL_PWR_EnableBkUpAccess
                0x00000000080094b0       0x18 ./Drivers/STM32F1xx_HAL_Driver/Src/stm32f1xx_hal_pwr.o
                0x00000000080094b0                HAL_PWR_EnableBkUpAccess
 .text.HAL_RCC_OscConfig
                0x00000000080094c8      0x504 ./Drivers/STM32F1xx_HAL_Driver/Src/stm32f1xx_hal_rcc.o
                0x00000000080094c8                HAL_RCC_OscConfig
 .text.HAL_RCC_ClockConfig
                0x00000000080099cc      0x1d4 ./Drivers/STM32F1xx_HAL_Driver/Src/stm32f1xx_hal_rcc.o
                0x00000000080099cc                HAL_RCC_ClockConfig
 .text.HAL_RCC_GetSysClockFreq
                0x0000000008009ba0       0xa8 ./Drivers/STM32F1xx_HAL_Driver/Src/stm32f1xx_hal_rcc.o
                0x0000000008009ba0                HAL_RCC_GetSysClockFreq
 .text.HAL_RCC_GetHCLKFreq
                0x0000000008009c48       0x14 ./Drivers/STM32F1xx_HAL_Driver/Src/stm32f1xx_hal_rcc.o
                0x0000000008009c48                HAL_RCC_GetHCLKFreq
 .text.HAL_RCC_GetPCLK1Freq
                0x0000000008009c5c       0x28 ./Drivers/STM32F1xx_HAL_Driver/Src/stm32f1xx_hal_rcc.o
                0x0000000008009c5c                HAL_RCC_GetPCLK1Freq
 .text.HAL_RCC_GetPCLK2Freq
                0x0000000008009c84       0x28 ./Drivers/STM32F1xx_HAL_Driver/Src/stm32f1xx_hal_rcc.o
                0x0000000008009c84                HAL_RCC_GetPCLK2Freq
 .text.RCC_Delay
                0x0000000008009cac       0x3c ./Drivers/STM32F1xx_HAL_Driver/Src/stm32f1xx_hal_rcc.o
 .text.HAL_RCCEx_PeriphCLKConfig
                0x0000000008009ce8      0x16c ./Drivers/STM32F1xx_HAL_Driver/Src/stm32f1xx_hal_rcc_ex.o
                0x0000000008009ce8                HAL_RCCEx_PeriphCLKConfig
 .text.HAL_RCCEx_GetPeriphCLKFreq
                0x0000000008009e54      0x1b0 ./Drivers/STM32F1xx_HAL_Driver/Src/stm32f1xx_hal_rcc_ex.o
                0x0000000008009e54                HAL_RCCEx_GetPeriphCLKFreq
 .text.HAL_RTC_Init
                0x000000000800a004      0x118 ./Drivers/STM32F1xx_HAL_Driver/Src/stm32f1xx_hal_rtc.o
                0x000000000800a004                HAL_RTC_Init
 .text.HAL_RTC_SetTime
                0x000000000800a11c      0x12e ./Drivers/STM32F1xx_HAL_Driver/Src/stm32f1xx_hal_rtc.o
                0x000000000800a11c                HAL_RTC_SetTime
 *fill*         0x000000000800a24a        0x2 
 .text.HAL_RTC_GetTime
                0x000000000800a24c      0x1b0 ./Drivers/STM32F1xx_HAL_Driver/Src/stm32f1xx_hal_rtc.o
                0x000000000800a24c                HAL_RTC_GetTime
 .text.HAL_RTC_SetDate
                0x000000000800a3fc      0x16c ./Drivers/STM32F1xx_HAL_Driver/Src/stm32f1xx_hal_rtc.o
                0x000000000800a3fc                HAL_RTC_SetDate
 .text.HAL_RTC_GetDate
                0x000000000800a568       0xa8 ./Drivers/STM32F1xx_HAL_Driver/Src/stm32f1xx_hal_rtc.o
                0x000000000800a568                HAL_RTC_GetDate
 .text.HAL_RTC_WaitForSynchro
                0x000000000800a610       0x5a ./Drivers/STM32F1xx_HAL_Driver/Src/stm32f1xx_hal_rtc.o
                0x000000000800a610                HAL_RTC_WaitForSynchro
 .text.RTC_ReadTimeCounter
                0x000000000800a66a       0x60 ./Drivers/STM32F1xx_HAL_Driver/Src/stm32f1xx_hal_rtc.o
 .text.RTC_WriteTimeCounter
                0x000000000800a6ca       0x4e ./Drivers/STM32F1xx_HAL_Driver/Src/stm32f1xx_hal_rtc.o
 .text.RTC_ReadAlarmCounter
                0x000000000800a718       0x32 ./Drivers/STM32F1xx_HAL_Driver/Src/stm32f1xx_hal_rtc.o
 .text.RTC_WriteAlarmCounter
                0x000000000800a74a       0x4e ./Drivers/STM32F1xx_HAL_Driver/Src/stm32f1xx_hal_rtc.o
 .text.RTC_EnterInitMode
                0x000000000800a798       0x50 ./Drivers/STM32F1xx_HAL_Driver/Src/stm32f1xx_hal_rtc.o
 .text.RTC_ExitInitMode
                0x000000000800a7e8       0x50 ./Drivers/STM32F1xx_HAL_Driver/Src/stm32f1xx_hal_rtc.o
 .text.RTC_ByteToBcd2
                0x000000000800a838       0x3a ./Drivers/STM32F1xx_HAL_Driver/Src/stm32f1xx_hal_rtc.o
 .text.RTC_Bcd2ToByte
                0x000000000800a872       0x3a ./Drivers/STM32F1xx_HAL_Driver/Src/stm32f1xx_hal_rtc.o
 .text.RTC_DateUpdate
                0x000000000800a8ac      0x152 ./Drivers/STM32F1xx_HAL_Driver/Src/stm32f1xx_hal_rtc.o
 *fill*         0x000000000800a9fe        0x2 
 .text.RTC_IsLeapYear
                0x000000000800aa00       0x64 ./Drivers/STM32F1xx_HAL_Driver/Src/stm32f1xx_hal_rtc.o
 .text.RTC_WeekDayNum
                0x000000000800aa64       0xf0 ./Drivers/STM32F1xx_HAL_Driver/Src/stm32f1xx_hal_rtc.o
 .text.HAL_RTCEx_RTCIRQHandler
                0x000000000800ab54       0x6e ./Drivers/STM32F1xx_HAL_Driver/Src/stm32f1xx_hal_rtc_ex.o
                0x000000000800ab54                HAL_RTCEx_RTCIRQHandler
 .text.HAL_RTCEx_RTCEventCallback
                0x000000000800abc2       0x12 ./Drivers/STM32F1xx_HAL_Driver/Src/stm32f1xx_hal_rtc_ex.o
                0x000000000800abc2                HAL_RTCEx_RTCEventCallback
 .text.HAL_RTCEx_RTCEventErrorCallback
                0x000000000800abd4       0x12 ./Drivers/STM32F1xx_HAL_Driver/Src/stm32f1xx_hal_rtc_ex.o
                0x000000000800abd4                HAL_RTCEx_RTCEventErrorCallback
 .text.HAL_SPI_Init
                0x000000000800abe6      0x108 ./Drivers/STM32F1xx_HAL_Driver/Src/stm32f1xx_hal_spi.o
                0x000000000800abe6                HAL_SPI_Init
 .text.HAL_TIM_Base_Init
                0x000000000800acee       0x9e ./Drivers/STM32F1xx_HAL_Driver/Src/stm32f1xx_hal_tim.o
                0x000000000800acee                HAL_TIM_Base_Init
 .text.HAL_TIM_Base_Start_IT
                0x000000000800ad8c       0xc0 ./Drivers/STM32F1xx_HAL_Driver/Src/stm32f1xx_hal_tim.o
                0x000000000800ad8c                HAL_TIM_Base_Start_IT
 .text.HAL_TIM_IRQHandler
                0x000000000800ae4c      0x210 ./Drivers/STM32F1xx_HAL_Driver/Src/stm32f1xx_hal_tim.o
                0x000000000800ae4c                HAL_TIM_IRQHandler
 .text.HAL_TIM_ConfigClockSource
                0x000000000800b05c      0x18e ./Drivers/STM32F1xx_HAL_Driver/Src/stm32f1xx_hal_tim.o
                0x000000000800b05c                HAL_TIM_ConfigClockSource
 .text.HAL_TIM_OC_DelayElapsedCallback
                0x000000000800b1ea       0x12 ./Drivers/STM32F1xx_HAL_Driver/Src/stm32f1xx_hal_tim.o
                0x000000000800b1ea                HAL_TIM_OC_DelayElapsedCallback
 .text.HAL_TIM_IC_CaptureCallback
                0x000000000800b1fc       0x12 ./Drivers/STM32F1xx_HAL_Driver/Src/stm32f1xx_hal_tim.o
                0x000000000800b1fc                HAL_TIM_IC_CaptureCallback
 .text.HAL_TIM_PWM_PulseFinishedCallback
                0x000000000800b20e       0x12 ./Drivers/STM32F1xx_HAL_Driver/Src/stm32f1xx_hal_tim.o
                0x000000000800b20e                HAL_TIM_PWM_PulseFinishedCallback
 .text.HAL_TIM_TriggerCallback
                0x000000000800b220       0x12 ./Drivers/STM32F1xx_HAL_Driver/Src/stm32f1xx_hal_tim.o
                0x000000000800b220                HAL_TIM_TriggerCallback
 *fill*         0x000000000800b232        0x2 
 .text.TIM_Base_SetConfig
                0x000000000800b234       0xf4 ./Drivers/STM32F1xx_HAL_Driver/Src/stm32f1xx_hal_tim.o
                0x000000000800b234                TIM_Base_SetConfig
 .text.TIM_TI1_ConfigInputStage
                0x000000000800b328       0x5c ./Drivers/STM32F1xx_HAL_Driver/Src/stm32f1xx_hal_tim.o
 .text.TIM_TI2_ConfigInputStage
                0x000000000800b384       0x5e ./Drivers/STM32F1xx_HAL_Driver/Src/stm32f1xx_hal_tim.o
 .text.TIM_ITRx_SetConfig
                0x000000000800b3e2       0x34 ./Drivers/STM32F1xx_HAL_Driver/Src/stm32f1xx_hal_tim.o
 .text.TIM_ETR_SetConfig
                0x000000000800b416       0x3e ./Drivers/STM32F1xx_HAL_Driver/Src/stm32f1xx_hal_tim.o
                0x000000000800b416                TIM_ETR_SetConfig
 .text.HAL_TIMEx_MasterConfigSynchronization
                0x000000000800b454       0xd8 ./Drivers/STM32F1xx_HAL_Driver/Src/stm32f1xx_hal_tim_ex.o
                0x000000000800b454                HAL_TIMEx_MasterConfigSynchronization
 .text.HAL_TIMEx_CommutCallback
                0x000000000800b52c       0x12 ./Drivers/STM32F1xx_HAL_Driver/Src/stm32f1xx_hal_tim_ex.o
                0x000000000800b52c                HAL_TIMEx_CommutCallback
 .text.HAL_TIMEx_BreakCallback
                0x000000000800b53e       0x12 ./Drivers/STM32F1xx_HAL_Driver/Src/stm32f1xx_hal_tim_ex.o
                0x000000000800b53e                HAL_TIMEx_BreakCallback
 .text.HAL_UART_Init
                0x000000000800b550       0xa0 ./Drivers/STM32F1xx_HAL_Driver/Src/stm32f1xx_hal_uart.o
                0x000000000800b550                HAL_UART_Init
 .text.HAL_UART_Receive_IT
                0x000000000800b5f0       0x4a ./Drivers/STM32F1xx_HAL_Driver/Src/stm32f1xx_hal_uart.o
                0x000000000800b5f0                HAL_UART_Receive_IT
 *fill*         0x000000000800b63a        0x2 
 .text.HAL_UART_IRQHandler
                0x000000000800b63c      0x524 ./Drivers/STM32F1xx_HAL_Driver/Src/stm32f1xx_hal_uart.o
                0x000000000800b63c                HAL_UART_IRQHandler
 .text.HAL_UART_TxCpltCallback
                0x000000000800bb60       0x12 ./Drivers/STM32F1xx_HAL_Driver/Src/stm32f1xx_hal_uart.o
                0x000000000800bb60                HAL_UART_TxCpltCallback
 .text.HAL_UART_RxCpltCallback
                0x000000000800bb72       0x12 ./Drivers/STM32F1xx_HAL_Driver/Src/stm32f1xx_hal_uart.o
                0x000000000800bb72                HAL_UART_RxCpltCallback
 .text.HAL_UART_ErrorCallback
                0x000000000800bb84       0x12 ./Drivers/STM32F1xx_HAL_Driver/Src/stm32f1xx_hal_uart.o
                0x000000000800bb84                HAL_UART_ErrorCallback
 .text.HAL_UARTEx_RxEventCallback
                0x000000000800bb96       0x16 ./Drivers/STM32F1xx_HAL_Driver/Src/stm32f1xx_hal_uart.o
                0x000000000800bb96                HAL_UARTEx_RxEventCallback
 .text.UART_Start_Receive_IT
                0x000000000800bbac       0x72 ./Drivers/STM32F1xx_HAL_Driver/Src/stm32f1xx_hal_uart.o
                0x000000000800bbac                UART_Start_Receive_IT
 .text.UART_EndRxTransfer
                0x000000000800bc1e       0xc4 ./Drivers/STM32F1xx_HAL_Driver/Src/stm32f1xx_hal_uart.o
 .text.UART_DMAAbortOnError
                0x000000000800bce2       0x28 ./Drivers/STM32F1xx_HAL_Driver/Src/stm32f1xx_hal_uart.o
 .text.UART_Transmit_IT
                0x000000000800bd0a       0x9e ./Drivers/STM32F1xx_HAL_Driver/Src/stm32f1xx_hal_uart.o
 .text.UART_EndTransmit_IT
                0x000000000800bda8       0x30 ./Drivers/STM32F1xx_HAL_Driver/Src/stm32f1xx_hal_uart.o
 .text.UART_Receive_IT
                0x000000000800bdd8      0x17c ./Drivers/STM32F1xx_HAL_Driver/Src/stm32f1xx_hal_uart.o
 .text.UART_SetConfig
                0x000000000800bf54      0x11c ./Drivers/STM32F1xx_HAL_Driver/Src/stm32f1xx_hal_uart.o
 .text.std      0x000000000800c070       0x48 D:/STM32CubeIDE_1.13.1/STM32CubeIDE/plugins/com.st.stm32cube.ide.mcu.externaltools.gnu-tools-for-stm32.11.3.rel1.win32_1.1.0.202305231506/tools/bin/../lib/gcc/arm-none-eabi/11.3.1/../../../../arm-none-eabi/lib/thumb/v7-m/nofp\libc_nano.a(libc_a-findfp.o)
 .text.stdio_exit_handler
                0x000000000800c0b8       0x18 D:/STM32CubeIDE_1.13.1/STM32CubeIDE/plugins/com.st.stm32cube.ide.mcu.externaltools.gnu-tools-for-stm32.11.3.rel1.win32_1.1.0.202305231506/tools/bin/../lib/gcc/arm-none-eabi/11.3.1/../../../../arm-none-eabi/lib/thumb/v7-m/nofp\libc_nano.a(libc_a-findfp.o)
 .text.cleanup_stdio
                0x000000000800c0d0       0x40 D:/STM32CubeIDE_1.13.1/STM32CubeIDE/plugins/com.st.stm32cube.ide.mcu.externaltools.gnu-tools-for-stm32.11.3.rel1.win32_1.1.0.202305231506/tools/bin/../lib/gcc/arm-none-eabi/11.3.1/../../../../arm-none-eabi/lib/thumb/v7-m/nofp\libc_nano.a(libc_a-findfp.o)
 .text.global_stdio_init.part.0
                0x000000000800c110       0x3c D:/STM32CubeIDE_1.13.1/STM32CubeIDE/plugins/com.st.stm32cube.ide.mcu.externaltools.gnu-tools-for-stm32.11.3.rel1.win32_1.1.0.202305231506/tools/bin/../lib/gcc/arm-none-eabi/11.3.1/../../../../arm-none-eabi/lib/thumb/v7-m/nofp\libc_nano.a(libc_a-findfp.o)
 .text.__sfp_lock_acquire
                0x000000000800c14c        0xc D:/STM32CubeIDE_1.13.1/STM32CubeIDE/plugins/com.st.stm32cube.ide.mcu.externaltools.gnu-tools-for-stm32.11.3.rel1.win32_1.1.0.202305231506/tools/bin/../lib/gcc/arm-none-eabi/11.3.1/../../../../arm-none-eabi/lib/thumb/v7-m/nofp\libc_nano.a(libc_a-findfp.o)
                0x000000000800c14c                __sfp_lock_acquire
 .text.__sfp_lock_release
                0x000000000800c158        0xc D:/STM32CubeIDE_1.13.1/STM32CubeIDE/plugins/com.st.stm32cube.ide.mcu.externaltools.gnu-tools-for-stm32.11.3.rel1.win32_1.1.0.202305231506/tools/bin/../lib/gcc/arm-none-eabi/11.3.1/../../../../arm-none-eabi/lib/thumb/v7-m/nofp\libc_nano.a(libc_a-findfp.o)
                0x000000000800c158                __sfp_lock_release
 .text.__sinit  0x000000000800c164       0x30 D:/STM32CubeIDE_1.13.1/STM32CubeIDE/plugins/com.st.stm32cube.ide.mcu.externaltools.gnu-tools-for-stm32.11.3.rel1.win32_1.1.0.202305231506/tools/bin/../lib/gcc/arm-none-eabi/11.3.1/../../../../arm-none-eabi/lib/thumb/v7-m/nofp\libc_nano.a(libc_a-findfp.o)
                0x000000000800c164                __sinit
 .text._fwalk_sglue
                0x000000000800c194       0x3c D:/STM32CubeIDE_1.13.1/STM32CubeIDE/plugins/com.st.stm32cube.ide.mcu.externaltools.gnu-tools-for-stm32.11.3.rel1.win32_1.1.0.202305231506/tools/bin/../lib/gcc/arm-none-eabi/11.3.1/../../../../arm-none-eabi/lib/thumb/v7-m/nofp\libc_nano.a(libc_a-fwalk.o)
                0x000000000800c194                _fwalk_sglue
 .text.printf   0x000000000800c1d0       0x24 D:/STM32CubeIDE_1.13.1/STM32CubeIDE/plugins/com.st.stm32cube.ide.mcu.externaltools.gnu-tools-for-stm32.11.3.rel1.win32_1.1.0.202305231506/tools/bin/../lib/gcc/arm-none-eabi/11.3.1/../../../../arm-none-eabi/lib/thumb/v7-m/nofp\libc_nano.a(libc_a-printf.o)
                0x000000000800c1d0                iprintf
                0x000000000800c1d0                printf
 .text.sprintf  0x000000000800c1f4       0x40 D:/STM32CubeIDE_1.13.1/STM32CubeIDE/plugins/com.st.stm32cube.ide.mcu.externaltools.gnu-tools-for-stm32.11.3.rel1.win32_1.1.0.202305231506/tools/bin/../lib/gcc/arm-none-eabi/11.3.1/../../../../arm-none-eabi/lib/thumb/v7-m/nofp\libc_nano.a(libc_a-sprintf.o)
                0x000000000800c1f4                siprintf
                0x000000000800c1f4                sprintf
 .text.__sread  0x000000000800c234       0x22 D:/STM32CubeIDE_1.13.1/STM32CubeIDE/plugins/com.st.stm32cube.ide.mcu.externaltools.gnu-tools-for-stm32.11.3.rel1.win32_1.1.0.202305231506/tools/bin/../lib/gcc/arm-none-eabi/11.3.1/../../../../arm-none-eabi/lib/thumb/v7-m/nofp\libc_nano.a(libc_a-stdio.o)
                0x000000000800c234                __sread
 .text.__swrite
                0x000000000800c256       0x38 D:/STM32CubeIDE_1.13.1/STM32CubeIDE/plugins/com.st.stm32cube.ide.mcu.externaltools.gnu-tools-for-stm32.11.3.rel1.win32_1.1.0.202305231506/tools/bin/../lib/gcc/arm-none-eabi/11.3.1/../../../../arm-none-eabi/lib/thumb/v7-m/nofp\libc_nano.a(libc_a-stdio.o)
                0x000000000800c256                __swrite
 .text.__sseek  0x000000000800c28e       0x24 D:/STM32CubeIDE_1.13.1/STM32CubeIDE/plugins/com.st.stm32cube.ide.mcu.externaltools.gnu-tools-for-stm32.11.3.rel1.win32_1.1.0.202305231506/tools/bin/../lib/gcc/arm-none-eabi/11.3.1/../../../../arm-none-eabi/lib/thumb/v7-m/nofp\libc_nano.a(libc_a-stdio.o)
                0x000000000800c28e                __sseek
 .text.__sclose
                0x000000000800c2b2        0x8 D:/STM32CubeIDE_1.13.1/STM32CubeIDE/plugins/com.st.stm32cube.ide.mcu.externaltools.gnu-tools-for-stm32.11.3.rel1.win32_1.1.0.202305231506/tools/bin/../lib/gcc/arm-none-eabi/11.3.1/../../../../arm-none-eabi/lib/thumb/v7-m/nofp\libc_nano.a(libc_a-stdio.o)
                0x000000000800c2b2                __sclose
 .text.memset   0x000000000800c2ba       0x10 D:/STM32CubeIDE_1.13.1/STM32CubeIDE/plugins/com.st.stm32cube.ide.mcu.externaltools.gnu-tools-for-stm32.11.3.rel1.win32_1.1.0.202305231506/tools/bin/../lib/gcc/arm-none-eabi/11.3.1/../../../../arm-none-eabi/lib/thumb/v7-m/nofp\libc_nano.a(libc_a-memset.o)
                0x000000000800c2ba                memset
 *fill*         0x000000000800c2ca        0x2 
 .text._close_r
                0x000000000800c2cc       0x20 D:/STM32CubeIDE_1.13.1/STM32CubeIDE/plugins/com.st.stm32cube.ide.mcu.externaltools.gnu-tools-for-stm32.11.3.rel1.win32_1.1.0.202305231506/tools/bin/../lib/gcc/arm-none-eabi/11.3.1/../../../../arm-none-eabi/lib/thumb/v7-m/nofp\libc_nano.a(libc_a-closer.o)
                0x000000000800c2cc                _close_r
 .text._lseek_r
                0x000000000800c2ec       0x24 D:/STM32CubeIDE_1.13.1/STM32CubeIDE/plugins/com.st.stm32cube.ide.mcu.externaltools.gnu-tools-for-stm32.11.3.rel1.win32_1.1.0.202305231506/tools/bin/../lib/gcc/arm-none-eabi/11.3.1/../../../../arm-none-eabi/lib/thumb/v7-m/nofp\libc_nano.a(libc_a-lseekr.o)
                0x000000000800c2ec                _lseek_r
 .text._read_r  0x000000000800c310       0x24 D:/STM32CubeIDE_1.13.1/STM32CubeIDE/plugins/com.st.stm32cube.ide.mcu.externaltools.gnu-tools-for-stm32.11.3.rel1.win32_1.1.0.202305231506/tools/bin/../lib/gcc/arm-none-eabi/11.3.1/../../../../arm-none-eabi/lib/thumb/v7-m/nofp\libc_nano.a(libc_a-readr.o)
                0x000000000800c310                _read_r
 .text._write_r
                0x000000000800c334       0x24 D:/STM32CubeIDE_1.13.1/STM32CubeIDE/plugins/com.st.stm32cube.ide.mcu.externaltools.gnu-tools-for-stm32.11.3.rel1.win32_1.1.0.202305231506/tools/bin/../lib/gcc/arm-none-eabi/11.3.1/../../../../arm-none-eabi/lib/thumb/v7-m/nofp\libc_nano.a(libc_a-writer.o)
                0x000000000800c334                _write_r
 .text.__errno  0x000000000800c358        0xc D:/STM32CubeIDE_1.13.1/STM32CubeIDE/plugins/com.st.stm32cube.ide.mcu.externaltools.gnu-tools-for-stm32.11.3.rel1.win32_1.1.0.202305231506/tools/bin/../lib/gcc/arm-none-eabi/11.3.1/../../../../arm-none-eabi/lib/thumb/v7-m/nofp\libc_nano.a(libc_a-errno.o)
                0x000000000800c358                __errno
 .text.__libc_init_array
                0x000000000800c364       0x48 D:/STM32CubeIDE_1.13.1/STM32CubeIDE/plugins/com.st.stm32cube.ide.mcu.externaltools.gnu-tools-for-stm32.11.3.rel1.win32_1.1.0.202305231506/tools/bin/../lib/gcc/arm-none-eabi/11.3.1/../../../../arm-none-eabi/lib/thumb/v7-m/nofp\libc_nano.a(libc_a-init.o)
                0x000000000800c364                __libc_init_array
 .text.__retarget_lock_acquire_recursive
                0x000000000800c3ac        0x2 D:/STM32CubeIDE_1.13.1/STM32CubeIDE/plugins/com.st.stm32cube.ide.mcu.externaltools.gnu-tools-for-stm32.11.3.rel1.win32_1.1.0.202305231506/tools/bin/../lib/gcc/arm-none-eabi/11.3.1/../../../../arm-none-eabi/lib/thumb/v7-m/nofp\libc_nano.a(libc_a-lock.o)
                0x000000000800c3ac                __retarget_lock_acquire_recursive
 .text.__retarget_lock_release_recursive
                0x000000000800c3ae        0x2 D:/STM32CubeIDE_1.13.1/STM32CubeIDE/plugins/com.st.stm32cube.ide.mcu.externaltools.gnu-tools-for-stm32.11.3.rel1.win32_1.1.0.202305231506/tools/bin/../lib/gcc/arm-none-eabi/11.3.1/../../../../arm-none-eabi/lib/thumb/v7-m/nofp\libc_nano.a(libc_a-lock.o)
                0x000000000800c3ae                __retarget_lock_release_recursive
 .text._free_r  0x000000000800c3b0       0x90 D:/STM32CubeIDE_1.13.1/STM32CubeIDE/plugins/com.st.stm32cube.ide.mcu.externaltools.gnu-tools-for-stm32.11.3.rel1.win32_1.1.0.202305231506/tools/bin/../lib/gcc/arm-none-eabi/11.3.1/../../../../arm-none-eabi/lib/thumb/v7-m/nofp\libc_nano.a(libc_a-freer.o)
                0x000000000800c3b0                _free_r
 .text.sbrk_aligned
                0x000000000800c440       0x40 D:/STM32CubeIDE_1.13.1/STM32CubeIDE/plugins/com.st.stm32cube.ide.mcu.externaltools.gnu-tools-for-stm32.11.3.rel1.win32_1.1.0.202305231506/tools/bin/../lib/gcc/arm-none-eabi/11.3.1/../../../../arm-none-eabi/lib/thumb/v7-m/nofp\libc_nano.a(libc_a-mallocr.o)
 .text._malloc_r
                0x000000000800c480      0x100 D:/STM32CubeIDE_1.13.1/STM32CubeIDE/plugins/com.st.stm32cube.ide.mcu.externaltools.gnu-tools-for-stm32.11.3.rel1.win32_1.1.0.202305231506/tools/bin/../lib/gcc/arm-none-eabi/11.3.1/../../../../arm-none-eabi/lib/thumb/v7-m/nofp\libc_nano.a(libc_a-mallocr.o)
                0x000000000800c480                _malloc_r
 .text.__malloc_lock
                0x000000000800c580        0xc D:/STM32CubeIDE_1.13.1/STM32CubeIDE/plugins/com.st.stm32cube.ide.mcu.externaltools.gnu-tools-for-stm32.11.3.rel1.win32_1.1.0.202305231506/tools/bin/../lib/gcc/arm-none-eabi/11.3.1/../../../../arm-none-eabi/lib/thumb/v7-m/nofp\libc_nano.a(libc_a-mlock.o)
                0x000000000800c580                __malloc_lock
 .text.__malloc_unlock
                0x000000000800c58c        0xc D:/STM32CubeIDE_1.13.1/STM32CubeIDE/plugins/com.st.stm32cube.ide.mcu.externaltools.gnu-tools-for-stm32.11.3.rel1.win32_1.1.0.202305231506/tools/bin/../lib/gcc/arm-none-eabi/11.3.1/../../../../arm-none-eabi/lib/thumb/v7-m/nofp\libc_nano.a(libc_a-mlock.o)
                0x000000000800c58c                __malloc_unlock
 .text.__ssputs_r
                0x000000000800c598       0xb4 D:/STM32CubeIDE_1.13.1/STM32CubeIDE/plugins/com.st.stm32cube.ide.mcu.externaltools.gnu-tools-for-stm32.11.3.rel1.win32_1.1.0.202305231506/tools/bin/../lib/gcc/arm-none-eabi/11.3.1/../../../../arm-none-eabi/lib/thumb/v7-m/nofp\libc_nano.a(libc_a-nano-svfprintf.o)
                0x000000000800c598                __ssputs_r
 .text._svfprintf_r
                0x000000000800c64c      0x1fc D:/STM32CubeIDE_1.13.1/STM32CubeIDE/plugins/com.st.stm32cube.ide.mcu.externaltools.gnu-tools-for-stm32.11.3.rel1.win32_1.1.0.202305231506/tools/bin/../lib/gcc/arm-none-eabi/11.3.1/../../../../arm-none-eabi/lib/thumb/v7-m/nofp\libc_nano.a(libc_a-nano-svfprintf.o)
                0x000000000800c64c                _svfiprintf_r
                0x000000000800c64c                _svfprintf_r
 .text.__sfputc_r
                0x000000000800c848       0x2a D:/STM32CubeIDE_1.13.1/STM32CubeIDE/plugins/com.st.stm32cube.ide.mcu.externaltools.gnu-tools-for-stm32.11.3.rel1.win32_1.1.0.202305231506/tools/bin/../lib/gcc/arm-none-eabi/11.3.1/../../../../arm-none-eabi/lib/thumb/v7-m/nofp\libc_nano.a(libc_a-nano-vfprintf.o)
 .text.__sfputs_r
                0x000000000800c872       0x24 D:/STM32CubeIDE_1.13.1/STM32CubeIDE/plugins/com.st.stm32cube.ide.mcu.externaltools.gnu-tools-for-stm32.11.3.rel1.win32_1.1.0.202305231506/tools/bin/../lib/gcc/arm-none-eabi/11.3.1/../../../../arm-none-eabi/lib/thumb/v7-m/nofp\libc_nano.a(libc_a-nano-vfprintf.o)
                0x000000000800c872                __sfputs_r
 *fill*         0x000000000800c896        0x2 
 .text._vfprintf_r
                0x000000000800c898      0x234 D:/STM32CubeIDE_1.13.1/STM32CubeIDE/plugins/com.st.stm32cube.ide.mcu.externaltools.gnu-tools-for-stm32.11.3.rel1.win32_1.1.0.202305231506/tools/bin/../lib/gcc/arm-none-eabi/11.3.1/../../../../arm-none-eabi/lib/thumb/v7-m/nofp\libc_nano.a(libc_a-nano-vfprintf.o)
                0x000000000800c898                _vfprintf_r
                0x000000000800c898                _vfiprintf_r
 .text._printf_common
                0x000000000800cacc       0xe4 D:/STM32CubeIDE_1.13.1/STM32CubeIDE/plugins/com.st.stm32cube.ide.mcu.externaltools.gnu-tools-for-stm32.11.3.rel1.win32_1.1.0.202305231506/tools/bin/../lib/gcc/arm-none-eabi/11.3.1/../../../../arm-none-eabi/lib/thumb/v7-m/nofp\libc_nano.a(libc_a-nano-vfprintf_i.o)
                0x000000000800cacc                _printf_common
 .text._printf_i
                0x000000000800cbb0      0x244 D:/STM32CubeIDE_1.13.1/STM32CubeIDE/plugins/com.st.stm32cube.ide.mcu.externaltools.gnu-tools-for-stm32.11.3.rel1.win32_1.1.0.202305231506/tools/bin/../lib/gcc/arm-none-eabi/11.3.1/../../../../arm-none-eabi/lib/thumb/v7-m/nofp\libc_nano.a(libc_a-nano-vfprintf_i.o)
                0x000000000800cbb0                _printf_i
 .text.__sflush_r
                0x000000000800cdf4      0x104 D:/STM32CubeIDE_1.13.1/STM32CubeIDE/plugins/com.st.stm32cube.ide.mcu.externaltools.gnu-tools-for-stm32.11.3.rel1.win32_1.1.0.202305231506/tools/bin/../lib/gcc/arm-none-eabi/11.3.1/../../../../arm-none-eabi/lib/thumb/v7-m/nofp\libc_nano.a(libc_a-fflush.o)
                0x000000000800cdf4                __sflush_r
 .text._fflush_r
                0x000000000800cef8       0x50 D:/STM32CubeIDE_1.13.1/STM32CubeIDE/plugins/com.st.stm32cube.ide.mcu.externaltools.gnu-tools-for-stm32.11.3.rel1.win32_1.1.0.202305231506/tools/bin/../lib/gcc/arm-none-eabi/11.3.1/../../../../arm-none-eabi/lib/thumb/v7-m/nofp\libc_nano.a(libc_a-fflush.o)
                0x000000000800cef8                _fflush_r
 .text.__swbuf_r
                0x000000000800cf48       0x7a D:/STM32CubeIDE_1.13.1/STM32CubeIDE/plugins/com.st.stm32cube.ide.mcu.externaltools.gnu-tools-for-stm32.11.3.rel1.win32_1.1.0.202305231506/tools/bin/../lib/gcc/arm-none-eabi/11.3.1/../../../../arm-none-eabi/lib/thumb/v7-m/nofp\libc_nano.a(libc_a-wbuf.o)
                0x000000000800cf48                __swbuf_r
 *fill*         0x000000000800cfc2        0x2 
 .text.__swsetup_r
                0x000000000800cfc4       0xb0 D:/STM32CubeIDE_1.13.1/STM32CubeIDE/plugins/com.st.stm32cube.ide.mcu.externaltools.gnu-tools-for-stm32.11.3.rel1.win32_1.1.0.202305231506/tools/bin/../lib/gcc/arm-none-eabi/11.3.1/../../../../arm-none-eabi/lib/thumb/v7-m/nofp\libc_nano.a(libc_a-wsetup.o)
                0x000000000800cfc4                __swsetup_r
 .text.memmove  0x000000000800d074       0x34 D:/STM32CubeIDE_1.13.1/STM32CubeIDE/plugins/com.st.stm32cube.ide.mcu.externaltools.gnu-tools-for-stm32.11.3.rel1.win32_1.1.0.202305231506/tools/bin/../lib/gcc/arm-none-eabi/11.3.1/../../../../arm-none-eabi/lib/thumb/v7-m/nofp\libc_nano.a(libc_a-memmove.o)
                0x000000000800d074                memmove
 .text._sbrk_r  0x000000000800d0a8       0x20 D:/STM32CubeIDE_1.13.1/STM32CubeIDE/plugins/com.st.stm32cube.ide.mcu.externaltools.gnu-tools-for-stm32.11.3.rel1.win32_1.1.0.202305231506/tools/bin/../lib/gcc/arm-none-eabi/11.3.1/../../../../arm-none-eabi/lib/thumb/v7-m/nofp\libc_nano.a(libc_a-sbrkr.o)
                0x000000000800d0a8                _sbrk_r
 .text.memchr   0x000000000800d0c8       0x1c D:/STM32CubeIDE_1.13.1/STM32CubeIDE/plugins/com.st.stm32cube.ide.mcu.externaltools.gnu-tools-for-stm32.11.3.rel1.win32_1.1.0.202305231506/tools/bin/../lib/gcc/arm-none-eabi/11.3.1/../../../../arm-none-eabi/lib/thumb/v7-m/nofp\libc_nano.a(libc_a-memchr-stub.o)
                0x000000000800d0c8                memchr
 .text.memcpy   0x000000000800d0e4       0x1c D:/STM32CubeIDE_1.13.1/STM32CubeIDE/plugins/com.st.stm32cube.ide.mcu.externaltools.gnu-tools-for-stm32.11.3.rel1.win32_1.1.0.202305231506/tools/bin/../lib/gcc/arm-none-eabi/11.3.1/../../../../arm-none-eabi/lib/thumb/v7-m/nofp\libc_nano.a(libc_a-memcpy-stub.o)
                0x000000000800d0e4                memcpy
 .text._realloc_r
                0x000000000800d100       0x5e D:/STM32CubeIDE_1.13.1/STM32CubeIDE/plugins/com.st.stm32cube.ide.mcu.externaltools.gnu-tools-for-stm32.11.3.rel1.win32_1.1.0.202305231506/tools/bin/../lib/gcc/arm-none-eabi/11.3.1/../../../../arm-none-eabi/lib/thumb/v7-m/nofp\libc_nano.a(libc_a-reallocr.o)
                0x000000000800d100                _realloc_r
 .text.__swhatbuf_r
                0x000000000800d15e       0x4a D:/STM32CubeIDE_1.13.1/STM32CubeIDE/plugins/com.st.stm32cube.ide.mcu.externaltools.gnu-tools-for-stm32.11.3.rel1.win32_1.1.0.202305231506/tools/bin/../lib/gcc/arm-none-eabi/11.3.1/../../../../arm-none-eabi/lib/thumb/v7-m/nofp\libc_nano.a(libc_a-makebuf.o)
                0x000000000800d15e                __swhatbuf_r
 .text.__smakebuf_r
                0x000000000800d1a8       0x78 D:/STM32CubeIDE_1.13.1/STM32CubeIDE/plugins/com.st.stm32cube.ide.mcu.externaltools.gnu-tools-for-stm32.11.3.rel1.win32_1.1.0.202305231506/tools/bin/../lib/gcc/arm-none-eabi/11.3.1/../../../../arm-none-eabi/lib/thumb/v7-m/nofp\libc_nano.a(libc_a-makebuf.o)
                0x000000000800d1a8                __smakebuf_r
 .text._fstat_r
                0x000000000800d220       0x24 D:/STM32CubeIDE_1.13.1/STM32CubeIDE/plugins/com.st.stm32cube.ide.mcu.externaltools.gnu-tools-for-stm32.11.3.rel1.win32_1.1.0.202305231506/tools/bin/../lib/gcc/arm-none-eabi/11.3.1/../../../../arm-none-eabi/lib/thumb/v7-m/nofp\libc_nano.a(libc_a-fstatr.o)
                0x000000000800d220                _fstat_r
 .text._isatty_r
                0x000000000800d244       0x20 D:/STM32CubeIDE_1.13.1/STM32CubeIDE/plugins/com.st.stm32cube.ide.mcu.externaltools.gnu-tools-for-stm32.11.3.rel1.win32_1.1.0.202305231506/tools/bin/../lib/gcc/arm-none-eabi/11.3.1/../../../../arm-none-eabi/lib/thumb/v7-m/nofp\libc_nano.a(libc_a-isattyr.o)
                0x000000000800d244                _isatty_r
 .text._malloc_usable_size_r
                0x000000000800d264       0x10 D:/STM32CubeIDE_1.13.1/STM32CubeIDE/plugins/com.st.stm32cube.ide.mcu.externaltools.gnu-tools-for-stm32.11.3.rel1.win32_1.1.0.202305231506/tools/bin/../lib/gcc/arm-none-eabi/11.3.1/../../../../arm-none-eabi/lib/thumb/v7-m/nofp\libc_nano.a(libc_a-msizer.o)
                0x000000000800d264                _malloc_usable_size_r
 .text.sqrt     0x000000000800d274       0x48 D:/STM32CubeIDE_1.13.1/STM32CubeIDE/plugins/com.st.stm32cube.ide.mcu.externaltools.gnu-tools-for-stm32.11.3.rel1.win32_1.1.0.202305231506/tools/bin/../lib/gcc/arm-none-eabi/11.3.1/../../../../arm-none-eabi/lib/thumb/v7-m/nofp\libm.a(libm_a-w_sqrt.o)
                0x000000000800d274                sqrt
 .text.__ieee754_sqrt
                0x000000000800d2bc      0x1b0 D:/STM32CubeIDE_1.13.1/STM32CubeIDE/plugins/com.st.stm32cube.ide.mcu.externaltools.gnu-tools-for-stm32.11.3.rel1.win32_1.1.0.202305231506/tools/bin/../lib/gcc/arm-none-eabi/11.3.1/../../../../arm-none-eabi/lib/thumb/v7-m/nofp\libm.a(libm_a-e_sqrt.o)
                0x000000000800d2bc                __ieee754_sqrt
 *(.glue_7)
 .glue_7        0x000000000800d46c        0x0 linker stubs
 *(.glue_7t)
 .glue_7t       0x000000000800d46c        0x0 linker stubs
 *(.eh_frame)
 .eh_frame      0x000000000800d46c        0x0 D:/STM32CubeIDE_1.13.1/STM32CubeIDE/plugins/com.st.stm32cube.ide.mcu.externaltools.gnu-tools-for-stm32.11.3.rel1.win32_1.1.0.202305231506/tools/bin/../lib/gcc/arm-none-eabi/11.3.1/thumb/v7-m/nofp/crtbegin.o
 *(.init)
 .init          0x000000000800d46c        0x4 D:/STM32CubeIDE_1.13.1/STM32CubeIDE/plugins/com.st.stm32cube.ide.mcu.externaltools.gnu-tools-for-stm32.11.3.rel1.win32_1.1.0.202305231506/tools/bin/../lib/gcc/arm-none-eabi/11.3.1/thumb/v7-m/nofp/crti.o
                0x000000000800d46c                _init
 .init          0x000000000800d470        0x8 D:/STM32CubeIDE_1.13.1/STM32CubeIDE/plugins/com.st.stm32cube.ide.mcu.externaltools.gnu-tools-for-stm32.11.3.rel1.win32_1.1.0.202305231506/tools/bin/../lib/gcc/arm-none-eabi/11.3.1/thumb/v7-m/nofp/crtn.o
 *(.fini)
 .fini          0x000000000800d478        0x4 D:/STM32CubeIDE_1.13.1/STM32CubeIDE/plugins/com.st.stm32cube.ide.mcu.externaltools.gnu-tools-for-stm32.11.3.rel1.win32_1.1.0.202305231506/tools/bin/../lib/gcc/arm-none-eabi/11.3.1/thumb/v7-m/nofp/crti.o
                0x000000000800d478                _fini
 .fini          0x000000000800d47c        0x8 D:/STM32CubeIDE_1.13.1/STM32CubeIDE/plugins/com.st.stm32cube.ide.mcu.externaltools.gnu-tools-for-stm32.11.3.rel1.win32_1.1.0.202305231506/tools/bin/../lib/gcc/arm-none-eabi/11.3.1/thumb/v7-m/nofp/crtn.o
                0x000000000800d484                . = ALIGN (0x4)
                0x000000000800d484                _etext = .

.vfp11_veneer   0x000000000800d484        0x0
 .vfp11_veneer  0x000000000800d484        0x0 linker stubs

.v4_bx          0x000000000800d484        0x0
 .v4_bx         0x000000000800d484        0x0 linker stubs

.iplt           0x000000000800d484        0x0
 .iplt          0x000000000800d484        0x0 D:/STM32CubeIDE_1.13.1/STM32CubeIDE/plugins/com.st.stm32cube.ide.mcu.externaltools.gnu-tools-for-stm32.11.3.rel1.win32_1.1.0.202305231506/tools/bin/../lib/gcc/arm-none-eabi/11.3.1/thumb/v7-m/nofp/crtbegin.o

.rodata         0x000000000800d484     0x1b04
                0x000000000800d484                . = ALIGN (0x4)
 *(.rodata)
 .rodata        0x000000000800d484        0xc ./Core/Src/ft5206.o
 .rodata        0x000000000800d490       0x25 ./Core/Src/gt9147.o
 *fill*         0x000000000800d4b5        0x3 
 .rodata        0x000000000800d4b8        0xd ./Core/Src/lcd.o
 *fill*         0x000000000800d4c5        0x3 
 .rodata        0x000000000800d4c8       0xd3 ./Core/Src/main.o
 *fill*         0x000000000800d59b        0x1 
 .rodata        0x000000000800d59c        0xc ./Core/Src/ott2001a.o
 .rodata        0x000000000800d5a8       0xd0 ./Core/Src/touch.o
 *(.rodata*)
 .rodata.FT5206_TPX_TBL
                0x000000000800d678        0xa ./Core/Src/ft5206.o
                0x000000000800d678                FT5206_TPX_TBL
 *fill*         0x000000000800d682        0x2 
 .rodata.GT9147_CFG_TBL
                0x000000000800d684       0xb8 ./Core/Src/gt9147.o
                0x000000000800d684                GT9147_CFG_TBL
 .rodata.GT9147_TPX_TBL
                0x000000000800d73c        0xa ./Core/Src/gt9147.o
                0x000000000800d73c                GT9147_TPX_TBL
 *fill*         0x000000000800d746        0x2 
 .rodata.asc2_1206
                0x000000000800d748      0x474 ./Core/Src/lcd.o
                0x000000000800d748                asc2_1206
 .rodata.asc2_1608
                0x000000000800dbbc      0x5f0 ./Core/Src/lcd.o
                0x000000000800dbbc                asc2_1608
 .rodata.asc2_2412
                0x000000000800e1ac      0xd5c ./Core/Src/lcd.o
                0x000000000800e1ac                asc2_2412
 .rodata.OTT_TPX_TBL
                0x000000000800ef08        0xa ./Core/Src/ott2001a.o
                0x000000000800ef08                OTT_TPX_TBL
 *fill*         0x000000000800ef12        0x2 
 .rodata.AHBPrescTable
                0x000000000800ef14       0x10 ./Core/Src/system_stm32f1xx.o
                0x000000000800ef14                AHBPrescTable
 .rodata.APBPrescTable
                0x000000000800ef24        0x8 ./Core/Src/system_stm32f1xx.o
                0x000000000800ef24                APBPrescTable
 .rodata.aPLLMULFactorTable.1
                0x000000000800ef2c       0x10 ./Drivers/STM32F1xx_HAL_Driver/Src/stm32f1xx_hal_rcc.o
 .rodata.aPredivFactorTable.0
                0x000000000800ef3c        0x2 ./Drivers/STM32F1xx_HAL_Driver/Src/stm32f1xx_hal_rcc.o
 *fill*         0x000000000800ef3e        0x2 
 .rodata.aPLLMULFactorTable.1
                0x000000000800ef40       0x10 ./Drivers/STM32F1xx_HAL_Driver/Src/stm32f1xx_hal_rcc_ex.o
 .rodata.aPredivFactorTable.0
                0x000000000800ef50        0x2 ./Drivers/STM32F1xx_HAL_Driver/Src/stm32f1xx_hal_rcc_ex.o
 .rodata._svfprintf_r.str1.1
                0x000000000800ef52       0x11 D:/STM32CubeIDE_1.13.1/STM32CubeIDE/plugins/com.st.stm32cube.ide.mcu.externaltools.gnu-tools-for-stm32.11.3.rel1.win32_1.1.0.202305231506/tools/bin/../lib/gcc/arm-none-eabi/11.3.1/../../../../arm-none-eabi/lib/thumb/v7-m/nofp\libc_nano.a(libc_a-nano-svfprintf.o)
 .rodata._vfprintf_r.str1.1
                0x000000000800ef63       0x11 D:/STM32CubeIDE_1.13.1/STM32CubeIDE/plugins/com.st.stm32cube.ide.mcu.externaltools.gnu-tools-for-stm32.11.3.rel1.win32_1.1.0.202305231506/tools/bin/../lib/gcc/arm-none-eabi/11.3.1/../../../../arm-none-eabi/lib/thumb/v7-m/nofp\libc_nano.a(libc_a-nano-vfprintf.o)
 .rodata._printf_i.str1.1
                0x000000000800ef63       0x22 D:/STM32CubeIDE_1.13.1/STM32CubeIDE/plugins/com.st.stm32cube.ide.mcu.externaltools.gnu-tools-for-stm32.11.3.rel1.win32_1.1.0.202305231506/tools/bin/../lib/gcc/arm-none-eabi/11.3.1/../../../../arm-none-eabi/lib/thumb/v7-m/nofp\libc_nano.a(libc_a-nano-vfprintf_i.o)
                0x000000000800ef88                . = ALIGN (0x4)
 *fill*         0x000000000800ef85        0x3 

.rel.dyn        0x000000000800ef88        0x0
 .rel.iplt      0x000000000800ef88        0x0 D:/STM32CubeIDE_1.13.1/STM32CubeIDE/plugins/com.st.stm32cube.ide.mcu.externaltools.gnu-tools-for-stm32.11.3.rel1.win32_1.1.0.202305231506/tools/bin/../lib/gcc/arm-none-eabi/11.3.1/thumb/v7-m/nofp/crtbegin.o

.ARM.extab      0x000000000800ef88        0x0
                0x000000000800ef88                . = ALIGN (0x4)
 *(.ARM.extab* .gnu.linkonce.armextab.*)
                0x000000000800ef88                . = ALIGN (0x4)

.ARM            0x000000000800ef88        0x0
                0x000000000800ef88                . = ALIGN (0x4)
                0x000000000800ef88                __exidx_start = .
 *(.ARM.exidx*)
                0x000000000800ef88                __exidx_end = .
                0x000000000800ef88                . = ALIGN (0x4)

.preinit_array  0x000000000800ef88        0x0
                0x000000000800ef88                . = ALIGN (0x4)
                0x000000000800ef88                PROVIDE (__preinit_array_start = .)
 *(.preinit_array*)
                0x000000000800ef88                PROVIDE (__preinit_array_end = .)
                0x000000000800ef88                . = ALIGN (0x4)

.init_array     0x000000000800ef88        0x4
                0x000000000800ef88                . = ALIGN (0x4)
                0x000000000800ef88                PROVIDE (__init_array_start = .)
 *(SORT_BY_NAME(.init_array.*))
 *(.init_array*)
 .init_array    0x000000000800ef88        0x4 D:/STM32CubeIDE_1.13.1/STM32CubeIDE/plugins/com.st.stm32cube.ide.mcu.externaltools.gnu-tools-for-stm32.11.3.rel1.win32_1.1.0.202305231506/tools/bin/../lib/gcc/arm-none-eabi/11.3.1/thumb/v7-m/nofp/crtbegin.o
                0x000000000800ef8c                PROVIDE (__init_array_end = .)
                0x000000000800ef8c                . = ALIGN (0x4)

.fini_array     0x000000000800ef8c        0x4
                0x000000000800ef8c                . = ALIGN (0x4)
                [!provide]                        PROVIDE (__fini_array_start = .)
 *(SORT_BY_NAME(.fini_array.*))
 *(.fini_array*)
 .fini_array    0x000000000800ef8c        0x4 D:/STM32CubeIDE_1.13.1/STM32CubeIDE/plugins/com.st.stm32cube.ide.mcu.externaltools.gnu-tools-for-stm32.11.3.rel1.win32_1.1.0.202305231506/tools/bin/../lib/gcc/arm-none-eabi/11.3.1/thumb/v7-m/nofp/crtbegin.o
                [!provide]                        PROVIDE (__fini_array_end = .)
                0x000000000800ef90                . = ALIGN (0x4)
                0x000000000800ef90                _sidata = LOADADDR (.data)

.data           0x0000000020000000       0xb8 load address 0x000000000800ef90
                0x0000000020000000                . = ALIGN (0x4)
                0x0000000020000000                _sdata = .
 *(.data)
 *(.data*)
 .data.key_up.0
                0x0000000020000000        0x1 ./Core/Src/key.o
 *fill*         0x0000000020000001        0x1 
 .data.BACK_COLOR
                0x0000000020000002        0x2 ./Core/Src/lcd.o
                0x0000000020000002                BACK_COLOR
 .data.SystemCoreClock
                0x0000000020000004        0x4 ./Core/Src/system_stm32f1xx.o
                0x0000000020000004                SystemCoreClock
 .data.tp_dev   0x0000000020000008       0x34 ./Core/Src/touch.o
                0x0000000020000008                tp_dev
 .data.CMD_RDX  0x000000002000003c        0x1 ./Core/Src/touch.o
                0x000000002000003c                CMD_RDX
 .data.CMD_RDY  0x000000002000003d        0x1 ./Core/Src/touch.o
                0x000000002000003d                CMD_RDY
 *fill*         0x000000002000003e        0x2 
 .data.uwTickPrio
                0x0000000020000040        0x4 ./Drivers/STM32F1xx_HAL_Driver/Src/stm32f1xx_hal.o
                0x0000000020000040                uwTickPrio
 .data.uwTickFreq
                0x0000000020000044        0x1 ./Drivers/STM32F1xx_HAL_Driver/Src/stm32f1xx_hal.o
                0x0000000020000044                uwTickFreq
 *fill*         0x0000000020000045        0x3 
 .data.__sglue  0x0000000020000048        0xc D:/STM32CubeIDE_1.13.1/STM32CubeIDE/plugins/com.st.stm32cube.ide.mcu.externaltools.gnu-tools-for-stm32.11.3.rel1.win32_1.1.0.202305231506/tools/bin/../lib/gcc/arm-none-eabi/11.3.1/../../../../arm-none-eabi/lib/thumb/v7-m/nofp\libc_nano.a(libc_a-findfp.o)
                0x0000000020000048                __sglue
 .data._impure_data
                0x0000000020000054       0x4c D:/STM32CubeIDE_1.13.1/STM32CubeIDE/plugins/com.st.stm32cube.ide.mcu.externaltools.gnu-tools-for-stm32.11.3.rel1.win32_1.1.0.202305231506/tools/bin/../lib/gcc/arm-none-eabi/11.3.1/../../../../arm-none-eabi/lib/thumb/v7-m/nofp\libc_nano.a(libc_a-impure.o)
                0x0000000020000054                _impure_data
 .data._impure_ptr
                0x00000000200000a0        0x4 D:/STM32CubeIDE_1.13.1/STM32CubeIDE/plugins/com.st.stm32cube.ide.mcu.externaltools.gnu-tools-for-stm32.11.3.rel1.win32_1.1.0.202305231506/tools/bin/../lib/gcc/arm-none-eabi/11.3.1/../../../../arm-none-eabi/lib/thumb/v7-m/nofp\libc_nano.a(libc_a-impure.o)
                0x00000000200000a0                _impure_ptr
 *fill*         0x00000000200000a4        0x4 
 .data.one      0x00000000200000a8        0x8 D:/STM32CubeIDE_1.13.1/STM32CubeIDE/plugins/com.st.stm32cube.ide.mcu.externaltools.gnu-tools-for-stm32.11.3.rel1.win32_1.1.0.202305231506/tools/bin/../lib/gcc/arm-none-eabi/11.3.1/../../../../arm-none-eabi/lib/thumb/v7-m/nofp\libm.a(libm_a-e_sqrt.o)
 .data.tiny     0x00000000200000b0        0x8 D:/STM32CubeIDE_1.13.1/STM32CubeIDE/plugins/com.st.stm32cube.ide.mcu.externaltools.gnu-tools-for-stm32.11.3.rel1.win32_1.1.0.202305231506/tools/bin/../lib/gcc/arm-none-eabi/11.3.1/../../../../arm-none-eabi/lib/thumb/v7-m/nofp\libm.a(libm_a-e_sqrt.o)
 *(.RamFunc)
 *(.RamFunc*)
                0x00000000200000b8                . = ALIGN (0x4)
                0x00000000200000b8                _edata = .

.igot.plt       0x00000000200000b8        0x0 load address 0x000000000800f048
 .igot.plt      0x00000000200000b8        0x0 D:/STM32CubeIDE_1.13.1/STM32CubeIDE/plugins/com.st.stm32cube.ide.mcu.externaltools.gnu-tools-for-stm32.11.3.rel1.win32_1.1.0.202305231506/tools/bin/../lib/gcc/arm-none-eabi/11.3.1/thumb/v7-m/nofp/crtbegin.o
                0x00000000200000b8                . = ALIGN (0x4)

.bss            0x00000000200000b8      0x37c load address 0x000000000800f048
                0x00000000200000b8                _sbss = .
                0x00000000200000b8                __bss_start__ = _sbss
 *(.bss)
 .bss           0x00000000200000b8       0x1c D:/STM32CubeIDE_1.13.1/STM32CubeIDE/plugins/com.st.stm32cube.ide.mcu.externaltools.gnu-tools-for-stm32.11.3.rel1.win32_1.1.0.202305231506/tools/bin/../lib/gcc/arm-none-eabi/11.3.1/thumb/v7-m/nofp/crtbegin.o
 *(.bss*)
 .bss.fac_us    0x00000000200000d4        0x4 ./Core/Src/delay.o
 .bss.t.0       0x00000000200000d8        0x1 ./Core/Src/ft5206.o
 .bss.t.0       0x00000000200000d9        0x1 ./Core/Src/gt9147.o
 .bss.POINT_COLOR
                0x00000000200000da        0x2 ./Core/Src/lcd.o
                0x00000000200000da                POINT_COLOR
 .bss.lcddev    0x00000000200000dc        0xe ./Core/Src/lcd.o
                0x00000000200000dc                lcddev
 *fill*         0x00000000200000ea        0x2 
 .bss.N         0x00000000200000ec        0x4 ./Core/Src/main.o
                0x00000000200000ec                N
 .bss.count     0x00000000200000f0        0x4 ./Core/Src/main.o
                0x00000000200000f0                count
 .bss.count1    0x00000000200000f4        0x4 ./Core/Src/main.o
                0x00000000200000f4                count1
 .bss.count2    0x00000000200000f8        0x4 ./Core/Src/main.o
                0x00000000200000f8                count2
 .bss.msg       0x00000000200000fc       0x64 ./Core/Src/main.o
                0x00000000200000fc                msg
 .bss.msg2      0x0000000020000160       0x64 ./Core/Src/main.o
                0x0000000020000160                msg2
 .bss.GetData   0x00000000200001c4        0x4 ./Core/Src/main.o
                0x00000000200001c4                GetData
 .bss.GetTime   0x00000000200001c8        0x3 ./Core/Src/main.o
                0x00000000200001c8                GetTime
 *fill*         0x00000000200001cb        0x1 
 .bss.hrtc      0x00000000200001cc       0x14 ./Core/Src/main.o
                0x00000000200001cc                hrtc
 .bss.huart1    0x00000000200001e0       0x48 ./Core/Src/main.o
                0x00000000200001e0                huart1
 .bss.hspi1     0x0000000020000228       0x58 ./Core/Src/main.o
                0x0000000020000228                hspi1
 .bss.htim3     0x0000000020000280       0x48 ./Core/Src/main.o
                0x0000000020000280                htim3
 .bss.t.0       0x00000000200002c8        0x1 ./Core/Src/ott2001a.o
 *fill*         0x00000000200002c9        0x3 
 .bss.rxBuffer  0x00000000200002cc       0x14 ./Core/Src/stm32f1xx_it.o
                0x00000000200002cc                rxBuffer
 .bss.__sbrk_heap_end
                0x00000000200002e0        0x4 ./Core/Src/sysmem.o
 .bss.uwTick    0x00000000200002e4        0x4 ./Drivers/STM32F1xx_HAL_Driver/Src/stm32f1xx_hal.o
                0x00000000200002e4                uwTick
 .bss.__sf      0x00000000200002e8      0x138 D:/STM32CubeIDE_1.13.1/STM32CubeIDE/plugins/com.st.stm32cube.ide.mcu.externaltools.gnu-tools-for-stm32.11.3.rel1.win32_1.1.0.202305231506/tools/bin/../lib/gcc/arm-none-eabi/11.3.1/../../../../arm-none-eabi/lib/thumb/v7-m/nofp\libc_nano.a(libc_a-findfp.o)
                0x00000000200002e8                __sf
 .bss.__stdio_exit_handler
                0x0000000020000420        0x4 D:/STM32CubeIDE_1.13.1/STM32CubeIDE/plugins/com.st.stm32cube.ide.mcu.externaltools.gnu-tools-for-stm32.11.3.rel1.win32_1.1.0.202305231506/tools/bin/../lib/gcc/arm-none-eabi/11.3.1/../../../../arm-none-eabi/lib/thumb/v7-m/nofp\libc_nano.a(libc_a-findfp.o)
                0x0000000020000420                __stdio_exit_handler
 .bss.errno     0x0000000020000424        0x4 D:/STM32CubeIDE_1.13.1/STM32CubeIDE/plugins/com.st.stm32cube.ide.mcu.externaltools.gnu-tools-for-stm32.11.3.rel1.win32_1.1.0.202305231506/tools/bin/../lib/gcc/arm-none-eabi/11.3.1/../../../../arm-none-eabi/lib/thumb/v7-m/nofp\libc_nano.a(libc_a-reent.o)
                0x0000000020000424                errno
 .bss.__lock___malloc_recursive_mutex
                0x0000000020000428        0x1 D:/STM32CubeIDE_1.13.1/STM32CubeIDE/plugins/com.st.stm32cube.ide.mcu.externaltools.gnu-tools-for-stm32.11.3.rel1.win32_1.1.0.202305231506/tools/bin/../lib/gcc/arm-none-eabi/11.3.1/../../../../arm-none-eabi/lib/thumb/v7-m/nofp\libc_nano.a(libc_a-lock.o)
                0x0000000020000428                __lock___malloc_recursive_mutex
 .bss.__lock___sfp_recursive_mutex
                0x0000000020000429        0x1 D:/STM32CubeIDE_1.13.1/STM32CubeIDE/plugins/com.st.stm32cube.ide.mcu.externaltools.gnu-tools-for-stm32.11.3.rel1.win32_1.1.0.202305231506/tools/bin/../lib/gcc/arm-none-eabi/11.3.1/../../../../arm-none-eabi/lib/thumb/v7-m/nofp\libc_nano.a(libc_a-lock.o)
                0x0000000020000429                __lock___sfp_recursive_mutex
 *fill*         0x000000002000042a        0x2 
 .bss.__malloc_free_list
                0x000000002000042c        0x4 D:/STM32CubeIDE_1.13.1/STM32CubeIDE/plugins/com.st.stm32cube.ide.mcu.externaltools.gnu-tools-for-stm32.11.3.rel1.win32_1.1.0.202305231506/tools/bin/../lib/gcc/arm-none-eabi/11.3.1/../../../../arm-none-eabi/lib/thumb/v7-m/nofp\libc_nano.a(libc_a-mallocr.o)
                0x000000002000042c                __malloc_free_list
 .bss.__malloc_sbrk_start
                0x0000000020000430        0x4 D:/STM32CubeIDE_1.13.1/STM32CubeIDE/plugins/com.st.stm32cube.ide.mcu.externaltools.gnu-tools-for-stm32.11.3.rel1.win32_1.1.0.202305231506/tools/bin/../lib/gcc/arm-none-eabi/11.3.1/../../../../arm-none-eabi/lib/thumb/v7-m/nofp\libc_nano.a(libc_a-mallocr.o)
                0x0000000020000430                __malloc_sbrk_start
 *(COMMON)
                0x0000000020000434                . = ALIGN (0x4)
                0x0000000020000434                _ebss = .
                0x0000000020000434                __bss_end__ = _ebss

._user_heap_stack
                0x0000000020000434      0x604 load address 0x000000000800f048
                0x0000000020000438                . = ALIGN (0x8)
 *fill*         0x0000000020000434        0x4 
                [!provide]                        PROVIDE (end = .)
                0x0000000020000438                PROVIDE (_end = .)
                0x0000000020000638                . = (. + _Min_Heap_Size)
 *fill*         0x0000000020000438      0x200 
                0x0000000020000a38                . = (. + _Min_Stack_Size)
 *fill*         0x0000000020000638      0x400 
                0x0000000020000a38                . = ALIGN (0x8)

/DISCARD/
 libc.a(*)
 libm.a(*)
 libgcc.a(*)

.ARM.attributes
                0x0000000000000000       0x29
 *(.ARM.attributes)
 .ARM.attributes
                0x0000000000000000       0x1d D:/STM32CubeIDE_1.13.1/STM32CubeIDE/plugins/com.st.stm32cube.ide.mcu.externaltools.gnu-tools-for-stm32.11.3.rel1.win32_1.1.0.202305231506/tools/bin/../lib/gcc/arm-none-eabi/11.3.1/thumb/v7-m/nofp/crti.o
 .ARM.attributes
                0x000000000000001d       0x2d D:/STM32CubeIDE_1.13.1/STM32CubeIDE/plugins/com.st.stm32cube.ide.mcu.externaltools.gnu-tools-for-stm32.11.3.rel1.win32_1.1.0.202305231506/tools/bin/../lib/gcc/arm-none-eabi/11.3.1/thumb/v7-m/nofp/crtbegin.o
 .ARM.attributes
                0x000000000000004a       0x2d ./Core/Src/24cxx.o
 .ARM.attributes
                0x0000000000000077       0x2d ./Core/Src/ctiic.o
 .ARM.attributes
                0x00000000000000a4       0x2d ./Core/Src/delay.o
 .ARM.attributes
                0x00000000000000d1       0x2d ./Core/Src/ft5206.o
 .ARM.attributes
                0x00000000000000fe       0x2d ./Core/Src/gt9147.o
 .ARM.attributes
                0x000000000000012b       0x2d ./Core/Src/key.o
 .ARM.attributes
                0x0000000000000158       0x2d ./Core/Src/lcd.o
 .ARM.attributes
                0x0000000000000185       0x2d ./Core/Src/led.o
 .ARM.attributes
                0x00000000000001b2       0x2d ./Core/Src/main.o
 .ARM.attributes
                0x00000000000001df       0x2d ./Core/Src/myiic.o
 .ARM.attributes
                0x000000000000020c       0x2d ./Core/Src/ott2001a.o
 .ARM.attributes
                0x0000000000000239       0x2d ./Core/Src/stm32f1xx_hal_msp.o
 .ARM.attributes
                0x0000000000000266       0x2d ./Core/Src/stm32f1xx_it.o
 .ARM.attributes
                0x0000000000000293       0x2d ./Core/Src/sys.o
 .ARM.attributes
                0x00000000000002c0       0x2d ./Core/Src/syscalls.o
 .ARM.attributes
                0x00000000000002ed       0x2d ./Core/Src/sysmem.o
 .ARM.attributes
                0x000000000000031a       0x2d ./Core/Src/system_stm32f1xx.o
 .ARM.attributes
                0x0000000000000347       0x2d ./Core/Src/touch.o
 .ARM.attributes
                0x0000000000000374       0x21 ./Core/Startup/startup_stm32f103rctx.o
 .ARM.attributes
                0x0000000000000395       0x2d ./Drivers/STM32F1xx_HAL_Driver/Src/stm32f1xx_hal.o
 .ARM.attributes
                0x00000000000003c2       0x2d ./Drivers/STM32F1xx_HAL_Driver/Src/stm32f1xx_hal_cortex.o
 .ARM.attributes
                0x00000000000003ef       0x2d ./Drivers/STM32F1xx_HAL_Driver/Src/stm32f1xx_hal_dma.o
 .ARM.attributes
                0x000000000000041c       0x2d ./Drivers/STM32F1xx_HAL_Driver/Src/stm32f1xx_hal_gpio.o
 .ARM.attributes
                0x0000000000000449       0x2d ./Drivers/STM32F1xx_HAL_Driver/Src/stm32f1xx_hal_pwr.o
 .ARM.attributes
                0x0000000000000476       0x2d ./Drivers/STM32F1xx_HAL_Driver/Src/stm32f1xx_hal_rcc.o
 .ARM.attributes
                0x00000000000004a3       0x2d ./Drivers/STM32F1xx_HAL_Driver/Src/stm32f1xx_hal_rcc_ex.o
 .ARM.attributes
                0x00000000000004d0       0x2d ./Drivers/STM32F1xx_HAL_Driver/Src/stm32f1xx_hal_rtc.o
 .ARM.attributes
                0x00000000000004fd       0x2d ./Drivers/STM32F1xx_HAL_Driver/Src/stm32f1xx_hal_rtc_ex.o
 .ARM.attributes
                0x000000000000052a       0x2d ./Drivers/STM32F1xx_HAL_Driver/Src/stm32f1xx_hal_spi.o
 .ARM.attributes
                0x0000000000000557       0x2d ./Drivers/STM32F1xx_HAL_Driver/Src/stm32f1xx_hal_tim.o
 .ARM.attributes
                0x0000000000000584       0x2d ./Drivers/STM32F1xx_HAL_Driver/Src/stm32f1xx_hal_tim_ex.o
 .ARM.attributes
                0x00000000000005b1       0x2d ./Drivers/STM32F1xx_HAL_Driver/Src/stm32f1xx_hal_uart.o
 .ARM.attributes
                0x00000000000005de       0x2d D:/STM32CubeIDE_1.13.1/STM32CubeIDE/plugins/com.st.stm32cube.ide.mcu.externaltools.gnu-tools-for-stm32.11.3.rel1.win32_1.1.0.202305231506/tools/bin/../lib/gcc/arm-none-eabi/11.3.1/../../../../arm-none-eabi/lib/thumb/v7-m/nofp\libc_nano.a(libc_a-findfp.o)
 .ARM.attributes
                0x000000000000060b       0x2d D:/STM32CubeIDE_1.13.1/STM32CubeIDE/plugins/com.st.stm32cube.ide.mcu.externaltools.gnu-tools-for-stm32.11.3.rel1.win32_1.1.0.202305231506/tools/bin/../lib/gcc/arm-none-eabi/11.3.1/../../../../arm-none-eabi/lib/thumb/v7-m/nofp\libc_nano.a(libc_a-fwalk.o)
 .ARM.attributes
                0x0000000000000638       0x2d D:/STM32CubeIDE_1.13.1/STM32CubeIDE/plugins/com.st.stm32cube.ide.mcu.externaltools.gnu-tools-for-stm32.11.3.rel1.win32_1.1.0.202305231506/tools/bin/../lib/gcc/arm-none-eabi/11.3.1/../../../../arm-none-eabi/lib/thumb/v7-m/nofp\libc_nano.a(libc_a-printf.o)
 .ARM.attributes
                0x0000000000000665       0x2d D:/STM32CubeIDE_1.13.1/STM32CubeIDE/plugins/com.st.stm32cube.ide.mcu.externaltools.gnu-tools-for-stm32.11.3.rel1.win32_1.1.0.202305231506/tools/bin/../lib/gcc/arm-none-eabi/11.3.1/../../../../arm-none-eabi/lib/thumb/v7-m/nofp\libc_nano.a(libc_a-sprintf.o)
 .ARM.attributes
                0x0000000000000692       0x2d D:/STM32CubeIDE_1.13.1/STM32CubeIDE/plugins/com.st.stm32cube.ide.mcu.externaltools.gnu-tools-for-stm32.11.3.rel1.win32_1.1.0.202305231506/tools/bin/../lib/gcc/arm-none-eabi/11.3.1/../../../../arm-none-eabi/lib/thumb/v7-m/nofp\libc_nano.a(libc_a-stdio.o)
 .ARM.attributes
                0x00000000000006bf       0x2d D:/STM32CubeIDE_1.13.1/STM32CubeIDE/plugins/com.st.stm32cube.ide.mcu.externaltools.gnu-tools-for-stm32.11.3.rel1.win32_1.1.0.202305231506/tools/bin/../lib/gcc/arm-none-eabi/11.3.1/../../../../arm-none-eabi/lib/thumb/v7-m/nofp\libc_nano.a(libc_a-memset.o)
 .ARM.attributes
                0x00000000000006ec       0x2d D:/STM32CubeIDE_1.13.1/STM32CubeIDE/plugins/com.st.stm32cube.ide.mcu.externaltools.gnu-tools-for-stm32.11.3.rel1.win32_1.1.0.202305231506/tools/bin/../lib/gcc/arm-none-eabi/11.3.1/../../../../arm-none-eabi/lib/thumb/v7-m/nofp\libc_nano.a(libc_a-closer.o)
 .ARM.attributes
                0x0000000000000719       0x2d D:/STM32CubeIDE_1.13.1/STM32CubeIDE/plugins/com.st.stm32cube.ide.mcu.externaltools.gnu-tools-for-stm32.11.3.rel1.win32_1.1.0.202305231506/tools/bin/../lib/gcc/arm-none-eabi/11.3.1/../../../../arm-none-eabi/lib/thumb/v7-m/nofp\libc_nano.a(libc_a-reent.o)
 .ARM.attributes
                0x0000000000000746       0x2d D:/STM32CubeIDE_1.13.1/STM32CubeIDE/plugins/com.st.stm32cube.ide.mcu.externaltools.gnu-tools-for-stm32.11.3.rel1.win32_1.1.0.202305231506/tools/bin/../lib/gcc/arm-none-eabi/11.3.1/../../../../arm-none-eabi/lib/thumb/v7-m/nofp\libc_nano.a(libc_a-impure.o)
 .ARM.attributes
                0x0000000000000773       0x2d D:/STM32CubeIDE_1.13.1/STM32CubeIDE/plugins/com.st.stm32cube.ide.mcu.externaltools.gnu-tools-for-stm32.11.3.rel1.win32_1.1.0.202305231506/tools/bin/../lib/gcc/arm-none-eabi/11.3.1/../../../../arm-none-eabi/lib/thumb/v7-m/nofp\libc_nano.a(libc_a-lseekr.o)
 .ARM.attributes
                0x00000000000007a0       0x2d D:/STM32CubeIDE_1.13.1/STM32CubeIDE/plugins/com.st.stm32cube.ide.mcu.externaltools.gnu-tools-for-stm32.11.3.rel1.win32_1.1.0.202305231506/tools/bin/../lib/gcc/arm-none-eabi/11.3.1/../../../../arm-none-eabi/lib/thumb/v7-m/nofp\libc_nano.a(libc_a-readr.o)