Archive member included to satisfy reference by file (symbol)

D:/STM32CubeIDE_1.13.1/STM32CubeIDE/plugins/com.st.stm32cube.ide.mcu.externaltools.gnu-tools-for-stm32.11.3.rel1.win32_1.1.0.202305231506/tools/bin/../lib/gcc/arm-none-eabi/11.3.1/../../../../arm-none-eabi/lib/thumb/v7-m/nofp\libc_nano.a(libc_a-exit.o)
                              D:/STM32CubeIDE_1.13.1/STM32CubeIDE/plugins/com.st.stm32cube.ide.mcu.externaltools.gnu-tools-for-stm32.11.3.rel1.win32_1.1.0.202305231506/tools/bin/../lib/gcc/arm-none-eabi/11.3.1/../../../../arm-none-eabi/lib/thumb/v7-m/nofp/crt0.o (exit)
D:/STM32CubeIDE_1.13.1/STM32CubeIDE/plugins/com.st.stm32cube.ide.mcu.externaltools.gnu-tools-for-stm32.11.3.rel1.win32_1.1.0.202305231506/tools/bin/../lib/gcc/arm-none-eabi/11.3.1/../../../../arm-none-eabi/lib/thumb/v7-m/nofp\libc_nano.a(libc_a-rand.o)
                              ./Core/Src/main.o (rand)
D:/STM32CubeIDE_1.13.1/STM32CubeIDE/plugins/com.st.stm32cube.ide.mcu.externaltools.gnu-tools-for-stm32.11.3.rel1.win32_1.1.0.202305231506/tools/bin/../lib/gcc/arm-none-eabi/11.3.1/../../../../arm-none-eabi/lib/thumb/v7-m/nofp\libc_nano.a(libc_a-findfp.o)
                              D:/STM32CubeIDE_1.13.1/STM32CubeIDE/plugins/com.st.stm32cube.ide.mcu.externaltools.gnu-tools-for-stm32.11.3.rel1.win32_1.1.0.202305231506/tools/bin/../lib/gcc/arm-none-eabi/11.3.1/../../../../arm-none-eabi/lib/thumb/v7-m/nofp\libc_nano.a(libc_a-exit.o) (__stdio_exit_handler)
D:/STM32CubeIDE_1.13.1/STM32CubeIDE/plugins/com.st.stm32cube.ide.mcu.externaltools.gnu-tools-for-stm32.11.3.rel1.win32_1.1.0.202305231506/tools/bin/../lib/gcc/arm-none-eabi/11.3.1/../../../../arm-none-eabi/lib/thumb/v7-m/nofp\libc_nano.a(libc_a-fwalk.o)
                              D:/STM32CubeIDE_1.13.1/STM32CubeIDE/plugins/com.st.stm32cube.ide.mcu.externaltools.gnu-tools-for-stm32.11.3.rel1.win32_1.1.0.202305231506/tools/bin/../lib/gcc/arm-none-eabi/11.3.1/../../../../arm-none-eabi/lib/thumb/v7-m/nofp\libc_nano.a(libc_a-findfp.o) (_fwalk_sglue)
D:/STM32CubeIDE_1.13.1/STM32CubeIDE/plugins/com.st.stm32cube.ide.mcu.externaltools.gnu-tools-for-stm32.11.3.rel1.win32_1.1.0.202305231506/tools/bin/../lib/gcc/arm-none-eabi/11.3.1/../../../../arm-none-eabi/lib/thumb/v7-m/nofp\libc_nano.a(libc_a-printf.o)
                              ./Core/Src/ft5206.o (printf)
D:/STM32CubeIDE_1.13.1/STM32CubeIDE/plugins/com.st.stm32cube.ide.mcu.externaltools.gnu-tools-for-stm32.11.3.rel1.win32_1.1.0.202305231506/tools/bin/../lib/gcc/arm-none-eabi/11.3.1/../../../../arm-none-eabi/lib/thumb/v7-m/nofp\libc_nano.a(libc_a-sprintf.o)
                              ./Core/Src/main.o (sprintf)
D:/STM32CubeIDE_1.13.1/STM32CubeIDE/plugins/com.st.stm32cube.ide.mcu.externaltools.gnu-tools-for-stm32.11.3.rel1.win32_1.1.0.202305231506/tools/bin/../lib/gcc/arm-none-eabi/11.3.1/../../../../arm-none-eabi/lib/thumb/v7-m/nofp\libc_nano.a(libc_a-stdio.o)
                              D:/STM32CubeIDE_1.13.1/STM32CubeIDE/plugins/com.st.stm32cube.ide.mcu.externaltools.gnu-tools-for-stm32.11.3.rel1.win32_1.1.0.202305231506/tools/bin/../lib/gcc/arm-none-eabi/11.3.1/../../../../arm-none-eabi/lib/thumb/v7-m/nofp\libc_nano.a(libc_a-findfp.o) (__sread)
D:/STM32CubeIDE_1.13.1/STM32CubeIDE/plugins/com.st.stm32cube.ide.mcu.externaltools.gnu-tools-for-stm32.11.3.rel1.win32_1.1.0.202305231506/tools/bin/../lib/gcc/arm-none-eabi/11.3.1/../../../../arm-none-eabi/lib/thumb/v7-m/nofp\libc_nano.a(libc_a-memset.o)
                              D:/STM32CubeIDE_1.13.1/STM32CubeIDE/plugins/com.st.stm32cube.ide.mcu.externaltools.gnu-tools-for-stm32.11.3.rel1.win32_1.1.0.202305231506/tools/bin/../lib/gcc/arm-none-eabi/11.3.1/../../../../arm-none-eabi/lib/thumb/v7-m/nofp/crt0.o (memset)
D:/STM32CubeIDE_1.13.1/STM32CubeIDE/plugins/com.st.stm32cube.ide.mcu.externaltools.gnu-tools-for-stm32.11.3.rel1.win32_1.1.0.202305231506/tools/bin/../lib/gcc/arm-none-eabi/11.3.1/../../../../arm-none-eabi/lib/thumb/v7-m/nofp\libc_nano.a(libc_a-closer.o)
                              D:/STM32CubeIDE_1.13.1/STM32CubeIDE/plugins/com.st.stm32cube.ide.mcu.externaltools.gnu-tools-for-stm32.11.3.rel1.win32_1.1.0.202305231506/tools/bin/../lib/gcc/arm-none-eabi/11.3.1/../../../../arm-none-eabi/lib/thumb/v7-m/nofp\libc_nano.a(libc_a-stdio.o) (_close_r)
D:/STM32CubeIDE_1.13.1/STM32CubeIDE/plugins/com.st.stm32cube.ide.mcu.externaltools.gnu-tools-for-stm32.11.3.rel1.win32_1.1.0.202305231506/tools/bin/../lib/gcc/arm-none-eabi/11.3.1/../../../../arm-none-eabi/lib/thumb/v7-m/nofp\libc_nano.a(libc_a-reent.o)
                              D:/STM32CubeIDE_1.13.1/STM32CubeIDE/plugins/com.st.stm32cube.ide.mcu.externaltools.gnu-tools-for-stm32.11.3.rel1.win32_1.1.0.202305231506/tools/bin/../lib/gcc/arm-none-eabi/11.3.1/../../../../arm-none-eabi/lib/thumb/v7-m/nofp\libc_nano.a(libc_a-closer.o) (errno)
[...]
Memory Configuration

Name             Origin             Length             Attributes
RAM              0x0000000020000000 0x000000000000c000 xrw
FLASH            0x0000000008000000 0x0000000000040000 xr
*default*        0x0000000000000000 0xffffffffffffffff

Linker script and memory map

LOAD D:/STM32CubeIDE_1.13.1/STM32CubeIDE/plugins/com.st.stm32cube.ide.mcu.externaltools.gnu-tools-for-stm32.11.3.rel1.win32_1.1.0.202305231506/tools/bin/../lib/gcc/arm-none-eabi/11.3.1/thumb/v7-m/nofp/crti.o
LOAD D:/STM32CubeIDE_1.13.1/STM32CubeIDE/plugins/com.st.stm32cube.ide.mcu.externaltools.gnu-tools-for-stm32.11.3.rel1.win32_1.1.0.202305231506/tools/bin/../lib/gcc/arm-none-eabi/11.3.1/thumb/v7-m/nofp/crtbegin.o
LOAD D:/STM32CubeIDE_1.13.1/STM32CubeIDE/plugins/com.st.stm32cube.ide.mcu.externaltools.gnu-tools-for-stm32.11.3.rel1.win32_1.1.0.202305231506/tools/bin/../lib/gcc/arm-none-eabi/11.3.1/../../../../arm-none-eabi/lib/thumb/v7-m/nofp/crt0.o
LOAD ./Core/Src/24cxx.o
LOAD ./Core/Src/24l01.o
LOAD ./Core/Src/ctiic.o
LOAD ./Core/Src/delay.o
LOAD ./Core/Src/ft5206.o
LOAD ./Core/Src/gt9147.o
LOAD ./Core/Src/key.o
LOAD ./Core/Src/lcd.o
LOAD ./Core/Src/led.o
LOAD ./Core/Src/main.o
LOAD ./Core/Src/myiic.o
LOAD ./Core/Src/ott2001a.o
LOAD ./Core/Src/spi.o
LOAD ./Core/Src/stm32f1xx_hal_msp.o
LOAD ./Core/Src/stm32f1xx_it.o
LOAD ./Core/Src/sys.o
LOAD ./Core/Src/syscalls.o
LOAD ./Core/Src/sysmem.o
LOAD ./Core/Src/system_stm32f1xx.o
LOAD ./Core/Src/touch.o
LOAD ./Core/Startup/startup_stm32f103rctx.o
LOAD ./Drivers/STM32F1xx_HAL_Driver/Src/stm32f1xx_hal.o
LOAD ./Drivers/STM32F1xx_HAL_Driver/Src/stm32f1xx_hal_cortex.o
LOAD ./Drivers/STM32F1xx_HAL_Driver/Src/stm32f1xx_hal_dma.o
LOAD ./Drivers/STM32F1xx_HAL_Driver/Src/stm32f1xx_hal_exti.o
LOAD ./Drivers/STM32F1xx_HAL_Driver/Src/stm32f1xx_hal_flash.o
LOAD ./Drivers/STM32F1xx_HAL_Driver/Src/stm32f1xx_hal_flash_ex.o
LOAD ./Drivers/STM32F1xx_HAL_Driver/Src/stm32f1xx_hal_gpio.o
LOAD ./Drivers/STM32F1xx_HAL_Driver/Src/stm32f1xx_hal_gpio_ex.o
LOAD ./Drivers/STM32F1xx_HAL_Driver/Src/stm32f1xx_hal_pwr.o
LOAD ./Drivers/STM32F1xx_HAL_Driver/Src/stm32f1xx_hal_rcc.o
LOAD ./Drivers/STM32F1xx_HAL_Driver/Src/stm32f1xx_hal_rcc_ex.o
LOAD ./Drivers/STM32F1xx_HAL_Driver/Src/stm32f1xx_hal_spi.o
LOAD ./Drivers/STM32F1xx_HAL_Driver/Src/stm32f1xx_hal_tim.o
LOAD ./Drivers/STM32F1xx_HAL_Driver/Src/stm32f1xx_hal_tim_ex.o
LOAD ./Drivers/STM32F1xx_HAL_Driver/Src/stm32f1xx_hal_uart.o
START GROUP
LOAD D:/STM32CubeIDE_1.13.1/STM32CubeIDE/plugins/com.st.stm32cube.ide.mcu.externaltools.gnu-tools-for-stm32.11.3.rel1.win32_1.1.0.202305231506/tools/bin/../lib/gcc/arm-none-eabi/11.3.1/../../../../arm-none-eabi/lib/thumb/v7-m/nofp\libc_nano.a
LOAD D:/STM32CubeIDE_1.13.1/STM32CubeIDE/plugins/com.st.stm32cube.ide.mcu.externaltools.gnu-tools-for-stm32.11.3.rel1.win32_1.1.0.202305231506/tools/bin/../lib/gcc/arm-none-eabi/11.3.1/../../../../arm-none-eabi/lib/thumb/v7-m/nofp\libm.a
END GROUP
START GROUP
LOAD D:/STM32CubeIDE_1.13.1/STM32CubeIDE/plugins/com.st.stm32cube.ide.mcu.externaltools.gnu-tools-for-stm32.11.3.rel1.win32_1.1.0.202305231506/tools/bin/../lib/gcc/arm-none-eabi/11.3.1/thumb/v7-m/nofp\libgcc.a
LOAD D:/STM32CubeIDE_1.13.1/STM32CubeIDE/plugins/com.st.stm32cube.ide.mcu.externaltools.gnu-tools-for-stm32.11.3.rel1.win32_1.1.0.202305231506/tools/bin/../lib/gcc/arm-none-eabi/11.3.1/../../../../arm-none-eabi/lib/thumb/v7-m/nofp\libc_nano.a
END GROUP
START GROUP
LOAD D:/STM32CubeIDE_1.13.1/STM32CubeIDE/plugins/com.st.stm32cube.ide.mcu.externaltools.gnu-tools-for-stm32.11.3.rel1.win32_1.1.0.202305231506/tools/bin/../lib/gcc/arm-none-eabi/11.3.1/thumb/v7-m/nofp\libgcc.a
LOAD D:/STM32CubeIDE_1.13.1/STM32CubeIDE/plugins/com.st.stm32cube.ide.mcu.externaltools.gnu-tools-for-stm32.11.3.rel1.win32_1.1.0.202305231506/tools/bin/../lib/gcc/arm-none-eabi/11.3.1/../../../../arm-none-eabi/lib/thumb/v7-m/nofp\libc_nano.a
LOAD D:/STM32CubeIDE_1.13.1/STM32CubeIDE/plugins/com.st.stm32cube.ide.mcu.externaltools.gnu-tools-for-stm32.11.3.rel1.win32_1.1.0.202305231506/tools/bin/../lib/gcc/arm-none-eabi/11.3.1/../../../../arm-none-eabi/lib/thumb/v7-m/nofp\libnosys.a
END GROUP
START GROUP
LOAD D:/STM32CubeIDE_1.13.1/STM32CubeIDE/plugins/com.st.stm32cube.ide.mcu.externaltools.gnu-tools-for-stm32.11.3.rel1.win32_1.1.0.202305231506/tools/bin/../lib/gcc/arm-none-eabi/11.3.1/thumb/v7-m/nofp\libgcc.a
LOAD D:/STM32CubeIDE_1.13.1/STM32CubeIDE/plugins/com.st.stm32cube.ide.mcu.externaltools.gnu-tools-for-stm32.11.3.rel1.win32_1.1.0.202305231506/tools/bin/../lib/gcc/arm-none-eabi/11.3.1/../../../../arm-none-eabi/lib/thumb/v7-m/nofp\libc_nano.a
LOAD D:/STM32CubeIDE_1.13.1/STM32CubeIDE/plugins/com.st.stm32cube.ide.mcu.externaltools.gnu-tools-for-stm32.11.3.rel1.win32_1.1.0.202305231506/tools/bin/../lib/gcc/arm-none-eabi/11.3.1/../../../../arm-none-eabi/lib/thumb/v7-m/nofp\libnosys.a
END GROUP
LOAD D:/STM32CubeIDE_1.13.1/STM32CubeIDE/plugins/com.st.stm32cube.ide.mcu.externaltools.gnu-tools-for-stm32.11.3.rel1.win32_1.1.0.202305231506/tools/bin/../lib/gcc/arm-none-eabi/11.3.1/thumb/v7-m/nofp/crtend.o
LOAD D:/STM32CubeIDE_1.13.1/STM32CubeIDE/plugins/com.st.stm32cube.ide.mcu.externaltools.gnu-tools-for-stm32.11.3.rel1.win32_1.1.0.202305231506/tools/bin/../lib/gcc/arm-none-eabi/11.3.1/thumb/v7-m/nofp/crtn.o
                0x000000002000c000                _estack = (ORIGIN (RAM) + LENGTH (RAM))
                0x0000000000000200                _Min_Heap_Size = 0x200
                0x0000000000000400                _Min_Stack_Size = 0x400

.isr_vector     0x0000000008000000      0x1e4
                0x0000000008000000                . = ALIGN (0x4)
 *(.isr_vector)
 .isr_vector    0x0000000008000000      0x1e4 ./Core/Startup/startup_stm32f103rctx.o
                0x0000000008000000                g_pfnVectors
                0x00000000080001e4                . = ALIGN (0x4)

.text           0x00000000080001e8     0xd1f4
                0x00000000080001e8                . = ALIGN (0x4)
 *(.text)
 .text          0x00000000080001e8       0x40 D:/STM32CubeIDE_1.13.1/STM32CubeIDE/plugins/com.st.stm32cube.ide.mcu.externaltools.gnu-tools-for-stm32.11.3.rel1.win32_1.1.0.202305231506/tools/bin/../lib/gcc/arm-none-eabi/11.3.1/thumb/v7-m/nofp/crtbegin.o
 .text          0x0000000008000228       0x14 D:/STM32CubeIDE_1.13.1/STM32CubeIDE/plugins/com.st.stm32cube.ide.mcu.externaltools.gnu-tools-for-stm32.11.3.rel1.win32_1.1.0.202305231506/tools/bin/../lib/gcc/arm-none-eabi/11.3.1/../../../../arm-none-eabi/lib/thumb/v7-m/nofp\libc_nano.a(libc_a-strcmp.o)
                0x0000000008000228                strcmp
 .text          0x000000000800023c      0x378 D:/STM32CubeIDE_1.13.1/STM32CubeIDE/plugins/com.st.stm32cube.ide.mcu.externaltools.gnu-tools-for-stm32.11.3.rel1.win32_1.1.0.202305231506/tools/bin/../lib/gcc/arm-none-eabi/11.3.1/thumb/v7-m/nofp\libgcc.a(_arm_addsubdf3.o)
                0x000000000800023c                __aeabi_drsub
                0x0000000008000244                __aeabi_dsub
                0x0000000008000244                __subdf3
                0x0000000008000248                __aeabi_dadd
                0x0000000008000248                __adddf3
                0x00000000080004c0                __floatunsidf
                0x00000000080004c0                __aeabi_ui2d
                0x00000000080004e0                __floatsidf
                0x00000000080004e0                __aeabi_i2d
                0x0000000008000504                __aeabi_f2d
                0x0000000008000504                __extendsfdf2
                0x0000000008000548                __floatundidf
                0x0000000008000548                __aeabi_ul2d
                0x0000000008000558                __floatdidf
                0x0000000008000558                __aeabi_l2d
 .text          0x00000000080005b4      0x424 D:/STM32CubeIDE_1.13.1/STM32CubeIDE/plugins/com.st.stm32cube.ide.mcu.externaltools.gnu-tools-for-stm32.11.3.rel1.win32_1.1.0.202305231506/tools/bin/../lib/gcc/arm-none-eabi/11.3.1/thumb/v7-m/nofp\libgcc.a(_arm_muldivdf3.o)
                0x00000000080005b4                __aeabi_dmul
                0x00000000080005b4                __muldf3
                0x0000000008000808                __divdf3
                0x0000000008000808                __aeabi_ddiv
 .text          0x00000000080009d8      0x110 D:/STM32CubeIDE_1.13.1/STM32CubeIDE/plugins/com.st.stm32cube.ide.mcu.externaltools.gnu-tools-for-stm32.11.3.rel1.win32_1.1.0.202305231506/tools/bin/../lib/gcc/arm-none-eabi/11.3.1/thumb/v7-m/nofp\libgcc.a(_arm_cmpdf2.o)
                0x00000000080009d8                __gtdf2
                0x00000000080009d8                __gedf2
                0x00000000080009e0                __ltdf2
                0x00000000080009e0                __ledf2
                0x00000000080009e8                __nedf2
                0x00000000080009e8                __eqdf2
                0x00000000080009e8                __cmpdf2
                0x0000000008000a64                __aeabi_cdrcmple
                0x0000000008000a74                __aeabi_cdcmpeq
                0x0000000008000a74                __aeabi_cdcmple
                0x0000000008000a84                __aeabi_dcmpeq
                0x0000000008000a98                __aeabi_dcmplt
                0x0000000008000aac                __aeabi_dcmple
                0x0000000008000ac0                __aeabi_dcmpge
                0x0000000008000ad4                __aeabi_dcmpgt
 .text          0x0000000008000ae8       0x2c D:/STM32CubeIDE_1.13.1/STM32CubeIDE/plugins/com.st.stm32cube.ide.mcu.externaltools.gnu-tools-for-stm32.11.3.rel1.win32_1.1.0.202305231506/tools/bin/../lib/gcc/arm-none-eabi/11.3.1/thumb/v7-m/nofp\libgcc.a(_arm_unorddf2.o)
                0x0000000008000ae8                __unorddf2
                0x0000000008000ae8                __aeabi_dcmpun
 .text          0x0000000008000b14       0x50 D:/STM32CubeIDE_1.13.1/STM32CubeIDE/plugins/com.st.stm32cube.ide.mcu.externaltools.gnu-tools-for-stm32.11.3.rel1.win32_1.1.0.202305231506/tools/bin/../lib/gcc/arm-none-eabi/11.3.1/thumb/v7-m/nofp\libgcc.a(_arm_fixdfsi.o)
                0x0000000008000b14                __aeabi_d2iz
                0x0000000008000b14                __fixdfsi
 .text          0x0000000008000b64       0x40 D:/STM32CubeIDE_1.13.1/STM32CubeIDE/plugins/com.st.stm32cube.ide.mcu.externaltools.gnu-tools-for-stm32.11.3.rel1.win32_1.1.0.202305231506/tools/bin/../lib/gcc/arm-none-eabi/11.3.1/thumb/v7-m/nofp\libgcc.a(_arm_fixunsdfsi.o)
                0x0000000008000b64                __aeabi_d2uiz
                0x0000000008000b64                __fixunsdfsi
 .text          0x0000000008000ba4      0x21c D:/STM32CubeIDE_1.13.1/STM32CubeIDE/plugins/com.st.stm32cube.ide.mcu.externaltools.gnu-tools-for-stm32.11.3.rel1.win32_1.1.0.202305231506/tools/bin/../lib/gcc/arm-none-eabi/11.3.1/thumb/v7-m/nofp\libgcc.a(_arm_addsubsf3.o)
                0x0000000008000ba4                __aeabi_frsub
                0x0000000008000bac                __subsf3
                0x0000000008000bac                __aeabi_fsub
                0x0000000008000bb0                __aeabi_fadd
                0x0000000008000bb0                __addsf3
                0x0000000008000d10                __aeabi_ui2f
                0x0000000008000d10                __floatunsisf
                0x0000000008000d18                __aeabi_i2f
                0x0000000008000d18                __floatsisf
                0x0000000008000d34                __aeabi_ul2f
                0x0000000008000d34                __floatundisf
                0x0000000008000d44                __aeabi_l2f
                0x0000000008000d44                __floatdisf
 .text          0x0000000008000dc0      0x2a0 D:/STM32CubeIDE_1.13.1/STM32CubeIDE/plugins/com.st.stm32cube.ide.mcu.externaltools.gnu-tools-for-stm32.11.3.rel1.win32_1.1.0.202305231506/tools/bin/../lib/gcc/arm-none-eabi/11.3.1/thumb/v7-m/nofp\libgcc.a(_arm_muldivsf3.o)
                0x0000000008000dc0                __mulsf3
                0x0000000008000dc0                __aeabi_fmul
                0x0000000008000f28                __aeabi_fdiv
                0x0000000008000f28                __divsf3
 .text          0x0000000008001060       0x4c D:/STM32CubeIDE_1.13.1/STM32CubeIDE/plugins/com.st.stm32cube.ide.mcu.externaltools.gnu-tools-for-stm32.11.3.rel1.win32_1.1.0.202305231506/tools/bin/../lib/gcc/arm-none-eabi/11.3.1/thumb/v7-m/nofp\libgcc.a(_arm_fixsfsi.o)
                0x0000000008001060                __aeabi_f2iz
                0x0000000008001060                __fixsfsi
 .text          0x00000000080010ac       0x40 D:/STM32CubeIDE_1.13.1/STM32CubeIDE/plugins/com.st.stm32cube.ide.mcu.externaltools.gnu-tools-for-stm32.11.3.rel1.win32_1.1.0.202305231506/tools/bin/../lib/gcc/arm-none-eabi/11.3.1/thumb/v7-m/nofp\libgcc.a(_arm_fixunssfsi.o)
                0x00000000080010ac                __fixunssfsi
                0x00000000080010ac                __aeabi_f2uiz
 *(.text*)
 .text.AT24CXX_Init
                0x00000000080010ec        0xc ./Core/Src/24cxx.o
                0x00000000080010ec                AT24CXX_Init
 .text.AT24CXX_ReadOneByte
                0x00000000080010f8       0x60 ./Core/Src/24cxx.o
                0x00000000080010f8                AT24CXX_ReadOneByte
 .text.AT24CXX_WriteOneByte
                0x0000000008001158       0x5a ./Core/Src/24cxx.o
                0x0000000008001158                AT24CXX_WriteOneByte
 .text.AT24CXX_Read
                0x00000000080011b2       0x3e ./Core/Src/24cxx.o
                0x00000000080011b2                AT24CXX_Read
 .text.AT24CXX_Write
                0x00000000080011f0       0x40 ./Core/Src/24cxx.o
                0x00000000080011f0                AT24CXX_Write
 .text.CT_Delay
                0x0000000008001230        0xe ./Core/Src/ctiic.o
                0x0000000008001230                CT_Delay
 *fill*         0x000000000800123e        0x2 
 .text.CT_IIC_Init
                0x0000000008001240       0x60 ./Core/Src/ctiic.o
                0x0000000008001240                CT_IIC_Init
 .text.CT_IIC_Start
                0x00000000080012a0       0x50 ./Core/Src/ctiic.o
                0x00000000080012a0                CT_IIC_Start
 .text.CT_IIC_Stop
                0x00000000080012f0       0x48 ./Core/Src/ctiic.o
                0x00000000080012f0                CT_IIC_Stop
 .text.CT_IIC_Wait_Ack
                0x0000000008001338       0x74 ./Core/Src/ctiic.o
                0x0000000008001338                CT_IIC_Wait_Ack
 .text.CT_IIC_Ack
                0x00000000080013ac       0x50 ./Core/Src/ctiic.o
                0x00000000080013ac                CT_IIC_Ack
 .text.CT_IIC_NAck
                0x00000000080013fc       0x50 ./Core/Src/ctiic.o
                0x00000000080013fc                CT_IIC_NAck
 .text.CT_IIC_Send_Byte
                0x000000000800144c       0x78 ./Core/Src/ctiic.o
                0x000000000800144c                CT_IIC_Send_Byte
 .text.CT_IIC_Read_Byte
                0x00000000080014c4       0x88 ./Core/Src/ctiic.o
                0x00000000080014c4                CT_IIC_Read_Byte
 .text.delay_init
                0x000000000800154c       0x24 ./Core/Src/delay.o
                0x000000000800154c                delay_init
 .text.delay_us
                0x0000000008001570       0x7c ./Core/Src/delay.o
                0x0000000008001570                delay_us
 .text.delay_ms
                0x00000000080015ec       0x30 ./Core/Src/delay.o
                0x00000000080015ec                delay_ms
 .text.FT5206_WR_Reg
                0x000000000800161c       0x72 ./Core/Src/ft5206.o
                0x000000000800161c                FT5206_WR_Reg
 .text.FT5206_RD_Reg
                0x000000000800168e       0x7c ./Core/Src/ft5206.o
                0x000000000800168e                FT5206_RD_Reg
 *fill*         0x000000000800170a        0x2 
 .text.FT5206_Init
                0x000000000800170c       0xf4 ./Core/Src/ft5206.o
                0x000000000800170c                FT5206_Init
 .text.FT5206_Scan
                0x0000000008001800      0x230 ./Core/Src/ft5206.o
                0x0000000008001800                FT5206_Scan
 .text.GT9147_Send_Cfg
                0x0000000008001a30       0x68 ./Core/Src/gt9147.o
                0x0000000008001a30                GT9147_Send_Cfg
 .text.GT9147_WR_Reg
                0x0000000008001a98       0x84 ./Core/Src/gt9147.o
                0x0000000008001a98                GT9147_WR_Reg
 .text.GT9147_RD_Reg
                0x0000000008001b1c       0x8e ./Core/Src/gt9147.o
                0x0000000008001b1c                GT9147_RD_Reg
 *fill*         0x0000000008001baa        0x2 
 .text.GT9147_Init
                0x0000000008001bac      0x138 ./Core/Src/gt9147.o
                0x0000000008001bac                GT9147_Init
 .text.GT9147_Scan
                0x0000000008001ce4      0x274 ./Core/Src/gt9147.o
                0x0000000008001ce4                GT9147_Scan
 .text.KEY_Init
                0x0000000008001f58       0x90 ./Core/Src/key.o
                0x0000000008001f58                KEY_Init
 .text.KEY_Scan
                0x0000000008001fe8       0xdc ./Core/Src/key.o
                0x0000000008001fe8                KEY_Scan
 .text.LCD_ShowPicture
                0x00000000080020c4       0x6e ./Core/Src/lcd.o
                0x00000000080020c4                LCD_ShowPicture
 *fill*         0x0000000008002132        0x2 
 .text.LCD_WR_REG
                0x0000000008002134       0x48 ./Core/Src/lcd.o
                0x0000000008002134                LCD_WR_REG
 .text.LCD_WR_DATAX
                0x000000000800217c       0x48 ./Core/Src/lcd.o
                0x000000000800217c                LCD_WR_DATAX
 .text.opt_delay
                0x00000000080021c4       0x22 ./Core/Src/lcd.o
                0x00000000080021c4                opt_delay
 *fill*         0x00000000080021e6        0x2 
 .text.LCD_RD_DATA
                0x00000000080021e8       0x78 ./Core/Src/lcd.o
                0x00000000080021e8                LCD_RD_DATA
 .text.LCD_WriteReg
                0x0000000008002260       0x54 ./Core/Src/lcd.o
                0x0000000008002260                LCD_WriteReg
 .text.LCD_WriteRAM_Prepare
                0x00000000080022b4       0x18 ./Core/Src/lcd.o
                0x00000000080022b4                LCD_WriteRAM_Prepare
 .text.LCD_SetCursor
                0x00000000080022cc      0x454 ./Core/Src/lcd.o
                0x00000000080022cc                LCD_SetCursor
 .text.LCD_Scan_Dir
                0x0000000008002720      0x528 ./Core/Src/lcd.o
                0x0000000008002720                LCD_Scan_Dir
 .text.LCD_DrawPoint
                0x0000000008002c48       0x60 ./Core/Src/lcd.o
                0x0000000008002c48                LCD_DrawPoint
 .text.LCD_Fast_DrawPoint
                0x0000000008002ca8      0x3f4 ./Core/Src/lcd.o
                0x0000000008002ca8                LCD_Fast_DrawPoint
 *fill*         0x000000000800309c        0x4 
 .text.LCD_SSD_BackLightSet
                0x00000000080030a0      0x148 ./Core/Src/lcd.o
                0x00000000080030a0                LCD_SSD_BackLightSet
 .text.LCD_Display_Dir
                0x00000000080031e8      0x170 ./Core/Src/lcd.o
                0x00000000080031e8                LCD_Display_Dir
 .text.LCD_Init
                0x0000000008003358     0x2c24 ./Core/Src/lcd.o
                0x0000000008003358                LCD_Init
 .text.LCD_Clear
                0x0000000008005f7c       0x84 ./Core/Src/lcd.o
                0x0000000008005f7c                LCD_Clear
 .text.LCD_Fill
                0x0000000008006000       0xa4 ./Core/Src/lcd.o
                0x0000000008006000                LCD_Fill
 .text.LCD_DrawLine
                0x00000000080060a4      0x108 ./Core/Src/lcd.o
                0x00000000080060a4                LCD_DrawLine
 .text.LCD_Draw_Circle
                0x00000000080061ac      0x13a ./Core/Src/lcd.o
                0x00000000080061ac                LCD_Draw_Circle
 *fill*         0x00000000080062e6        0x2 
 .text.LCD_ShowChar
                0x00000000080062e8      0x15c ./Core/Src/lcd.o
                0x00000000080062e8                LCD_ShowChar
 .text.LCD_Pow  0x0000000008006444       0x36 ./Core/Src/lcd.o
                0x0000000008006444                LCD_Pow
 *fill*         0x000000000800647a        0x2 
 .text.LCD_ShowNum
                0x000000000800647c       0xe4 ./Core/Src/lcd.o
                0x000000000800647c                LCD_ShowNum
 .text.LCD_ShowString
                0x0000000008006560       0x9a ./Core/Src/lcd.o
                0x0000000008006560                LCD_ShowString
 *fill*         0x00000000080065fa        0x2 
 .text.LED_Init
                0x00000000080065fc       0x90 ./Core/Src/led.o
                0x00000000080065fc                LED_Init
 .text.generate
                0x000000000800668c      0x1d8 ./Core/Src/main.o
                0x000000000800668c                generate
 .text.po       0x0000000008006864      0x100 ./Core/Src/main.o
                0x0000000008006864                po
 .text.line     0x0000000008006964      0x360 ./Core/Src/main.o
                0x0000000008006964                line
 .text.shuffleArray
                0x0000000008006cc4       0x6a ./Core/Src/main.o
                0x0000000008006cc4                shuffleArray
 *fill*         0x0000000008006d2e        0x2 
 .text.pictures2
                0x0000000008006d30      0x318 ./Core/Src/main.o
                0x0000000008006d30                pictures2
 .text.success  0x0000000008007048       0x4c ./Core/Src/main.o
                0x0000000008007048                success
 .text.lose     0x0000000008007094       0x4c ./Core/Src/main.o
                0x0000000008007094                lose
 .text.Load_Drow_Dialog
                0x00000000080070e0       0x48 ./Core/Src/main.o
                0x00000000080070e0                Load_Drow_Dialog
 .text.rtp_test
                0x0000000008007128      0x510 ./Core/Src/main.o
                0x0000000008007128                rtp_test
 .text.ctp_test
                0x0000000008007638      0x138 ./Core/Src/main.o
                0x0000000008007638                ctp_test
 .text.main     0x0000000008007770       0xd0 ./Core/Src/main.o
                0x0000000008007770                main
 .text.SystemClock_Config
                0x0000000008007840       0x8a ./Core/Src/main.o
                0x0000000008007840                SystemClock_Config
 *fill*         0x00000000080078ca        0x2 
 .text.MX_SPI1_Init
                0x00000000080078cc       0x6c ./Core/Src/main.o
 .text.MX_TIM3_Init
                0x0000000008007938       0x9c ./Core/Src/main.o
 .text.MX_USART1_UART_Init
                0x00000000080079d4       0x54 ./Core/Src/main.o
 .text.MX_GPIO_Init
                0x0000000008007a28       0x44 ./Core/Src/main.o
 .text.Error_Handler
                0x0000000008007a6c        0xa ./Core/Src/main.o
                0x0000000008007a6c                Error_Handler
 *fill*         0x0000000008007a76        0x2 
 .text.IIC_Init
                0x0000000008007a78       0x60 ./Core/Src/myiic.o
                0x0000000008007a78                IIC_Init
 .text.IIC_Start
                0x0000000008007ad8       0x50 ./Core/Src/myiic.o
                0x0000000008007ad8                IIC_Start
 .text.IIC_Stop
                0x0000000008007b28       0x50 ./Core/Src/myiic.o
                0x0000000008007b28                IIC_Stop
 .text.IIC_Wait_Ack
                0x0000000008007b78       0x78 ./Core/Src/myiic.o
                0x0000000008007b78                IIC_Wait_Ack
 .text.IIC_Ack  0x0000000008007bf0       0x50 ./Core/Src/myiic.o
                0x0000000008007bf0                IIC_Ack
 .text.IIC_NAck
                0x0000000008007c40       0x50 ./Core/Src/myiic.o
                0x0000000008007c40                IIC_NAck
 .text.IIC_Send_Byte
                0x0000000008007c90       0x80 ./Core/Src/myiic.o
                0x0000000008007c90                IIC_Send_Byte
 .text.IIC_Read_Byte
                0x0000000008007d10       0x8c ./Core/Src/myiic.o
                0x0000000008007d10                IIC_Read_Byte
 .text.OTT2001A_WR_Reg
                0x0000000008007d9c       0x84 ./Core/Src/ott2001a.o
                0x0000000008007d9c                OTT2001A_WR_Reg
 .text.OTT2001A_RD_Reg
                0x0000000008007e20       0x8e ./Core/Src/ott2001a.o
                0x0000000008007e20                OTT2001A_RD_Reg
 .text.OTT2001A_SensorControl
                0x0000000008007eae       0x30 ./Core/Src/ott2001a.o
                0x0000000008007eae                OTT2001A_SensorControl
 *fill*         0x0000000008007ede        0x2 
 .text.OTT2001A_Init
                0x0000000008007ee0       0xb0 ./Core/Src/ott2001a.o
                0x0000000008007ee0                OTT2001A_Init
 .text.OTT2001A_Scan
                0x0000000008007f90      0x254 ./Core/Src/ott2001a.o
                0x0000000008007f90                OTT2001A_Scan
 .text.HAL_MspInit
                0x00000000080081e4       0x64 ./Core/Src/stm32f1xx_hal_msp.o
                0x00000000080081e4                HAL_MspInit
 .text.HAL_SPI_MspInit
                0x0000000008008248       0x94 ./Core/Src/stm32f1xx_hal_msp.o
                0x0000000008008248                HAL_SPI_MspInit
 .text.HAL_TIM_Base_MspInit
                0x00000000080082dc       0x4c ./Core/Src/stm32f1xx_hal_msp.o
                0x00000000080082dc                HAL_TIM_Base_MspInit
 .text.HAL_UART_MspInit
                0x0000000008008328       0x98 ./Core/Src/stm32f1xx_hal_msp.o
                0x0000000008008328                HAL_UART_MspInit
 .text.NMI_Handler
                0x00000000080083c0        0x6 ./Core/Src/stm32f1xx_it.o
                0x00000000080083c0                NMI_Handler
 .text.HardFault_Handler
                0x00000000080083c6        0x6 ./Core/Src/stm32f1xx_it.o
                0x00000000080083c6                HardFault_Handler
 .text.MemManage_Handler
                0x00000000080083cc        0x6 ./Core/Src/stm32f1xx_it.o
                0x00000000080083cc                MemManage_Handler
 .text.BusFault_Handler
                0x00000000080083d2        0x6 ./Core/Src/stm32f1xx_it.o
                0x00000000080083d2                BusFault_Handler
 .text.UsageFault_Handler
                0x00000000080083d8        0x6 ./Core/Src/stm32f1xx_it.o
                0x00000000080083d8                UsageFault_Handler
 .text.SVC_Handler
                0x00000000080083de        0xc ./Core/Src/stm32f1xx_it.o
                0x00000000080083de                SVC_Handler
 .text.DebugMon_Handler
                0x00000000080083ea        0xc ./Core/Src/stm32f1xx_it.o
                0x00000000080083ea                DebugMon_Handler
 .text.PendSV_Handler
                0x00000000080083f6        0xc ./Core/Src/stm32f1xx_it.o
                0x00000000080083f6                PendSV_Handler
 .text.SysTick_Handler
                0x0000000008008402        0xc ./Core/Src/stm32f1xx_it.o
                0x0000000008008402                SysTick_Handler
 *fill*         0x000000000800840e        0x2 
 .text.TIM3_IRQHandler
                0x0000000008008410       0x14 ./Core/Src/stm32f1xx_it.o
                0x0000000008008410                TIM3_IRQHandler
 .text.HAL_TIM_PeriodElapsedCallback
                0x0000000008008424       0x38 ./Core/Src/stm32f1xx_it.o
                0x0000000008008424                HAL_TIM_PeriodElapsedCallback
 .text.Stm32_Clock_Init
                0x000000000800845c       0x7e ./Core/Src/sys.o
                0x000000000800845c                Stm32_Clock_Init
 .text._getpid  0x00000000080084da        0xe ./Core/Src/syscalls.o
                0x00000000080084da                _getpid
 .text._kill    0x00000000080084e8       0x20 ./Core/Src/syscalls.o
                0x00000000080084e8                _kill
 .text._exit    0x0000000008008508       0x14 ./Core/Src/syscalls.o
                0x0000000008008508                _exit
 .text._read    0x000000000800851c       0x3a ./Core/Src/syscalls.o
                0x000000000800851c                _read
 .text._write   0x0000000008008556       0x38 ./Core/Src/syscalls.o
                0x0000000008008556                _write
 .text._close   0x000000000800858e       0x16 ./Core/Src/syscalls.o
                0x000000000800858e                _close
 .text._fstat   0x00000000080085a4       0x1e ./Core/Src/syscalls.o
                0x00000000080085a4                _fstat
 .text._isatty  0x00000000080085c2       0x14 ./Core/Src/syscalls.o
                0x00000000080085c2                _isatty
 .text._lseek   0x00000000080085d6       0x18 ./Core/Src/syscalls.o
                0x00000000080085d6                _lseek
 *fill*         0x00000000080085ee        0x2 
 .text._sbrk    0x00000000080085f0       0x6c ./Core/Src/sysmem.o
                0x00000000080085f0                _sbrk
 .text.SystemInit
                0x000000000800865c        0xc ./Core/Src/system_stm32f1xx.o
                0x000000000800865c                SystemInit
 .text.TP_Write_Byte
                0x0000000008008668       0x60 ./Core/Src/touch.o
                0x0000000008008668                TP_Write_Byte
 .text.TP_Read_AD
                0x00000000080086c8       0xb0 ./Core/Src/touch.o
                0x00000000080086c8                TP_Read_AD
 .text.TP_Read_XOY
                0x0000000008008778       0xf4 ./Core/Src/touch.o
                0x0000000008008778                TP_Read_XOY
 .text.TP_Read_XY
                0x000000000800886c       0x44 ./Core/Src/touch.o
                0x000000000800886c                TP_Read_XY
 .text.TP_Read_XY2
                0x00000000080088b0       0xc4 ./Core/Src/touch.o
                0x00000000080088b0                TP_Read_XY2
 .text.TP_Drow_Touch_Point
                0x0000000008008974       0xa8 ./Core/Src/touch.o
                0x0000000008008974                TP_Drow_Touch_Point
 .text.TP_Draw_Big_Point
                0x0000000008008a1c       0x64 ./Core/Src/touch.o
                0x0000000008008a1c                TP_Draw_Big_Point
 .text.TP_Scan  0x0000000008008a80      0x13c ./Core/Src/touch.o
                0x0000000008008a80                TP_Scan
 .text.TP_Save_Adjdata
                0x0000000008008bbc       0x20 ./Core/Src/touch.o
                0x0000000008008bbc                TP_Save_Adjdata
 .text.TP_Get_Adjdata
                0x0000000008008bdc       0x64 ./Core/Src/touch.o
                0x0000000008008bdc                TP_Get_Adjdata
 .text.TP_Adj_Info_Show
                0x0000000008008c40      0x1c4 ./Core/Src/touch.o
                0x0000000008008c40                TP_Adj_Info_Show
 *fill*         0x0000000008008e04        0x4 
 .text.TP_Adjust
                0x0000000008008e08      0x878 ./Core/Src/touch.o
                0x0000000008008e08                TP_Adjust
 .text.TP_Init  0x0000000008009680      0x154 ./Core/Src/touch.o
                0x0000000008009680                TP_Init
 .text.Reset_Handler
                0x00000000080097d4       0x48 ./Core/Startup/startup_stm32f103rctx.o
                0x00000000080097d4                Reset_Handler
 .text.Default_Handler
                0x000000000800981c        0x2 ./Core/Startup/startup_stm32f103rctx.o
                0x000000000800981c                RTC_Alarm_IRQHandler
                0x000000000800981c                EXTI2_IRQHandler
                0x000000000800981c                TIM8_TRG_COM_IRQHandler
                0x000000000800981c                TIM8_CC_IRQHandler
                0x000000000800981c                TIM1_CC_IRQHandler
                0x000000000800981c                TIM6_IRQHandler
                0x000000000800981c                PVD_IRQHandler
                0x000000000800981c                SDIO_IRQHandler
                0x000000000800981c                EXTI3_IRQHandler
                0x000000000800981c                EXTI0_IRQHandler
                0x000000000800981c                I2C2_EV_IRQHandler
                0x000000000800981c                ADC1_2_IRQHandler
                0x000000000800981c                SPI1_IRQHandler
                0x000000000800981c                TAMPER_IRQHandler
                0x000000000800981c                TIM8_UP_IRQHandler
                0x000000000800981c                DMA2_Channel2_IRQHandler
                0x000000000800981c                DMA1_Channel4_IRQHandler
                0x000000000800981c                USART3_IRQHandler
                0x000000000800981c                RTC_IRQHandler
                0x000000000800981c                DMA1_Channel7_IRQHandler
                0x000000000800981c                CAN1_RX1_IRQHandler
                0x000000000800981c                UART5_IRQHandler
                0x000000000800981c                ADC3_IRQHandler
                0x000000000800981c                TIM4_IRQHandler
                0x000000000800981c                DMA2_Channel1_IRQHandler
                0x000000000800981c                I2C1_EV_IRQHandler
                0x000000000800981c                DMA1_Channel6_IRQHandler
                0x000000000800981c                UART4_IRQHandler
                0x000000000800981c                RCC_IRQHandler
                0x000000000800981c                TIM1_TRG_COM_IRQHandler
                0x000000000800981c                DMA1_Channel1_IRQHandler
                0x000000000800981c                Default_Handler
                0x000000000800981c                EXTI15_10_IRQHandler
                0x000000000800981c                TIM7_IRQHandler
                0x000000000800981c                TIM5_IRQHandler
                0x000000000800981c                EXTI9_5_IRQHandler
                0x000000000800981c                SPI2_IRQHandler
                0x000000000800981c                DMA1_Channel5_IRQHandler
                0x000000000800981c                EXTI4_IRQHandler
                0x000000000800981c                USB_LP_CAN1_RX0_IRQHandler
                0x000000000800981c                USB_HP_CAN1_TX_IRQHandler
                0x000000000800981c                DMA1_Channel3_IRQHandler
                0x000000000800981c                FSMC_IRQHandler
                0x000000000800981c                TIM1_UP_IRQHandler
                0x000000000800981c                WWDG_IRQHandler
                0x000000000800981c                TIM2_IRQHandler
                0x000000000800981c                TIM1_BRK_IRQHandler
                0x000000000800981c                EXTI1_IRQHandler
                0x000000000800981c                DMA2_Channel4_5_IRQHandler
                0x000000000800981c                USART2_IRQHandler
                0x000000000800981c                I2C2_ER_IRQHandler
                0x000000000800981c                DMA1_Channel2_IRQHandler
                0x000000000800981c                TIM8_BRK_IRQHandler
                0x000000000800981c                CAN1_SCE_IRQHandler
                0x000000000800981c                FLASH_IRQHandler
                0x000000000800981c                USART1_IRQHandler
                0x000000000800981c                SPI3_IRQHandler
                0x000000000800981c                I2C1_ER_IRQHandler
                0x000000000800981c                USBWakeUp_IRQHandler
                0x000000000800981c                DMA2_Channel3_IRQHandler
 *fill*         0x000000000800981e        0x2 
 .text.HAL_Init
                0x0000000008009820       0x2c ./Drivers/STM32F1xx_HAL_Driver/Src/stm32f1xx_hal.o
                0x0000000008009820                HAL_Init
 .text.HAL_InitTick
                0x000000000800984c       0x60 ./Drivers/STM32F1xx_HAL_Driver/Src/stm32f1xx_hal.o
                0x000000000800984c                HAL_InitTick
 .text.HAL_IncTick
                0x00000000080098ac       0x24 ./Drivers/STM32F1xx_HAL_Driver/Src/stm32f1xx_hal.o
                0x00000000080098ac                HAL_IncTick
 .text.HAL_GetTick
                0x00000000080098d0       0x14 ./Drivers/STM32F1xx_HAL_Driver/Src/stm32f1xx_hal.o
                0x00000000080098d0                HAL_GetTick
 .text.__NVIC_SetPriorityGrouping
                0x00000000080098e4       0x48 ./Drivers/STM32F1xx_HAL_Driver/Src/stm32f1xx_hal_cortex.o
 .text.__NVIC_GetPriorityGrouping
                0x000000000800992c       0x1c ./Drivers/STM32F1xx_HAL_Driver/Src/stm32f1xx_hal_cortex.o
 .text.__NVIC_EnableIRQ
                0x0000000008009948       0x38 ./Drivers/STM32F1xx_HAL_Driver/Src/stm32f1xx_hal_cortex.o
 .text.__NVIC_SetPriority
                0x0000000008009980       0x54 ./Drivers/STM32F1xx_HAL_Driver/Src/stm32f1xx_hal_cortex.o
 .text.NVIC_EncodePriority
                0x00000000080099d4       0x64 ./Drivers/STM32F1xx_HAL_Driver/Src/stm32f1xx_hal_cortex.o
 .text.SysTick_Config
                0x0000000008009a38       0x44 ./Drivers/STM32F1xx_HAL_Driver/Src/stm32f1xx_hal_cortex.o
 .text.HAL_NVIC_SetPriorityGrouping
                0x0000000008009a7c       0x16 ./Drivers/STM32F1xx_HAL_Driver/Src/stm32f1xx_hal_cortex.o
                0x0000000008009a7c                HAL_NVIC_SetPriorityGrouping
 .text.HAL_NVIC_SetPriority
                0x0000000008009a92       0x38 ./Drivers/STM32F1xx_HAL_Driver/Src/stm32f1xx_hal_cortex.o
                0x0000000008009a92                HAL_NVIC_SetPriority
 .text.HAL_NVIC_EnableIRQ
                0x0000000008009aca       0x1c ./Drivers/STM32F1xx_HAL_Driver/Src/stm32f1xx_hal_cortex.o
                0x0000000008009aca                HAL_NVIC_EnableIRQ
 .text.HAL_SYSTICK_Config
                0x0000000008009ae6       0x18 ./Drivers/STM32F1xx_HAL_Driver/Src/stm32f1xx_hal_cortex.o
                0x0000000008009ae6                HAL_SYSTICK_Config
 *fill*         0x0000000008009afe        0x2 
 .text.HAL_SYSTICK_CLKSourceConfig
                0x0000000008009b00       0x38 ./Drivers/STM32F1xx_HAL_Driver/Src/stm32f1xx_hal_cortex.o
                0x0000000008009b00                HAL_SYSTICK_CLKSourceConfig
 .text.HAL_GPIO_Init
                0x0000000008009b38      0x328 ./Drivers/STM32F1xx_HAL_Driver/Src/stm32f1xx_hal_gpio.o
                0x0000000008009b38                HAL_GPIO_Init
 .text.HAL_GPIO_ReadPin
                0x0000000008009e60       0x2e ./Drivers/STM32F1xx_HAL_Driver/Src/stm32f1xx_hal_gpio.o
                0x0000000008009e60                HAL_GPIO_ReadPin
 .text.HAL_GPIO_WritePin
                0x0000000008009e8e       0x30 ./Drivers/STM32F1xx_HAL_Driver/Src/stm32f1xx_hal_gpio.o
                0x0000000008009e8e                HAL_GPIO_WritePin
 *fill*         0x0000000008009ebe        0x2 
 .text.HAL_RCC_OscConfig
                0x0000000008009ec0      0x504 ./Drivers/STM32F1xx_HAL_Driver/Src/stm32f1xx_hal_rcc.o
                0x0000000008009ec0                HAL_RCC_OscConfig
 .text.HAL_RCC_ClockConfig
                0x000000000800a3c4      0x1d4 ./Drivers/STM32F1xx_HAL_Driver/Src/stm32f1xx_hal_rcc.o
                0x000000000800a3c4                HAL_RCC_ClockConfig
 .text.HAL_RCC_GetSysClockFreq
                0x000000000800a598       0xbc ./Drivers/STM32F1xx_HAL_Driver/Src/stm32f1xx_hal_rcc.o
                0x000000000800a598                HAL_RCC_GetSysClockFreq
 .text.HAL_RCC_GetHCLKFreq
                0x000000000800a654       0x14 ./Drivers/STM32F1xx_HAL_Driver/Src/stm32f1xx_hal_rcc.o
                0x000000000800a654                HAL_RCC_GetHCLKFreq
 .text.HAL_RCC_GetPCLK1Freq
                0x000000000800a668       0x28 ./Drivers/STM32F1xx_HAL_Driver/Src/stm32f1xx_hal_rcc.o
                0x000000000800a668                HAL_RCC_GetPCLK1Freq
 .text.HAL_RCC_GetPCLK2Freq
                0x000000000800a690       0x28 ./Drivers/STM32F1xx_HAL_Driver/Src/stm32f1xx_hal_rcc.o
                0x000000000800a690                HAL_RCC_GetPCLK2Freq
 .text.RCC_Delay
                0x000000000800a6b8       0x3c ./Drivers/STM32F1xx_HAL_Driver/Src/stm32f1xx_hal_rcc.o
 .text.HAL_SPI_Init
                0x000000000800a6f4      0x108 ./Drivers/STM32F1xx_HAL_Driver/Src/stm32f1xx_hal_spi.o
                0x000000000800a6f4                HAL_SPI_Init
 .text.HAL_TIM_Base_Init
                0x000000000800a7fc       0x9e ./Drivers/STM32F1xx_HAL_Driver/Src/stm32f1xx_hal_tim.o
                0x000000000800a7fc                HAL_TIM_Base_Init
 *fill*         0x000000000800a89a        0x2 
 .text.HAL_TIM_Base_Start_IT
                0x000000000800a89c       0xc0 ./Drivers/STM32F1xx_HAL_Driver/Src/stm32f1xx_hal_tim.o
                0x000000000800a89c                HAL_TIM_Base_Start_IT
 .text.HAL_TIM_IRQHandler
                0x000000000800a95c      0x210 ./Drivers/STM32F1xx_HAL_Driver/Src/stm32f1xx_hal_tim.o
                0x000000000800a95c                HAL_TIM_IRQHandler
 .text.HAL_TIM_ConfigClockSource
                0x000000000800ab6c      0x188 ./Drivers/STM32F1xx_HAL_Driver/Src/stm32f1xx_hal_tim.o
                0x000000000800ab6c                HAL_TIM_ConfigClockSource
 .text.HAL_TIM_OC_DelayElapsedCallback
                0x000000000800acf4       0x12 ./Drivers/STM32F1xx_HAL_Driver/Src/stm32f1xx_hal_tim.o
                0x000000000800acf4                HAL_TIM_OC_DelayElapsedCallback
 .text.HAL_TIM_IC_CaptureCallback
                0x000000000800ad06       0x12 ./Drivers/STM32F1xx_HAL_Driver/Src/stm32f1xx_hal_tim.o
                0x000000000800ad06                HAL_TIM_IC_CaptureCallback
 .text.HAL_TIM_PWM_PulseFinishedCallback
                0x000000000800ad18       0x12 ./Drivers/STM32F1xx_HAL_Driver/Src/stm32f1xx_hal_tim.o
                0x000000000800ad18                HAL_TIM_PWM_PulseFinishedCallback
 .text.HAL_TIM_TriggerCallback
                0x000000000800ad2a       0x12 ./Drivers/STM32F1xx_HAL_Driver/Src/stm32f1xx_hal_tim.o
                0x000000000800ad2a                HAL_TIM_TriggerCallback
 .text.TIM_Base_SetConfig
                0x000000000800ad3c       0xf4 ./Drivers/STM32F1xx_HAL_Driver/Src/stm32f1xx_hal_tim.o
                0x000000000800ad3c                TIM_Base_SetConfig
 .text.TIM_TI1_ConfigInputStage
                0x000000000800ae30       0x5c ./Drivers/STM32F1xx_HAL_Driver/Src/stm32f1xx_hal_tim.o
 .text.TIM_TI2_ConfigInputStage
                0x000000000800ae8c       0x5e ./Drivers/STM32F1xx_HAL_Driver/Src/stm32f1xx_hal_tim.o
 .text.TIM_ITRx_SetConfig
                0x000000000800aeea       0x34 ./Drivers/STM32F1xx_HAL_Driver/Src/stm32f1xx_hal_tim.o
 .text.TIM_ETR_SetConfig
                0x000000000800af1e       0x3e ./Drivers/STM32F1xx_HAL_Driver/Src/stm32f1xx_hal_tim.o
                0x000000000800af1e                TIM_ETR_SetConfig
 .text.HAL_TIMEx_MasterConfigSynchronization
                0x000000000800af5c       0xd8 ./Drivers/STM32F1xx_HAL_Driver/Src/stm32f1xx_hal_tim_ex.o
                0x000000000800af5c                HAL_TIMEx_MasterConfigSynchronization
 .text.HAL_TIMEx_CommutCallback
                0x000000000800b034       0x12 ./Drivers/STM32F1xx_HAL_Driver/Src/stm32f1xx_hal_tim_ex.o
                0x000000000800b034                HAL_TIMEx_CommutCallback
 .text.HAL_TIMEx_BreakCallback
                0x000000000800b046       0x12 ./Drivers/STM32F1xx_HAL_Driver/Src/stm32f1xx_hal_tim_ex.o
                0x000000000800b046                HAL_TIMEx_BreakCallback
 .text.HAL_UART_Init
                0x000000000800b058       0x9a ./Drivers/STM32F1xx_HAL_Driver/Src/stm32f1xx_hal_uart.o
                0x000000000800b058                HAL_UART_Init
 *fill*         0x000000000800b0f2        0x2 
 .text.UART_SetConfig
                0x000000000800b0f4      0x11c ./Drivers/STM32F1xx_HAL_Driver/Src/stm32f1xx_hal_uart.o
 .text.rand     0x000000000800b210       0x7c D:/STM32CubeIDE_1.13.1/STM32CubeIDE/plugins/com.st.stm32cube.ide.mcu.externaltools.gnu-tools-for-stm32.11.3.rel1.win32_1.1.0.202305231506/tools/bin/../lib/gcc/arm-none-eabi/11.3.1/../../../../arm-none-eabi/lib/thumb/v7-m/nofp\libc_nano.a(libc_a-rand.o)
                0x000000000800b210                rand
 .text.std      0x000000000800b28c       0x48 D:/STM32CubeIDE_1.13.1/STM32CubeIDE/plugins/com.st.stm32cube.ide.mcu.externaltools.gnu-tools-for-stm32.11.3.rel1.win32_1.1.0.202305231506/tools/bin/../lib/gcc/arm-none-eabi/11.3.1/../../../../arm-none-eabi/lib/thumb/v7-m/nofp\libc_nano.a(libc_a-findfp.o)
 .text.stdio_exit_handler
                0x000000000800b2d4       0x18 D:/STM32CubeIDE_1.13.1/STM32CubeIDE/plugins/com.st.stm32cube.ide.mcu.externaltools.gnu-tools-for-stm32.11.3.rel1.win32_1.1.0.202305231506/tools/bin/../lib/gcc/arm-none-eabi/11.3.1/../../../../arm-none-eabi/lib/thumb/v7-m/nofp\libc_nano.a(libc_a-findfp.o)
 .text.cleanup_stdio
                0x000000000800b2ec       0x40 D:/STM32CubeIDE_1.13.1/STM32CubeIDE/plugins/com.st.stm32cube.ide.mcu.externaltools.gnu-tools-for-stm32.11.3.rel1.win32_1.1.0.202305231506/tools/bin/../lib/gcc/arm-none-eabi/11.3.1/../../../../arm-none-eabi/lib/thumb/v7-m/nofp\libc_nano.a(libc_a-findfp.o)
 .text.global_stdio_init.part.0
                0x000000000800b32c       0x3c D:/STM32CubeIDE_1.13.1/STM32CubeIDE/plugins/com.st.stm32cube.ide.mcu.externaltools.gnu-tools-for-stm32.11.3.rel1.win32_1.1.0.202305231506/tools/bin/../lib/gcc/arm-none-eabi/11.3.1/../../../../arm-none-eabi/lib/thumb/v7-m/nofp\libc_nano.a(libc_a-findfp.o)
 .text.__sfp_lock_acquire
                0x000000000800b368        0xc D:/STM32CubeIDE_1.13.1/STM32CubeIDE/plugins/com.st.stm32cube.ide.mcu.externaltools.gnu-tools-for-stm32.11.3.rel1.win32_1.1.0.202305231506/tools/bin/../lib/gcc/arm-none-eabi/11.3.1/../../../../arm-none-eabi/lib/thumb/v7-m/nofp\libc_nano.a(libc_a-findfp.o)
                0x000000000800b368                __sfp_lock_acquire
 .text.__sfp_lock_release
                0x000000000800b374        0xc D:/STM32CubeIDE_1.13.1/STM32CubeIDE/plugins/com.st.stm32cube.ide.mcu.externaltools.gnu-tools-for-stm32.11.3.rel1.win32_1.1.0.202305231506/tools/bin/../lib/gcc/arm-none-eabi/11.3.1/../../../../arm-none-eabi/lib/thumb/v7-m/nofp\libc_nano.a(libc_a-findfp.o)
                0x000000000800b374                __sfp_lock_release
 .text.__sinit  0x000000000800b380       0x30 D:/STM32CubeIDE_1.13.1/STM32CubeIDE/plugins/com.st.stm32cube.ide.mcu.externaltools.gnu-tools-for-stm32.11.3.rel1.win32_1.1.0.202305231506/tools/bin/../lib/gcc/arm-none-eabi/11.3.1/../../../../arm-none-eabi/lib/thumb/v7-m/nofp\libc_nano.a(libc_a-findfp.o)
                0x000000000800b380                __sinit
 .text._fwalk_sglue
                0x000000000800b3b0       0x3c D:/STM32CubeIDE_1.13.1/STM32CubeIDE/plugins/com.st.stm32cube.ide.mcu.externaltools.gnu-tools-for-stm32.11.3.rel1.win32_1.1.0.202305231506/tools/bin/../lib/gcc/arm-none-eabi/11.3.1/../../../../arm-none-eabi/lib/thumb/v7-m/nofp\libc_nano.a(libc_a-fwalk.o)
                0x000000000800b3b0                _fwalk_sglue
 .text.printf   0x000000000800b3ec       0x24 D:/STM32CubeIDE_1.13.1/STM32CubeIDE/plugins/com.st.stm32cube.ide.mcu.externaltools.gnu-tools-for-stm32.11.3.rel1.win32_1.1.0.202305231506/tools/bin/../lib/gcc/arm-none-eabi/11.3.1/../../../../arm-none-eabi/lib/thumb/v7-m/nofp\libc_nano.a(libc_a-printf.o)
                0x000000000800b3ec                iprintf
                0x000000000800b3ec                printf
 .text.__sread  0x000000000800b410       0x22 D:/STM32CubeIDE_1.13.1/STM32CubeIDE/plugins/com.st.stm32cube.ide.mcu.externaltools.gnu-tools-for-stm32.11.3.rel1.win32_1.1.0.202305231506/tools/bin/../lib/gcc/arm-none-eabi/11.3.1/../../../../arm-none-eabi/lib/thumb/v7-m/nofp\libc_nano.a(libc_a-stdio.o)
                0x000000000800b410                __sread
 .text.__swrite
                0x000000000800b432       0x38 D:/STM32CubeIDE_1.13.1/STM32CubeIDE/plugins/com.st.stm32cube.ide.mcu.externaltools.gnu-tools-for-stm32.11.3.rel1.win32_1.1.0.202305231506/tools/bin/../lib/gcc/arm-none-eabi/11.3.1/../../../../arm-none-eabi/lib/thumb/v7-m/nofp\libc_nano.a(libc_a-stdio.o)
                0x000000000800b432                __swrite
 .text.__sseek  0x000000000800b46a       0x24 D:/STM32CubeIDE_1.13.1/STM32CubeIDE/plugins/com.st.stm32cube.ide.mcu.externaltools.gnu-tools-for-stm32.11.3.rel1.win32_1.1.0.202305231506/tools/bin/../lib/gcc/arm-none-eabi/11.3.1/../../../../arm-none-eabi/lib/thumb/v7-m/nofp\libc_nano.a(libc_a-stdio.o)
                0x000000000800b46a                __sseek
 .text.__sclose
                0x000000000800b48e        0x8 D:/STM32CubeIDE_1.13.1/STM32CubeIDE/plugins/com.st.stm32cube.ide.mcu.externaltools.gnu-tools-for-stm32.11.3.rel1.win32_1.1.0.202305231506/tools/bin/../lib/gcc/arm-none-eabi/11.3.1/../../../../arm-none-eabi/lib/thumb/v7-m/nofp\libc_nano.a(libc_a-stdio.o)
                0x000000000800b48e                __sclose
 .text.memset   0x000000000800b496       0x10 D:/STM32CubeIDE_1.13.1/STM32CubeIDE/plugins/com.st.stm32cube.ide.mcu.externaltools.gnu-tools-for-stm32.11.3.rel1.win32_1.1.0.202305231506/tools/bin/../lib/gcc/arm-none-eabi/11.3.1/../../../../arm-none-eabi/lib/thumb/v7-m/nofp\libc_nano.a(libc_a-memset.o)
                0x000000000800b496                memset
 *fill*         0x000000000800b4a6        0x2 
 .text._close_r
                0x000000000800b4a8       0x20 D:/STM32CubeIDE_1.13.1/STM32CubeIDE/plugins/com.st.stm32cube.ide.mcu.externaltools.gnu-tools-for-stm32.11.3.rel1.win32_1.1.0.202305231506/tools/bin/../lib/gcc/arm-none-eabi/11.3.1/../../../../arm-none-eabi/lib/thumb/v7-m/nofp\libc_nano.a(libc_a-closer.o)
                0x000000000800b4a8                _close_r
 .text._lseek_r
                0x000000000800b4c8       0x24 D:/STM32CubeIDE_1.13.1/STM32CubeIDE/plugins/com.st.stm32cube.ide.mcu.externaltools.gnu-tools-for-stm32.11.3.rel1.win32_1.1.0.202305231506/tools/bin/../lib/gcc/arm-none-eabi/11.3.1/../../../../arm-none-eabi/lib/thumb/v7-m/nofp\libc_nano.a(libc_a-lseekr.o)
                0x000000000800b4c8                _lseek_r
 .text._read_r  0x000000000800b4ec       0x24 D:/STM32CubeIDE_1.13.1/STM32CubeIDE/plugins/com.st.stm32cube.ide.mcu.externaltools.gnu-tools-for-stm32.11.3.rel1.win32_1.1.0.202305231506/tools/bin/../lib/gcc/arm-none-eabi/11.3.1/../../../../arm-none-eabi/lib/thumb/v7-m/nofp\libc_nano.a(libc_a-readr.o)
                0x000000000800b4ec                _read_r
 .text._write_r
                0x000000000800b510       0x24 D:/STM32CubeIDE_1.13.1/STM32CubeIDE/plugins/com.st.stm32cube.ide.mcu.externaltools.gnu-tools-for-stm32.11.3.rel1.win32_1.1.0.202305231506/tools/bin/../lib/gcc/arm-none-eabi/11.3.1/../../../../arm-none-eabi/lib/thumb/v7-m/nofp\libc_nano.a(libc_a-writer.o)
                0x000000000800b510                _write_r
 .text.__errno  0x000000000800b534        0xc D:/STM32CubeIDE_1.13.1/STM32CubeIDE/plugins/com.st.stm32cube.ide.mcu.externaltools.gnu-tools-for-stm32.11.3.rel1.win32_1.1.0.202305231506/tools/bin/../lib/gcc/arm-none-eabi/11.3.1/../../../../arm-none-eabi/lib/thumb/v7-m/nofp\libc_nano.a(libc_a-errno.o)
                0x000000000800b534                __errno
 .text.__libc_init_array
                0x000000000800b540       0x48 D:/STM32CubeIDE_1.13.1/STM32CubeIDE/plugins/com.st.stm32cube.ide.mcu.externaltools.gnu-tools-for-stm32.11.3.rel1.win32_1.1.0.202305231506/tools/bin/../lib/gcc/arm-none-eabi/11.3.1/../../../../arm-none-eabi/lib/thumb/v7-m/nofp\libc_nano.a(libc_a-init.o)
                0x000000000800b540                __libc_init_array
 .text.__retarget_lock_acquire_recursive
                0x000000000800b588        0x2 D:/STM32CubeIDE_1.13.1/STM32CubeIDE/plugins/com.st.stm32cube.ide.mcu.externaltools.gnu-tools-for-stm32.11.3.rel1.win32_1.1.0.202305231506/tools/bin/../lib/gcc/arm-none-eabi/11.3.1/../../../../arm-none-eabi/lib/thumb/v7-m/nofp\libc_nano.a(libc_a-lock.o)
                0x000000000800b588                __retarget_lock_acquire_recursive
 .text.__retarget_lock_release_recursive
                0x000000000800b58a        0x2 D:/STM32CubeIDE_1.13.1/STM32CubeIDE/plugins/com.st.stm32cube.ide.mcu.externaltools.gnu-tools-for-stm32.11.3.rel1.win32_1.1.0.202305231506/tools/bin/../lib/gcc/arm-none-eabi/11.3.1/../../../../arm-none-eabi/lib/thumb/v7-m/nofp\libc_nano.a(libc_a-lock.o)
                0x000000000800b58a                __retarget_lock_release_recursive
 .text.__assert_func
                0x000000000800b58c       0x3c D:/STM32CubeIDE_1.13.1/STM32CubeIDE/plugins/com.st.stm32cube.ide.mcu.externaltools.gnu-tools-for-stm32.11.3.rel1.win32_1.1.0.202305231506/tools/bin/../lib/gcc/arm-none-eabi/11.3.1/../../../../arm-none-eabi/lib/thumb/v7-m/nofp\libc_nano.a(libc_a-assert.o)
                0x000000000800b58c                __assert_func
 .text._free_r  0x000000000800b5c8       0x90 D:/STM32CubeIDE_1.13.1/STM32CubeIDE/plugins/com.st.stm32cube.ide.mcu.externaltools.gnu-tools-for-stm32.11.3.rel1.win32_1.1.0.202305231506/tools/bin/../lib/gcc/arm-none-eabi/11.3.1/../../../../arm-none-eabi/lib/thumb/v7-m/nofp\libc_nano.a(libc_a-freer.o)
                0x000000000800b5c8                _free_r
 .text.malloc   0x000000000800b658       0x10 D:/STM32CubeIDE_1.13.1/STM32CubeIDE/plugins/com.st.stm32cube.ide.mcu.externaltools.gnu-tools-for-stm32.11.3.rel1.win32_1.1.0.202305231506/tools/bin/../lib/gcc/arm-none-eabi/11.3.1/../../../../arm-none-eabi/lib/thumb/v7-m/nofp\libc_nano.a(libc_a-malloc.o)
                0x000000000800b658                malloc
 .text.sbrk_aligned
                0x000000000800b668       0x40 D:/STM32CubeIDE_1.13.1/STM32CubeIDE/plugins/com.st.stm32cube.ide.mcu.externaltools.gnu-tools-for-stm32.11.3.rel1.win32_1.1.0.202305231506/tools/bin/../lib/gcc/arm-none-eabi/11.3.1/../../../../arm-none-eabi/lib/thumb/v7-m/nofp\libc_nano.a(libc_a-mallocr.o)
 .text._malloc_r
                0x000000000800b6a8      0x100 D:/STM32CubeIDE_1.13.1/STM32CubeIDE/plugins/com.st.stm32cube.ide.mcu.externaltools.gnu-tools-for-stm32.11.3.rel1.win32_1.1.0.202305231506/tools/bin/../lib/gcc/arm-none-eabi/11.3.1/../../../../arm-none-eabi/lib/thumb/v7-m/nofp\libc_nano.a(libc_a-mallocr.o)
                0x000000000800b6a8                _malloc_r
 .text.__malloc_lock
                0x000000000800b7a8        0xc D:/STM32CubeIDE_1.13.1/STM32CubeIDE/plugins/com.st.stm32cube.ide.mcu.externaltools.gnu-tools-for-stm32.11.3.rel1.win32_1.1.0.202305231506/tools/bin/../lib/gcc/arm-none-eabi/11.3.1/../../../../arm-none-eabi/lib/thumb/v7-m/nofp\libc_nano.a(libc_a-mlock.o)
                0x000000000800b7a8                __malloc_lock
 .text.__malloc_unlock
                0x000000000800b7b4        0xc D:/STM32CubeIDE_1.13.1/STM32CubeIDE/plugins/com.st.stm32cube.ide.mcu.externaltools.gnu-tools-for-stm32.11.3.rel1.win32_1.1.0.202305231506/tools/bin/../lib/gcc/arm-none-eabi/11.3.1/../../../../arm-none-eabi/lib/thumb/v7-m/nofp\libc_nano.a(libc_a-mlock.o)
                0x000000000800b7b4                __malloc_unlock
 .text.__sfputc_r
                0x000000000800b7c0       0x2a D:/STM32CubeIDE_1.13.1/STM32CubeIDE/plugins/com.st.stm32cube.ide.mcu.externaltools.gnu-tools-for-stm32.11.3.rel1.win32_1.1.0.202305231506/tools/bin/../lib/gcc/arm-none-eabi/11.3.1/../../../../arm-none-eabi/lib/thumb/v7-m/nofp\libc_nano.a(libc_a-nano-vfprintf.o)
 .text.__sfputs_r
                0x000000000800b7ea       0x24 D:/STM32CubeIDE_1.13.1/STM32CubeIDE/plugins/com.st.stm32cube.ide.mcu.externaltools.gnu-tools-for-stm32.11.3.rel1.win32_1.1.0.202305231506/tools/bin/../lib/gcc/arm-none-eabi/11.3.1/../../../../arm-none-eabi/lib/thumb/v7-m/nofp\libc_nano.a(libc_a-nano-vfprintf.o)
                0x000000000800b7ea                __sfputs_r
 *fill*         0x000000000800b80e        0x2 
 .text._vfprintf_r
                0x000000000800b810      0x234 D:/STM32CubeIDE_1.13.1/STM32CubeIDE/plugins/com.st.stm32cube.ide.mcu.externaltools.gnu-tools-for-stm32.11.3.rel1.win32_1.1.0.202305231506/tools/bin/../lib/gcc/arm-none-eabi/11.3.1/../../../../arm-none-eabi/lib/thumb/v7-m/nofp\libc_nano.a(libc_a-nano-vfprintf.o)
                0x000000000800b810                _vfprintf_r
                0x000000000800b810                _vfiprintf_r
 .text._printf_common
                0x000000000800ba44       0xe4 D:/STM32CubeIDE_1.13.1/STM32CubeIDE/plugins/com.st.stm32cube.ide.mcu.externaltools.gnu-tools-for-stm32.11.3.rel1.win32_1.1.0.202305231506/tools/bin/../lib/gcc/arm-none-eabi/11.3.1/../../../../arm-none-eabi/lib/thumb/v7-m/nofp\libc_nano.a(libc_a-nano-vfprintf_i.o)
                0x000000000800ba44                _printf_common
 .text._printf_i
                0x000000000800bb28      0x244 D:/STM32CubeIDE_1.13.1/STM32CubeIDE/plugins/com.st.stm32cube.ide.mcu.externaltools.gnu-tools-for-stm32.11.3.rel1.win32_1.1.0.202305231506/tools/bin/../lib/gcc/arm-none-eabi/11.3.1/../../../../arm-none-eabi/lib/thumb/v7-m/nofp\libc_nano.a(libc_a-nano-vfprintf_i.o)
                0x000000000800bb28                _printf_i
 .text.__sflush_r
                0x000000000800bd6c      0x104 D:/STM32CubeIDE_1.13.1/STM32CubeIDE/plugins/com.st.stm32cube.ide.mcu.externaltools.gnu-tools-for-stm32.11.3.rel1.win32_1.1.0.202305231506/tools/bin/../lib/gcc/arm-none-eabi/11.3.1/../../../../arm-none-eabi/lib/thumb/v7-m/nofp\libc_nano.a(libc_a-fflush.o)
                0x000000000800bd6c                __sflush_r
 .text._fflush_r
                0x000000000800be70       0x50 D:/STM32CubeIDE_1.13.1/STM32CubeIDE/plugins/com.st.stm32cube.ide.mcu.externaltools.gnu-tools-for-stm32.11.3.rel1.win32_1.1.0.202305231506/tools/bin/../lib/gcc/arm-none-eabi/11.3.1/../../../../arm-none-eabi/lib/thumb/v7-m/nofp\libc_nano.a(libc_a-fflush.o)
                0x000000000800be70                _fflush_r
 .text.fprintf  0x000000000800bec0       0x24 D:/STM32CubeIDE_1.13.1/STM32CubeIDE/plugins/com.st.stm32cube.ide.mcu.externaltools.gnu-tools-for-stm32.11.3.rel1.win32_1.1.0.202305231506/tools/bin/../lib/gcc/arm-none-eabi/11.3.1/../../../../arm-none-eabi/lib/thumb/v7-m/nofp\libc_nano.a(libc_a-fprintf.o)
                0x000000000800bec0                fiprintf
                0x000000000800bec0                fprintf
 .text.__swbuf_r
                0x000000000800bee4       0x7a D:/STM32CubeIDE_1.13.1/STM32CubeIDE/plugins/com.st.stm32cube.ide.mcu.externaltools.gnu-tools-for-stm32.11.3.rel1.win32_1.1.0.202305231506/tools/bin/../lib/gcc/arm-none-eabi/11.3.1/../../../../arm-none-eabi/lib/thumb/v7-m/nofp\libc_nano.a(libc_a-wbuf.o)
                0x000000000800bee4                __swbuf_r
 *fill*         0x000000000800bf5e        0x2 
 .text.__swsetup_r
                0x000000000800bf60       0xb0 D:/STM32CubeIDE_1.13.1/STM32CubeIDE/plugins/com.st.stm32cube.ide.mcu.externaltools.gnu-tools-for-stm32.11.3.rel1.win32_1.1.0.202305231506/tools/bin/../lib/gcc/arm-none-eabi/11.3.1/../../../../arm-none-eabi/lib/thumb/v7-m/nofp\libc_nano.a(libc_a-wsetup.o)
                0x000000000800bf60                __swsetup_r
 .text._sbrk_r  0x000000000800c010       0x20 D:/STM32CubeIDE_1.13.1/STM32CubeIDE/plugins/com.st.stm32cube.ide.mcu.externaltools.gnu-tools-for-stm32.11.3.rel1.win32_1.1.0.202305231506/tools/bin/../lib/gcc/arm-none-eabi/11.3.1/../../../../arm-none-eabi/lib/thumb/v7-m/nofp\libc_nano.a(libc_a-sbrkr.o)
                0x000000000800c010                _sbrk_r
 .text.memchr   0x000000000800c030       0x1c D:/STM32CubeIDE_1.13.1/STM32CubeIDE/plugins/com.st.stm32cube.ide.mcu.externaltools.gnu-tools-for-stm32.11.3.rel1.win32_1.1.0.202305231506/tools/bin/../lib/gcc/arm-none-eabi/11.3.1/../../../../arm-none-eabi/lib/thumb/v7-m/nofp\libc_nano.a(libc_a-memchr-stub.o)
                0x000000000800c030                memchr
 .text.abort    0x000000000800c04c        0xe D:/STM32CubeIDE_1.13.1/STM32CubeIDE/plugins/com.st.stm32cube.ide.mcu.externaltools.gnu-tools-for-stm32.11.3.rel1.win32_1.1.0.202305231506/tools/bin/../lib/gcc/arm-none-eabi/11.3.1/../../../../arm-none-eabi/lib/thumb/v7-m/nofp\libc_nano.a(libc_a-abort.o)
                0x000000000800c04c                abort
 .text.__swhatbuf_r
                0x000000000800c05a       0x4a D:/STM32CubeIDE_1.13.1/STM32CubeIDE/plugins/com.st.stm32cube.ide.mcu.externaltools.gnu-tools-for-stm32.11.3.rel1.win32_1.1.0.202305231506/tools/bin/../lib/gcc/arm-none-eabi/11.3.1/../../../../arm-none-eabi/lib/thumb/v7-m/nofp\libc_nano.a(libc_a-makebuf.o)
                0x000000000800c05a                __swhatbuf_r
 .text.__smakebuf_r
                0x000000000800c0a4       0x78 D:/STM32CubeIDE_1.13.1/STM32CubeIDE/plugins/com.st.stm32cube.ide.mcu.externaltools.gnu-tools-for-stm32.11.3.rel1.win32_1.1.0.202305231506/tools/bin/../lib/gcc/arm-none-eabi/11.3.1/../../../../arm-none-eabi/lib/thumb/v7-m/nofp\libc_nano.a(libc_a-makebuf.o)
                0x000000000800c0a4                __smakebuf_r
 .text._raise_r
                0x000000000800c11c       0x50 D:/STM32CubeIDE_1.13.1/STM32CubeIDE/plugins/com.st.stm32cube.ide.mcu.externaltools.gnu-tools-for-stm32.11.3.rel1.win32_1.1.0.202305231506/tools/bin/../lib/gcc/arm-none-eabi/11.3.1/../../../../arm-none-eabi/lib/thumb/v7-m/nofp\libc_nano.a(libc_a-signal.o)
                0x000000000800c11c                _raise_r
 .text.raise    0x000000000800c16c       0x10 D:/STM32CubeIDE_1.13.1/STM32CubeIDE/plugins/com.st.stm32cube.ide.mcu.externaltools.gnu-tools-for-stm32.11.3.rel1.win32_1.1.0.202305231506/tools/bin/../lib/gcc/arm-none-eabi/11.3.1/../../../../arm-none-eabi/lib/thumb/v7-m/nofp\libc_nano.a(libc_a-signal.o)
                0x000000000800c16c                raise
 .text._fstat_r
                0x000000000800c17c       0x24 D:/STM32CubeIDE_1.13.1/STM32CubeIDE/plugins/com.st.stm32cube.ide.mcu.externaltools.gnu-tools-for-stm32.11.3.rel1.win32_1.1.0.202305231506/tools/bin/../lib/gcc/arm-none-eabi/11.3.1/../../../../arm-none-eabi/lib/thumb/v7-m/nofp\libc_nano.a(libc_a-fstatr.o)
                0x000000000800c17c                _fstat_r
 .text._isatty_r
                0x000000000800c1a0       0x20 D:/STM32CubeIDE_1.13.1/STM32CubeIDE/plugins/com.st.stm32cube.ide.mcu.externaltools.gnu-tools-for-stm32.11.3.rel1.win32_1.1.0.202305231506/tools/bin/../lib/gcc/arm-none-eabi/11.3.1/../../../../arm-none-eabi/lib/thumb/v7-m/nofp\libc_nano.a(libc_a-isattyr.o)
                0x000000000800c1a0                _isatty_r
 .text._kill_r  0x000000000800c1c0       0x24 D:/STM32CubeIDE_1.13.1/STM32CubeIDE/plugins/com.st.stm32cube.ide.mcu.externaltools.gnu-tools-for-stm32.11.3.rel1.win32_1.1.0.202305231506/tools/bin/../lib/gcc/arm-none-eabi/11.3.1/../../../../arm-none-eabi/lib/thumb/v7-m/nofp\libc_nano.a(libc_a-signalr.o)
                0x000000000800c1c0                _kill_r
 .text._getpid_r
                0x000000000800c1e4        0x4 D:/STM32CubeIDE_1.13.1/STM32CubeIDE/plugins/com.st.stm32cube.ide.mcu.externaltools.gnu-tools-for-stm32.11.3.rel1.win32_1.1.0.202305231506/tools/bin/../lib/gcc/arm-none-eabi/11.3.1/../../../../arm-none-eabi/lib/thumb/v7-m/nofp\libc_nano.a(libc_a-signalr.o)
                0x000000000800c1e4                _getpid_r
 .text.sqrt     0x000000000800c1e8       0x48 D:/STM32CubeIDE_1.13.1/STM32CubeIDE/plugins/com.st.stm32cube.ide.mcu.externaltools.gnu-tools-for-stm32.11.3.rel1.win32_1.1.0.202305231506/tools/bin/../lib/gcc/arm-none-eabi/11.3.1/../../../../arm-none-eabi/lib/thumb/v7-m/nofp\libm.a(libm_a-w_sqrt.o)
                0x000000000800c1e8                sqrt
 .text.sin      0x000000000800c230       0x8c D:/STM32CubeIDE_1.13.1/STM32CubeIDE/plugins/com.st.stm32cube.ide.mcu.externaltools.gnu-tools-for-stm32.11.3.rel1.win32_1.1.0.202305231506/tools/bin/../lib/gcc/arm-none-eabi/11.3.1/../../../../arm-none-eabi/lib/thumb/v7-m/nofp\libm.a(libm_a-s_sin.o)
                0x000000000800c230                sin
 .text.__ieee754_sqrt
                0x000000000800c2bc      0x1b0 D:/STM32CubeIDE_1.13.1/STM32CubeIDE/plugins/com.st.stm32cube.ide.mcu.externaltools.gnu-tools-for-stm32.11.3.rel1.win32_1.1.0.202305231506/tools/bin/../lib/gcc/arm-none-eabi/11.3.1/../../../../arm-none-eabi/lib/thumb/v7-m/nofp\libm.a(libm_a-e_sqrt.o)
                0x000000000800c2bc                __ieee754_sqrt
 *fill*         0x000000000800c46c        0x4 
 .text.floor    0x000000000800c470      0x100 D:/STM32CubeIDE_1.13.1/STM32CubeIDE/plugins/com.st.stm32cube.ide.mcu.externaltools.gnu-tools-for-stm32.11.3.rel1.win32_1.1.0.202305231506/tools/bin/../lib/gcc/arm-none-eabi/11.3.1/../../../../arm-none-eabi/lib/thumb/v7-m/nofp\libm.a(libm_a-s_floor.o)
                0x000000000800c470                floor
 .text.__kernel_cos
                0x000000000800c570      0x17c D:/STM32CubeIDE_1.13.1/STM32CubeIDE/plugins/com.st.stm32cube.ide.mcu.externaltools.gnu-tools-for-stm32.11.3.rel1.win32_1.1.0.202305231506/tools/bin/../lib/gcc/arm-none-eabi/11.3.1/../../../../arm-none-eabi/lib/thumb/v7-m/nofp\libm.a(libm_a-k_cos.o)
                0x000000000800c570                __kernel_cos
 *fill*         0x000000000800c6ec        0x4 
 .text.__kernel_sin
                0x000000000800c6f0      0x16c D:/STM32CubeIDE_1.13.1/STM32CubeIDE/plugins/com.st.stm32cube.ide.mcu.externaltools.gnu-tools-for-stm32.11.3.rel1.win32_1.1.0.202305231506/tools/bin/../lib/gcc/arm-none-eabi/11.3.1/../../../../arm-none-eabi/lib/thumb/v7-m/nofp\libm.a(libm_a-k_sin.o)
                0x000000000800c6f0                __kernel_sin
 *fill*         0x000000000800c85c        0x4 
 .text.__ieee754_rem_pio2
                0x000000000800c860      0x3e8 D:/STM32CubeIDE_1.13.1/STM32CubeIDE/plugins/com.st.stm32cube.ide.mcu.externaltools.gnu-tools-for-stm32.11.3.rel1.win32_1.1.0.202305231506/tools/bin/../lib/gcc/arm-none-eabi/11.3.1/../../../../arm-none-eabi/lib/thumb/v7-m/nofp\libm.a(libm_a-e_rem_pio2.o)
                0x000000000800c860                __ieee754_rem_pio2
 .text.fabs     0x000000000800cc48        0x8 D:/STM32CubeIDE_1.13.1/STM32CubeIDE/plugins/com.st.stm32cube.ide.mcu.externaltools.gnu-tools-for-stm32.11.3.rel1.win32_1.1.0.202305231506/tools/bin/../lib/gcc/arm-none-eabi/11.3.1/../../../../arm-none-eabi/lib/thumb/v7-m/nofp\libm.a(libm_a-s_fabs.o)
                0x000000000800cc48                fabs
 .text.__kernel_rem_pio2
                0x000000000800cc50      0x680 D:/STM32CubeIDE_1.13.1/STM32CubeIDE/plugins/com.st.stm32cube.ide.mcu.externaltools.gnu-tools-for-stm32.11.3.rel1.win32_1.1.0.202305231506/tools/bin/../lib/gcc/arm-none-eabi/11.3.1/../../../../arm-none-eabi/lib/thumb/v7-m/nofp\libm.a(libm_a-k_rem_pio2.o)
                0x000000000800cc50                __kernel_rem_pio2
 .text.scalbn   0x000000000800d2d0       0xf4 D:/STM32CubeIDE_1.13.1/STM32CubeIDE/plugins/com.st.stm32cube.ide.mcu.externaltools.gnu-tools-for-stm32.11.3.rel1.win32_1.1.0.202305231506/tools/bin/../lib/gcc/arm-none-eabi/11.3.1/../../../../arm-none-eabi/lib/thumb/v7-m/nofp\libm.a(libm_a-s_scalbn.o)
                0x000000000800d2d0                scalbn
 *(.glue_7)
 .glue_7        0x000000000800d3c4        0x0 linker stubs
 *(.glue_7t)
 .glue_7t       0x000000000800d3c4        0x0 linker stubs
 *(.eh_frame)
 .eh_frame      0x000000000800d3c4        0x0 D:/STM32CubeIDE_1.13.1/STM32CubeIDE/plugins/com.st.stm32cube.ide.mcu.externaltools.gnu-tools-for-stm32.11.3.rel1.win32_1.1.0.202305231506/tools/bin/../lib/gcc/arm-none-eabi/11.3.1/thumb/v7-m/nofp/crtbegin.o
 *(.init)
 .init          0x000000000800d3c4        0x4 D:/STM32CubeIDE_1.13.1/STM32CubeIDE/plugins/com.st.stm32cube.ide.mcu.externaltools.gnu-tools-for-stm32.11.3.rel1.win32_1.1.0.202305231506/tools/bin/../lib/gcc/arm-none-eabi/11.3.1/thumb/v7-m/nofp/crti.o
                0x000000000800d3c4                _init
 .init          0x000000000800d3c8        0x8 D:/STM32CubeIDE_1.13.1/STM32CubeIDE/plugins/com.st.stm32cube.ide.mcu.externaltools.gnu-tools-for-stm32.11.3.rel1.win32_1.1.0.202305231506/tools/bin/../lib/gcc/arm-none-eabi/11.3.1/thumb/v7-m/nofp/crtn.o
 *(.fini)
 .fini          0x000000000800d3d0        0x4 D:/STM32CubeIDE_1.13.1/STM32CubeIDE/plugins/com.st.stm32cube.ide.mcu.externaltools.gnu-tools-for-stm32.11.3.rel1.win32_1.1.0.202305231506/tools/bin/../lib/gcc/arm-none-eabi/11.3.1/thumb/v7-m/nofp/crti.o
                0x000000000800d3d0                _fini
 .fini          0x000000000800d3d4        0x8 D:/STM32CubeIDE_1.13.1/STM32CubeIDE/plugins/com.st.stm32cube.ide.mcu.externaltools.gnu-tools-for-stm32.11.3.rel1.win32_1.1.0.202305231506/tools/bin/../lib/gcc/arm-none-eabi/11.3.1/thumb/v7-m/nofp/crtn.o
                0x000000000800d3dc                . = ALIGN (0x4)
                0x000000000800d3dc                _etext = .

.vfp11_veneer   0x000000000800d3dc        0x0
 .vfp11_veneer  0x000000000800d3dc        0x0 linker stubs

.v4_bx          0x000000000800d3dc        0x0
 .v4_bx         0x000000000800d3dc        0x0 linker stubs

.iplt           0x000000000800d3dc        0x0
 .iplt          0x000000000800d3dc        0x0 D:/STM32CubeIDE_1.13.1/STM32CubeIDE/plugins/com.st.stm32cube.ide.mcu.externaltools.gnu-tools-for-stm32.11.3.rel1.win32_1.1.0.202305231506/tools/bin/../lib/gcc/arm-none-eabi/11.3.1/thumb/v7-m/nofp/crtbegin.o

.rodata         0x000000000800d3e0    0x1cf60
                0x000000000800d3e0                . = ALIGN (0x4)
 *(.rodata)
 .rodata        0x000000000800d3e0        0xc ./Core/Src/ft5206.o
 .rodata        0x000000000800d3ec       0x25 ./Core/Src/gt9147.o
 *fill*         0x000000000800d411        0x3 
 .rodata        0x000000000800d414        0xd ./Core/Src/lcd.o
 *fill*         0x000000000800d421        0x3 
 .rodata        0x000000000800d424       0xb3 ./Core/Src/main.o
 *fill*         0x000000000800d4d7        0x1 
 .rodata        0x000000000800d4d8        0xc ./Core/Src/ott2001a.o
 .rodata        0x000000000800d4e4       0xd0 ./Core/Src/touch.o
 .rodata        0x000000000800d5b4       0x10 ./Drivers/STM32F1xx_HAL_Driver/Src/stm32f1xx_hal_rcc.o
 *(.rodata*)
 .rodata.FT5206_TPX_TBL
                0x000000000800d5c4        0xa ./Core/Src/ft5206.o
                0x000000000800d5c4                FT5206_TPX_TBL
 *fill*         0x000000000800d5ce        0x2 
 .rodata.GT9147_CFG_TBL
                0x000000000800d5d0       0xb8 ./Core/Src/gt9147.o
                0x000000000800d5d0                GT9147_CFG_TBL
 .rodata.GT9147_TPX_TBL
                0x000000000800d688        0xa ./Core/Src/gt9147.o
                0x000000000800d688                GT9147_TPX_TBL
 *fill*         0x000000000800d692        0x2 
 .rodata.asc2_1206
                0x000000000800d694      0x474 ./Core/Src/lcd.o
                0x000000000800d694                asc2_1206
 .rodata.asc2_1608
                0x000000000800db08      0x5f0 ./Core/Src/lcd.o
                0x000000000800db08                asc2_1608
 .rodata.asc2_2412
                0x000000000800e0f8      0xd5c ./Core/Src/lcd.o
                0x000000000800e0f8                asc2_2412
 .rodata.gImage_loag3
                0x000000000800ee54     0x8e88 ./Core/Src/main.o
                0x000000000800ee54                gImage_loag3
 .rodata.gImage_loag1
                0x0000000008017cdc     0x210a ./Core/Src/main.o
                0x0000000008017cdc                gImage_loag1
 *fill*         0x0000000008019de6        0x2 
 .rodata.gImage_loag
                0x0000000008019de8     0x8e88 ./Core/Src/main.o
                0x0000000008019de8                gImage_loag
 .rodata.gImage_Z
                0x0000000008022c70      0xb48 ./Core/Src/main.o
                0x0000000008022c70                gImage_Z
 .rodata.gImage_2
                0x00000000080237b8      0xb48 ./Core/Src/main.o
                0x00000000080237b8                gImage_2
 .rodata.gImage_3
                0x0000000008024300      0x918 ./Core/Src/main.o
                0x0000000008024300                gImage_3
 .rodata.gImage_9
                0x0000000008024c18      0xb98 ./Core/Src/main.o
                0x0000000008024c18                gImage_9
 .rodata.gImage_A
                0x00000000080257b0      0xc88 ./Core/Src/main.o
                0x00000000080257b0                gImage_A
 .rodata.gImage_v
                0x0000000008026438      0xbe8 ./Core/Src/main.o
                0x0000000008026438                gImage_v
 .rodata.gImage_right1
                0x0000000008027020      0xc88 ./Core/Src/main.o
                0x0000000008027020                gImage_right1
 .rodata.gImage_error
                0x0000000008027ca8      0xbe8 ./Core/Src/main.o
                0x0000000008027ca8                gImage_error
 .rodata.gImage_right2
                0x0000000008028890      0xbe8 ./Core/Src/main.o
                0x0000000008028890                gImage_right2
 .rodata.gImage_right3
                0x0000000008029478      0xbe8 ./Core/Src/main.o
                0x0000000008029478                gImage_right3
 .rodata.OTT_TPX_TBL
                0x000000000802a060        0xa ./Core/Src/ott2001a.o
                0x000000000802a060                OTT_TPX_TBL
 *fill*         0x000000000802a06a        0x2 
 .rodata.AHBPrescTable
                0x000000000802a06c       0x10 ./Core/Src/system_stm32f1xx.o
                0x000000000802a06c                AHBPrescTable
 .rodata.APBPrescTable
                0x000000000802a07c        0x8 ./Core/Src/system_stm32f1xx.o
                0x000000000802a07c                APBPrescTable
 .rodata.srand.str1.1
                0x000000000802a084       0x6f D:/STM32CubeIDE_1.13.1/STM32CubeIDE/plugins/com.st.stm32cube.ide.mcu.externaltools.gnu-tools-for-stm32.11.3.rel1.win32_1.1.0.202305231506/tools/bin/../lib/gcc/arm-none-eabi/11.3.1/../../../../arm-none-eabi/lib/thumb/v7-m/nofp\libc_nano.a(libc_a-rand.o)
 .rodata.__assert_func.str1.1
                0x000000000802a0f3       0x3c D:/STM32CubeIDE_1.13.1/STM32CubeIDE/plugins/com.st.stm32cube.ide.mcu.externaltools.gnu-tools-for-stm32.11.3.rel1.win32_1.1.0.202305231506/tools/bin/../lib/gcc/arm-none-eabi/11.3.1/../../../../arm-none-eabi/lib/thumb/v7-m/nofp\libc_nano.a(libc_a-assert.o)
                                         0x3d (size before relaxing)
 .rodata._vfprintf_r.str1.1
                0x000000000802a12f       0x11 D:/STM32CubeIDE_1.13.1/STM32CubeIDE/plugins/com.st.stm32cube.ide.mcu.externaltools.gnu-tools-for-stm32.11.3.rel1.win32_1.1.0.202305231506/tools/bin/../lib/gcc/arm-none-eabi/11.3.1/../../../../arm-none-eabi/lib/thumb/v7-m/nofp\libc_nano.a(libc_a-nano-vfprintf.o)
 .rodata._printf_i.str1.1
                0x000000000802a140       0x22 D:/STM32CubeIDE_1.13.1/STM32CubeIDE/plugins/com.st.stm32cube.ide.mcu.externaltools.gnu-tools-for-stm32.11.3.rel1.win32_1.1.0.202305231506/tools/bin/../lib/gcc/arm-none-eabi/11.3.1/../../../../arm-none-eabi/lib/thumb/v7-m/nofp\libc_nano.a(libc_a-nano-vfprintf_i.o)
 *fill*         0x000000000802a162        0x2 
 .rodata.npio2_hw
                0x000000000802a164       0x80 D:/STM32CubeIDE_1.13.1/STM32CubeIDE/plugins/com.st.stm32cube.ide.mcu.externaltools.gnu-tools-for-stm32.11.3.rel1.win32_1.1.0.202305231506/tools/bin/../lib/gcc/arm-none-eabi/11.3.1/../../../../arm-none-eabi/lib/thumb/v7-m/nofp\libm.a(libm_a-e_rem_pio2.o)
 .rodata.two_over_pi
                0x000000000802a1e4      0x108 D:/STM32CubeIDE_1.13.1/STM32CubeIDE/plugins/com.st.stm32cube.ide.mcu.externaltools.gnu-tools-for-stm32.11.3.rel1.win32_1.1.0.202305231506/tools/bin/../lib/gcc/arm-none-eabi/11.3.1/../../../../arm-none-eabi/lib/thumb/v7-m/nofp\libm.a(libm_a-e_rem_pio2.o)
 *fill*         0x000000000802a2ec        0x4 
 .rodata.PIo2   0x000000000802a2f0       0x40 D:/STM32CubeIDE_1.13.1/STM32CubeIDE/plugins/com.st.stm32cube.ide.mcu.externaltools.gnu-tools-for-stm32.11.3.rel1.win32_1.1.0.202305231506/tools/bin/../lib/gcc/arm-none-eabi/11.3.1/../../../../arm-none-eabi/lib/thumb/v7-m/nofp\libm.a(libm_a-k_rem_pio2.o)
 .rodata.init_jk
                0x000000000802a330       0x10 D:/STM32CubeIDE_1.13.1/STM32CubeIDE/plugins/com.st.stm32cube.ide.mcu.externaltools.gnu-tools-for-stm32.11.3.rel1.win32_1.1.0.202305231506/tools/bin/../lib/gcc/arm-none-eabi/11.3.1/../../../../arm-none-eabi/lib/thumb/v7-m/nofp\libm.a(libm_a-k_rem_pio2.o)
                0x000000000802a340                . = ALIGN (0x4)

.rel.dyn        0x000000000802a340        0x0
 .rel.iplt      0x000000000802a340        0x0 D:/STM32CubeIDE_1.13.1/STM32CubeIDE/plugins/com.st.stm32cube.ide.mcu.externaltools.gnu-tools-for-stm32.11.3.rel1.win32_1.1.0.202305231506/tools/bin/../lib/gcc/arm-none-eabi/11.3.1/thumb/v7-m/nofp/crtbegin.o

.ARM.extab      0x000000000802a340        0x0
                0x000000000802a340                . = ALIGN (0x4)
 *(.ARM.extab* .gnu.linkonce.armextab.*)
                0x000000000802a340                . = ALIGN (0x4)

.ARM            0x000000000802a340        0x0
                0x000000000802a340                . = ALIGN (0x4)
                0x000000000802a340                __exidx_start = .
 *(.ARM.exidx*)
                0x000000000802a340                __exidx_end = .
                0x000000000802a340                . = ALIGN (0x4)

.preinit_array  0x000000000802a340        0x0
                0x000000000802a340                . = ALIGN (0x4)
                0x000000000802a340                PROVIDE (__preinit_array_start = .)
 *(.preinit_array*)
                0x000000000802a340                PROVIDE (__preinit_array_end = .)
                0x000000000802a340                . = ALIGN (0x4)

.init_array     0x000000000802a340        0x4
                0x000000000802a340                . = ALIGN (0x4)
                0x000000000802a340                PROVIDE (__init_array_start = .)
 *(SORT_BY_NAME(.init_array.*))
 *(.init_array*)
 .init_array    0x000000000802a340        0x4 D:/STM32CubeIDE_1.13.1/STM32CubeIDE/plugins/com.st.stm32cube.ide.mcu.externaltools.gnu-tools-for-stm32.11.3.rel1.win32_1.1.0.202305231506/tools/bin/../lib/gcc/arm-none-eabi/11.3.1/thumb/v7-m/nofp/crtbegin.o
                0x000000000802a344                PROVIDE (__init_array_end = .)
                0x000000000802a344                . = ALIGN (0x4)

.fini_array     0x000000000802a344        0x4
                0x000000000802a344                . = ALIGN (0x4)
                [!provide]                        PROVIDE (__fini_array_start = .)
 *(SORT_BY_NAME(.fini_array.*))
 *(.fini_array*)
 .fini_array    0x000000000802a344        0x4 D:/STM32CubeIDE_1.13.1/STM32CubeIDE/plugins/com.st.stm32cube.ide.mcu.externaltools.gnu-tools-for-stm32.11.3.rel1.win32_1.1.0.202305231506/tools/bin/../lib/gcc/arm-none-eabi/11.3.1/thumb/v7-m/nofp/crtbegin.o
                [!provide]                        PROVIDE (__fini_array_end = .)
                0x000000000802a348                . = ALIGN (0x4)
                0x000000000802a348                _sidata = LOADADDR (.data)

.data           0x0000000020000000       0xe8 load address 0x000000000802a348
                0x0000000020000000                . = ALIGN (0x4)
                0x0000000020000000                _sdata = .
 *(.data)
 *(.data*)
 .data.key_up.0
                0x0000000020000000        0x1 ./Core/Src/key.o
 *fill*         0x0000000020000001        0x1 
 .data.BACK_COLOR
                0x0000000020000002        0x2 ./Core/Src/lcd.o
                0x0000000020000002                BACK_COLOR
 .data.numbers  0x0000000020000004       0x18 ./Core/Src/main.o
                0x0000000020000004                numbers
 .data.Numbers  0x000000002000001c       0x18 ./Core/Src/main.o
                0x000000002000001c                Numbers
 .data.SystemCoreClock
                0x0000000020000034        0x4 ./Core/Src/system_stm32f1xx.o
                0x0000000020000034                SystemCoreClock
 .data.tp_dev   0x0000000020000038       0x34 ./Core/Src/touch.o
                0x0000000020000038                tp_dev
 .data.CMD_RDX  0x000000002000006c        0x1 ./Core/Src/touch.o
                0x000000002000006c                CMD_RDX
 .data.CMD_RDY  0x000000002000006d        0x1 ./Core/Src/touch.o
                0x000000002000006d                CMD_RDY
 *fill*         0x000000002000006e        0x2 
 .data.uwTickPrio
                0x0000000020000070        0x4 ./Drivers/STM32F1xx_HAL_Driver/Src/stm32f1xx_hal.o
                0x0000000020000070                uwTickPrio
 .data.uwTickFreq
                0x0000000020000074        0x1 ./Drivers/STM32F1xx_HAL_Driver/Src/stm32f1xx_hal.o
                0x0000000020000074                uwTickFreq
 *fill*         0x0000000020000075        0x3 
 .data.__sglue  0x0000000020000078        0xc D:/STM32CubeIDE_1.13.1/STM32CubeIDE/plugins/com.st.stm32cube.ide.mcu.externaltools.gnu-tools-for-stm32.11.3.rel1.win32_1.1.0.202305231506/tools/bin/../lib/gcc/arm-none-eabi/11.3.1/../../../../arm-none-eabi/lib/thumb/v7-m/nofp\libc_nano.a(libc_a-findfp.o)
                0x0000000020000078                __sglue
 .data._impure_data
                0x0000000020000084       0x4c D:/STM32CubeIDE_1.13.1/STM32CubeIDE/plugins/com.st.stm32cube.ide.mcu.externaltools.gnu-tools-for-stm32.11.3.rel1.win32_1.1.0.202305231506/tools/bin/../lib/gcc/arm-none-eabi/11.3.1/../../../../arm-none-eabi/lib/thumb/v7-m/nofp\libc_nano.a(libc_a-impure.o)
                0x0000000020000084                _impure_data
 .data._impure_ptr
                0x00000000200000d0        0x4 D:/STM32CubeIDE_1.13.1/STM32CubeIDE/plugins/com.st.stm32cube.ide.mcu.externaltools.gnu-tools-for-stm32.11.3.rel1.win32_1.1.0.202305231506/tools/bin/../lib/gcc/arm-none-eabi/11.3.1/../../../../arm-none-eabi/lib/thumb/v7-m/nofp\libc_nano.a(libc_a-impure.o)
                0x00000000200000d0                _impure_ptr
 *fill*         0x00000000200000d4        0x4 
 .data.one      0x00000000200000d8        0x8 D:/STM32CubeIDE_1.13.1/STM32CubeIDE/plugins/com.st.stm32cube.ide.mcu.externaltools.gnu-tools-for-stm32.11.3.rel1.win32_1.1.0.202305231506/tools/bin/../lib/gcc/arm-none-eabi/11.3.1/../../../../arm-none-eabi/lib/thumb/v7-m/nofp\libm.a(libm_a-e_sqrt.o)
 .data.tiny     0x00000000200000e0        0x8 D:/STM32CubeIDE_1.13.1/STM32CubeIDE/plugins/com.st.stm32cube.ide.mcu.externaltools.gnu-tools-for-stm32.11.3.rel1.win32_1.1.0.202305231506/tools/bin/../lib/gcc/arm-none-eabi/11.3.1/../../../../arm-none-eabi/lib/thumb/v7-m/nofp\libm.a(libm_a-e_sqrt.o)
 *(.RamFunc)
 *(.RamFunc*)
                0x00000000200000e8                . = ALIGN (0x4)
                0x00000000200000e8                _edata = .

.igot.plt       0x00000000200000e8        0x0 load address 0x000000000802a430
 .igot.plt      0x00000000200000e8        0x0 D:/STM32CubeIDE_1.13.1/STM32CubeIDE/plugins/com.st.stm32cube.ide.mcu.externaltools.gnu-tools-for-stm32.11.3.rel1.win32_1.1.0.202305231506/tools/bin/../lib/gcc/arm-none-eabi/11.3.1/thumb/v7-m/nofp/crtbegin.o
                0x00000000200000e8                . = ALIGN (0x4)

.bss            0x00000000200000e8      0x2b4 load address 0x000000000802a430
                0x00000000200000e8                _sbss = .
                0x00000000200000e8                __bss_start__ = _sbss
 *(.bss)
 .bss           0x00000000200000e8       0x1c D:/STM32CubeIDE_1.13.1/STM32CubeIDE/plugins/com.st.stm32cube.ide.mcu.externaltools.gnu-tools-for-stm32.11.3.rel1.win32_1.1.0.202305231506/tools/bin/../lib/gcc/arm-none-eabi/11.3.1/thumb/v7-m/nofp/crtbegin.o
 *(.bss*)
 .bss.fac_us    0x0000000020000104        0x4 ./Core/Src/delay.o
 .bss.t.0       0x0000000020000108        0x1 ./Core/Src/ft5206.o
 .bss.t.0       0x0000000020000109        0x1 ./Core/Src/gt9147.o
 .bss.POINT_COLOR
                0x000000002000010a        0x2 ./Core/Src/lcd.o
                0x000000002000010a                POINT_COLOR
 .bss.lcddev    0x000000002000010c        0xe ./Core/Src/lcd.o
                0x000000002000010c                lcddev
 *fill*         0x000000002000011a        0x2 
 .bss.N         0x000000002000011c        0x4 ./Core/Src/main.o
                0x000000002000011c                N
 .bss.S         0x0000000020000120        0x4 ./Core/Src/main.o
                0x0000000020000120                S
 .bss.count     0x0000000020000124        0x4 ./Core/Src/main.o
                0x0000000020000124                count
 .bss.count1    0x0000000020000128        0x4 ./Core/Src/main.o
                0x0000000020000128                count1
 .bss.count2    0x000000002000012c        0x4 ./Core/Src/main.o
                0x000000002000012c                count2
 .bss.points    0x0000000020000130       0x30 ./Core/Src/main.o
                0x0000000020000130                points
 .bss.huart1    0x0000000020000160       0x44 ./Core/Src/main.o
                0x0000000020000160                huart1
 .bss.hspi1     0x00000000200001a4       0x58 ./Core/Src/main.o
                0x00000000200001a4                hspi1
 .bss.htim3     0x00000000200001fc       0x48 ./Core/Src/main.o
                0x00000000200001fc                htim3
 .bss.t.0       0x0000000020000244        0x1 ./Core/Src/ott2001a.o
 *fill*         0x0000000020000245        0x3 
 .bss.__sbrk_heap_end
                0x0000000020000248        0x4 ./Core/Src/sysmem.o
 .bss.uwTick    0x000000002000024c        0x4 ./Drivers/STM32F1xx_HAL_Driver/Src/stm32f1xx_hal.o
                0x000000002000024c                uwTick
 .bss.__sf      0x0000000020000250      0x138 D:/STM32CubeIDE_1.13.1/STM32CubeIDE/plugins/com.st.stm32cube.ide.mcu.externaltools.gnu-tools-for-stm32.11.3.rel1.win32_1.1.0.202305231506/tools/bin/../lib/gcc/arm-none-eabi/11.3.1/../../../../arm-none-eabi/lib/thumb/v7-m/nofp\libc_nano.a(libc_a-findfp.o)
                0x0000000020000250                __sf
 .bss.__stdio_exit_handler
                0x0000000020000388        0x4 D:/STM32CubeIDE_1.13.1/STM32CubeIDE/plugins/com.st.stm32cube.ide.mcu.externaltools.gnu-tools-for-stm32.11.3.rel1.win32_1.1.0.202305231506/tools/bin/../lib/gcc/arm-none-eabi/11.3.1/../../../../arm-none-eabi/lib/thumb/v7-m/nofp\libc_nano.a(libc_a-findfp.o)
                0x0000000020000388                __stdio_exit_handler
 .bss.errno     0x000000002000038c        0x4 D:/STM32CubeIDE_1.13.1/STM32CubeIDE/plugins/com.st.stm32cube.ide.mcu.externaltools.gnu-tools-for-stm32.11.3.rel1.win32_1.1.0.202305231506/tools/bin/../lib/gcc/arm-none-eabi/11.3.1/../../../../arm-none-eabi/lib/thumb/v7-m/nofp\libc_nano.a(libc_a-reent.o)
                0x000000002000038c                errno
 .bss.__lock___malloc_recursive_mutex
                0x0000000020000390        0x1 D:/STM32CubeIDE_1.13.1/STM32CubeIDE/plugins/com.st.stm32cube.ide.mcu.externaltools.gnu-tools-for-stm32.11.3.rel1.win32_1.1.0.202305231506/tools/bin/../lib/gcc/arm-none-eabi/11.3.1/../../../../arm-none-eabi/lib/thumb/v7-m/nofp\libc_nano.a(libc_a-lock.o)
                0x0000000020000390                __lock___malloc_recursive_mutex
 .bss.__lock___sfp_recursive_mutex
                0x0000000020000391        0x1 D:/STM32CubeIDE_1.13.1/STM32CubeIDE/plugins/com.st.stm32cube.ide.mcu.externaltools.gnu-tools-for-stm32.11.3.rel1.win32_1.1.0.202305231506/tools/bin/../lib/gcc/arm-none-eabi/11.3.1/../../../../arm-none-eabi/lib/thumb/v7-m/nofp\libc_nano.a(libc_a-lock.o)
                0x0000000020000391                __lock___sfp_recursive_mutex
 *fill*         0x0000000020000392        0x2 
 .bss.__malloc_free_list
                0x0000000020000394        0x4 D:/STM32CubeIDE_1.13.1/STM32CubeIDE/plugins/com.st.stm32cube.ide.mcu.externaltools.gnu-tools-for-stm32.11.3.rel1.win32_1.1.0.202305231506/tools/bin/../lib/gcc/arm-none-eabi/11.3.1/../../../../arm-none-eabi/lib/thumb/v7-m/nofp\libc_nano.a(libc_a-mallocr.o)
                0x0000000020000394                __malloc_free_list
 .bss.__malloc_sbrk_start
                0x0000000020000398        0x4 D:/STM32CubeIDE_1.13.1/STM32CubeIDE/plugins/com.st.stm32cube.ide.mcu.externaltools.gnu-tools-for-stm32.11.3.rel1.win32_1.1.0.202305231506/tools/bin/../lib/gcc/arm-none-eabi/11.3.1/../../../../arm-none-eabi/lib/thumb/v7-m/nofp\libc_nano.a(libc_a-mallocr.o)
                0x0000000020000398                __malloc_sbrk_start
 *(COMMON)
                0x000000002000039c                . = ALIGN (0x4)
                0x000000002000039c                _ebss = .
                0x000000002000039c                __bss_end__ = _ebss

._user_heap_stack
                0x000000002000039c      0x604 load address 0x000000000802a430
                0x00000000200003a0                . = ALIGN (0x8)
 *fill*         0x000000002000039c        0x4 
                [!provide]                        PROVIDE (end = .)
                0x00000000200003a0                PROVIDE (_end = .)
                0x00000000200005a0                . = (. + _Min_Heap_Size)
 *fill*         0x00000000200003a0      0x200 
                0x00000000200009a0                . = (. + _Min_Stack_Size)
 *fill*         0x00000000200005a0      0x400 
                0x00000000200009a0                . = ALIGN (0x8)

/DISCARD/
 libc.a(*)
 libm.a(*)
 libgcc.a(*)

.ARM.attributes
                0x0000000000000000       0x29
 *(.ARM.attributes)
 .ARM.attributes
                0x0000000000000000       0x1d D:/STM32CubeIDE_1.13.1/STM32CubeIDE/plugins/com.st.stm32cube.ide.mcu.externaltools.gnu-tools-for-stm32.11.3.rel1.win32_1.1.0.202305231506/tools/bin/../lib/gcc/arm-none-eabi/11.3.1/thumb/v7-m/nofp/crti.o
 .ARM.attributes
                0x000000000000001d       0x2d D:/STM32CubeIDE_1.13.1/STM32CubeIDE/plugins/com.st.stm32cube.ide.mcu.externaltools.gnu-tools-for-stm32.11.3.rel1.win32_1.1.0.202305231506/tools/bin/../lib/gcc/arm-none-eabi/11.3.1/thumb/v7-m/nofp/crtbegin.o
 .ARM.attributes
                0x000000000000004a       0x2d ./Core/Src/24cxx.o
 .ARM.attributes
                0x0000000000000077       0x2d ./Core/Src/ctiic.o
 .ARM.attributes
                0x00000000000000a4       0x2d ./Core/Src/delay.o
 .ARM.attributes
                0x00000000000000d1       0x2d ./Core/Src/ft5206.o
 .ARM.attributes
                0x00000000000000fe       0x2d ./Core/Src/gt9147.o
 .ARM.attributes
                0x000000000000012b       0x2d ./Core/Src/key.o
 .ARM.attributes
                0x0000000000000158       0x2d ./Core/Src/lcd.o
 .ARM.attributes
                0x0000000000000185       0x2d ./Core/Src/led.o
 .ARM.attributes
                0x00000000000001b2       0x2d ./Core/Src/main.o
 .ARM.attributes
                0x00000000000001df       0x2d ./Core/Src/myiic.o
 .ARM.attributes
                0x000000000000020c       0x2d ./Core/Src/ott2001a.o
 .ARM.attributes
                0x0000000000000239       0x2d ./Core/Src/stm32f1xx_hal_msp.o
 .ARM.attributes
                0x0000000000000266       0x2d ./Core/Src/stm32f1xx_it.o
 .ARM.attributes
                0x0000000000000293       0x2d ./Core/Src/sys.o
 .ARM.attributes
                0x00000000000002c0       0x2d ./Core/Src/syscalls.o
 .ARM.attributes
                0x00000000000002ed       0x2d ./Core/Src/sysmem.o
 .ARM.attributes
                0x000000000000031a       0x2d ./Core/Src/system_stm32f1xx.o
 .ARM.attributes
                0x0000000000000347       0x2d ./Core/Src/touch.o
 .ARM.attributes
                0x0000000000000374       0x21 ./Core/Startup/startup_stm32f103rctx.o
 .ARM.attributes
                0x0000000000000395       0x2d ./Drivers/STM32F1xx_HAL_Driver/Src/stm32f1xx_hal.o
 .ARM.attributes
                0x00000000000003c2       0x2d ./Drivers/STM32F1xx_HAL_Driver/Src/stm32f1xx_hal_cortex.o
 .ARM.attributes
                0x00000000000003ef       0x2d ./Drivers/STM32F1xx_HAL_Driver/Src/stm32f1xx_hal_gpio.o
 .ARM.attributes
                0x000000000000041c       0x2d ./Drivers/STM32F1xx_HAL_Driver/Src/stm32f1xx_hal_rcc.o
 .ARM.attributes
                0x0000000000000449       0x2d ./Drivers/STM32F1xx_HAL_Driver/Src/stm32f1xx_hal_spi.o
 .ARM.attributes
                0x0000000000000476       0x2d ./Drivers/STM32F1xx_HAL_Driver/Src/stm32f1xx_hal_tim.o
 .ARM.attributes
                0x00000000000004a3       0x2d ./Drivers/STM32F1xx_HAL_Driver/Src/stm32f1xx_hal_tim_ex.o
 .ARM.attributes
                0x00000000000004d0       0x2d ./Drivers/STM32F1xx_HAL_Driver/Src/stm32f1xx_hal_uart.o
 .ARM.attributes
                0x00000000000004fd       0x2d D:/STM32CubeIDE_1.13.1/STM32CubeIDE/plugins/com.st.stm32cube.ide.mcu.externaltools.gnu-tools-for-stm32.11.3.rel1.win32_1.1.0.202305231506/tools/bin/../lib/gcc/arm-none-eabi/11.3.1/../../../../arm-none-eabi/lib/thumb/v7-m/nofp\libc_nano.a(libc_a-rand.o)
 .ARM.attributes
                0x000000000000052a       0x2d D:/STM32CubeIDE_1.13.1/STM32CubeIDE/plugins/com.st.stm32cube.ide.mcu.externaltools.gnu-tools-for-stm32.11.3.rel1.win32_1.1.0.202305231506/tools/bin/../lib/gcc/arm-none-eabi/11.3.1/../../../../arm-none-eabi/lib/thumb/v7-m/nofp\libc_nano.a(libc_a-findfp.o)
 .ARM.attributes
                0x0000000000000557       0x2d D:/STM32CubeIDE_1.13.1/STM32CubeIDE/plugins/com.st.stm32cube.ide.mcu.externaltools.gnu-tools-for-stm32.11.3.rel1.win32_1.1.0.202305231506/tools/bin/../lib/gcc/arm-none-eabi/11.3.1/../../../../arm-none-eabi/lib/thumb/v7-m/nofp\libc_nano.a(libc_a-fwalk.o)
 .ARM.attributes
                0x0000000000000584       0x2d D:/STM32CubeIDE_1.13.1/STM32CubeIDE/plugins/com.st.stm32cube.ide.mcu.externaltools.gnu-tools-for-stm32.11.3.rel1.win32_1.1.0.202305231506/tools/bin/../lib/gcc/arm-none-eabi/11.3.1/../../../../arm-none-eabi/lib/thumb/v7-m/nofp\libc_nano.a(libc_a-printf.o)
 .ARM.attributes
                0x00000000000005b1       0x2d D:/STM32CubeIDE_1.13.1/STM32CubeIDE/plugins/com.st.stm32cube.ide.mcu.externaltools.gnu-tools-for-stm32.11.3.rel1.win32_1.1.0.202305231506/tools/bin/../lib/gcc/arm-none-eabi/11.3.1/../../../../arm-none-eabi/lib/thumb/v7-m/nofp\libc_nano.a(libc_a-stdio.o)
 .ARM.attributes
                0x00000000000005de       0x2d D:/STM32CubeIDE_1.13.1/STM32CubeIDE/plugins/com.st.stm32cube.ide.mcu.externaltools.gnu-tools-for-stm32.11.3.rel1.win32_1.1.0.202305231506/tools/bin/../lib/gcc/arm-none-eabi/11.3.1/../../../../arm-none-eabi/lib/thumb/v7-m/nofp\libc_nano.a(libc_a-memset.o)
 .ARM.attributes
                0x000000000000060b       0x2d D:/STM32CubeIDE_1.13.1/STM32CubeIDE/plugins/com.st.stm32cube.ide.mcu.externaltools.gnu-tools-for-stm32.11.3.rel1.win32_1.1.0.202305231506/tools/bin/../lib/gcc/arm-none-eabi/11.3.1/../../../../arm-none-eabi/lib/thumb/v7-m/nofp\libc_nano.a(libc_a-closer.o)
 .ARM.attributes
                0x0000000000000638       0x2d D:/STM32CubeIDE_1.13.1/STM32CubeIDE/plugins/com.st.stm32cube.ide.mcu.externaltools.gnu-tools-for-stm32.11.3.rel1.win32_1.1.0.202305231506/tools/bin/../lib/gcc/arm-none-eabi/11.3.1/../../../../arm-none-eabi/lib/thumb/v7-m/nofp\libc_nano.a(libc_a-reent.o)
 .ARM.attributes
                0x0000000000000665       0x2d D:/STM32CubeIDE_1.13.1/STM32CubeIDE/plugins/com.st.stm32cube.ide.mcu.externaltools.gnu-tools-for-stm32.11.3.rel1.win32_1.1.0.202305231506/tools/bin/../lib/gcc/arm-none-eabi/11.3.1/../../../../arm-none-eabi/lib/thumb/v7-m/nofp\libc_nano.a(libc_a-impure.o)
 .ARM.attributes