../Core/Src/lcd.c:26:6:LCD_ShowPicture	32	static
../Core/Src/lcd.c:52:6:LCD_WR_REG	16	static
../Core/Src/lcd.c:65:6:LCD_WR_DATAX	16	static
../Core/Src/lcd.c:77:6:opt_delay	16	static
../Core/Src/lcd.c:84:5:LCD_RD_DATA	16	static
../Core/Src/lcd.c:110:6:LCD_WriteReg	16	static
../Core/Src/lcd.c:119:5:LCD_ReadReg	16	static
../Core/Src/lcd.c:126:6:LCD_WriteRAM_Prepare	8	static
../Core/Src/lcd.c:132:6:LCD_WriteRAM	16	static
../Core/Src/lcd.c:141:5:LCD_BGR2RGB	24	static
../Core/Src/lcd.c:154:5:LCD_ReadPoint	24	static
../Core/Src/lcd.c:188:6:LCD_DisplayOn	8	static
../Core/Src/lcd.c:201:6:LCD_DisplayOff	8	static
../Core/Src/lcd.c:216:6:LCD_SetCursor	16	static
../Core/Src/lcd.c:272:6:LCD_Scan_Dir	24	static
../Core/Src/lcd.c:422:6:LCD_DrawPoint	16	static
../Core/Src/lcd.c:432:6:LCD_Fast_DrawPoint	16	static
../Core/Src/lcd.c:481:6:LCD_SSD_BackLightSet	24	static
../Core/Src/lcd.c:494:6:LCD_Display_Dir	16	static
../Core/Src/lcd.c:574:6:LCD_Set_Window	32	static
../Core/Src/lcd.c:632:6:LCD_Init	40	static
../Core/Src/lcd.c:2079:6:LCD_Clear	24	static
../Core/Src/lcd.c:2098:6:LCD_Fill	32	static
../Core/Src/lcd.c:2120:6:LCD_Color_Fill	32	static
../Core/Src/lcd.c:2142:6:LCD_DrawLine	64	static
../Core/Src/lcd.c:2193:6:LCD_DrawRectangle	24	static
../Core/Src/lcd.c:2204:6:LCD_Draw_Circle	32	static
../Core/Src/lcd.c:2239:6:LCD_ShowChar	32	static
../Core/Src/lcd.c:2278:5:LCD_Pow	24	static
../Core/Src/lcd.c:2291:6:LCD_ShowNum	48	static
../Core/Src/lcd.c:2324:6:LCD_ShowxNum	48	static
../Core/Src/lcd.c:2355:6:LCD_ShowString	40	static
../Core/Src/lcd.c:2377:6:LCD_ShowImage	32	static
../Core/Src/lcd.c:2405:6:LCD_ShowImage2	32	static
../Core/Src/lcd.c:2433:6:LCD_ShowEndImage	40	static
../Core/Src/lcd.c:2463:6:LCD_ShowInputWrongImage	40	static
