../Core/Src/main.c:92:6:Time1	16	static
../Core/Src/main.c:129:6:initialization	16	static
../Core/Src/main.c:144:6:Load_Drow_Dialog	16	static
../Core/Src/main.c:163:6:gui_draw_hline	32	static
../Core/Src/main.c:172:6:gui_fill_circle	40	static
../Core/Src/main.c:198:5:my_abs	16	static
../Core/Src/main.c:208:6:screen_print	16	static
../Core/Src/main.c:220:6:screen_norm_print	16	static
../Core/Src/main.c:231:6:change_state	8	static
../Core/Src/main.c:241:6:lcd_draw_bline	56	static
../Core/Src/main.c:280:6:rtp_test	16	static
../Core/Src/main.c:340:6:ctp_test	32	static
../Core/Src/main.c:414:5:main	8	static
../Core/Src/main.c:475:6:SystemClock_Config	96	static
../Core/Src/main.c:523:13:MX_RTC_Init	16	static
../Core/Src/main.c:581:13:MX_SPI1_Init	8	static
../Core/Src/main.c:619:13:MX_TIM3_Init	32	static
../Core/Src/main.c:664:13:MX_USART1_UART_Init	8	static
../Core/Src/main.c:697:13:MX_GPIO_Init	24	static
../Core/Src/main.c:719:6:Error_Handler	4	static,ignoring_inline_asm
